00001000 T _standby_start
00001000 T standby_clock_store
00001068 T standby_clock_restore
000010c0 T standby_clock_to_source
000010f8 T standby_clock_plldisable
00001164 T standby_clock_divsetto0
00001180 T standby_clock_divsetback
000011ac T standby_clock_drampll_ouput
000011cc T standby_tmr_enable_watchdog
000011ec T standby_tmr_disable_watchdog
00001210 T standby_clock_apb1_to_source
00001230 T standby_clock_24m_op
000012f8 T standby_delay
00001324 T DRAMC_enter_selfrefresh
00001398 T DRAMC_hostport_on_off
000013c0 T dram_power_save_process
0000140c T dram_power_up_process
00001410 T standby_int_init
00001424 T standby_int_exit
00001438 T boot_power_set_dcdc2
000015cc T boot_power_get_key
00001634 T boot_power_get_dcin_battery_exist
000016b0 T boot_power_battery_charge_status
00001718 T boot_power_int_enable
000017d0 T boot_power_int_disable
00001830 T boot_power_int_query
000018ac T standby_axp_probe_usb
00001920 T mctl_ddr3_reset
00001950 T mctl_set_drive
00001970 T mctl_itm_disable
0000198c T mctl_itm_enable
000019a4 T mctl_enable_dll0
00001a0c T mctl_enable_dllx
00001ae4 T mctl_disable_dll
00001b40 T mctl_configure_hostport
00001bd0 T mctl_setup_dram_clock
00001c6c T DRAMC_scan_readpipe
00001cac T DRAMC_clock_output_en
00001ccc T DRAMC_set_autorefresh_cycle
00001cfc T DRAMC_get_dram_size
00001d70 T DRAMC_init
000020a0 T init_DRAM
000020d0 T dram_exit
000020d8 T dram_get_size
000020dc T dram_set_clock
000020e0 T dram_set_drive
000020e4 T dram_set_autorefresh_cycle
000020e8 T dram_scan_readpipe
000020ec T boot_set_charge_current
00002174 T boot_get_charge_current
000021b4 T boot_config_charge_current
0000228c t boot_mod_exit_standby
000022b4 T standby_get_dram_para
000022cc T boot_standby_mode
000025ac T standby_serial_putc
000025cc t standby_i2c_sendstart
0000263c t standby_i2c_sendslaveaddr
000026c0 t standby_i2c_sendbyteaddr
00002724 t standby_i2c_stop
0000279c T standby_i2c_read
000029a0 T standby_i2c_write
00002a88 T boot_store_sp
00002a98 T boot_restore_sp
00002aa8 T boot_set_sp
00002ab0 T boot_halt
00002ab8 t __script_parser_fetch_veneer
00002ac4 t __memcpy_veneer
00002ad0 t __gpio_read_one_pin_value_veneer
00002adc t __gpio_request_veneer
00002b78 t pll1_value
00002b7c t pll2_value
00002b80 t pll3_value
00002b84 t pll4_value
00002b88 t pll5_value
00002b8c t pll6_value
00002b90 t pll7_value
00002b94 t pll8_value
00002b98 t clock_div
00002b9c t power_int_value
00002ba4 T PMU_type
00002ba8 T trans_dcdc2_user_set
00002bac t standby_dram_para
00002bfc t status
00002c00 t standby_flag
00002c04 T _standby_end
4a000000 D uboot_spare_head
4a000500 T __int_vector_start
4a000500 T _start
4a000520 t _undefined_instruction
4a000524 t _software_interrupt
4a000528 t _prefetch_abort
4a00052c t _data_abort
4a000530 t _not_used
4a000534 t _irq
4a000538 t _fiq
4a00053c t _pad
4a000540 T _TEXT_BASE
4a000540 T _end_vect
4a000544 T _bss_start_ofs
4a000548 T _image_copy_end_ofs
4a00054c T _bss_end_ofs
4a000550 T _end_ofs
4a000554 T __int_vector_start__
4a000558 T __int_vector_end__
4a00055c T _standby_start__
4a000560 T _standby_end__
4a000564 T _standby_start_lma__
4a000568 T IRQ_STACK_START
4a00056c T FIQ_STACK_START
4a000570 T IRQ_STACK_START_IN
4a000574 t reset
4a000578 t here
4a000598 t call_board_init_f
4a0005a8 T relocate_code
4a0005b4 t stack_setup
4a000608 t copy_loop
4a000638 t fixloop
4a00065c t fixabs
4a000670 t fixrel
4a000678 t fixnext
4a00068c t _rel_dyn_start_ofs
4a000690 t _rel_dyn_end_ofs
4a000694 t _dynsym_start_ofs
4a000698 t clear_bss
4a0006b0 t clbss_l
4a0006d8 t copy_int_loop
4a0006e8 t boot_standby_relocate
4a000704 t copy_standby_loop
4a000714 t jump_2_ram
4a00073c t _board_init_r_ofs
4a000740 t cpu_init_crit
4a000780 t undefined_instruction
4a0007e0 t software_interrupt
4a000840 t prefetch_abort
4a0008a0 t data_abort
4a000900 t not_used
4a000960 t irq
4a0009a0 t fiq
4a000a00 T __int_vector_end
4a000a00 t v7_maint_dcache_all
4a000ae8 t v7_dcache_maint_range
4a000bb0 T invalidate_dcache_all
4a000bc4 T flush_dcache_all
4a000bd8 T flush_icache_all
4a000be4 T invalidate_dcache_range
4a000c08 T flush_dcache_range
4a000c2c T arm_init_before_mmu
4a000c54 T flush_cache
4a000c5c T invalidate_icache_all
4a000c74 T __v7_outer_cache_enable
4a000c78 T __v7_outer_cache_disable
4a000c78 W v7_outer_cache_disable
4a000c7c T __v7_outer_cache_flush_all
4a000c7c W v7_outer_cache_flush_all
4a000c80 T __v7_outer_cache_inval_all
4a000c84 T __v7_outer_cache_flush_range
4a000c88 T __v7_outer_cache_inval_range
4a000c88 W v7_outer_cache_inval_range
4a000c8c T save_boot_params_default
4a000c8c W save_boot_params
4a000c90 T cleanup_before_linux
4a000cb0 T __cpu0_set_detected_paras
4a000cb0 W cpu0_set_detected_paras
4a000cb4 T arch_cpu_init
4a000cc8 T sdelay
4a000cd4 T sr32
4a000cf8 T wait_on_value
4a000d2c t default_isr
4a000d44 T irq_enable
4a000dbc T irq_disable
4a000e34 T irq_install_handler
4a000e7c T irq_free_handler
4a000eb4 T do_irq
4a000fa0 T arch_interrupt_init
4a001110 T arch_interrupt_exit
4a001118 T sunxi_clock_get_corepll
4a001164 T sunxi_clock_get_axi
4a0011b4 T sunxi_clock_get_ahb
4a0011d4 T sunxi_clock_get_apb1
4a0011fc T sunxi_clock_get_apb2
4a001218 T sunxi_clock_set_corepll
4a0013b8 T sunxi_clock_set_pll6
4a0013d4 T sunxi_clock_set_mbus
4a001448 T sunxi_clock_get_pll6
4a001478 t timerX_callback_default
4a001488 T timer1_func
4a0014e8 T timer0_func
4a001548 T timer_init
4a001580 T timer_exit
4a0015c8 T watchdog_disable
4a0015dc T watchdog_enable
4a0015f8 T get_timer
4a001614 T runtime_tick
4a001624 T get_timer_masked
4a001634 T __usdelay
4a00165c T __msdelay
4a00167c T get_ticks
4a001698 T get_tbclk
4a0016a0 T init_timer
4a0016a4 T add_timer
4a0017c0 T del_timer
4a00183c T stick_printf
4a001860 T tick0_printf
4a0018b4 T print_boot_type
4a001930 T get_base
4a00193c T s_init
4a001940 T reset_cpu
4a00194c T v7_outer_cache_enable
4a001950 T v7_outer_cache_inval_all
4a001954 T v7_outer_cache_flush_range
4a001958 T enable_caches
4a001968 T disable_caches
4a001978 T display_inner
4a001998 T script_init
4a0019d4 T power_source_init
4a001ab0 T sunxi_key_init
4a001ae0 T sunxi_key_exit
4a001b00 T sunxi_key_read
4a001b58 T do_key_test
4a001ba0 T USBC_GetVbusStatus
4a001bd0 T USBC_OTG_SelectMode
4a001bd4 T USBC_ReadLenFromFifo
4a001c00 T USBC_WritePacket
4a001c6c T USBC_ReadPacket
4a001cd8 T USBC_ConfigFIFO_Base
4a001d14 T USBC_GetPortFifoStartAddr
4a001d44 T USBC_GetPortFifoSize
4a001d68 T USBC_SelectFIFO
4a001d78 T __USBC_ConfigFifo_TxEp
4a001dc8 T __USBC_ConfigFifo_RxEp_Default
4a001dd8 T __USBC_ConfigFifo_RxEp
4a001e28 T USBC_ConfigFifo_Default
4a001e60 T USBC_ConfigFifo
4a001e9c T USBC_GetLastFrameNumber
4a001eac T USBC_GetStatus_Dp
4a001ec0 T USBC_GetStatus_Dm
4a001ed4 T USBC_GetStatus_DpDm
4a001ef4 T USBC_GetOtgMode_Form_ID
4a001f0c T USBC_GetOtgMode_Form_BDevice
4a001f24 T USBC_SelectBus
4a001f68 T USBC_INT_EpPending
4a001fa4 T USBC_INT_ClearEpPending
4a001ff8 T USBC_INT_ClearEpPendingAll
4a002030 T USBC_INT_MiscPending
4a002040 T USBC_INT_ClearMiscPending
4a002054 T USBC_INT_ClearMiscPendingAll
4a002068 T USBC_INT_EnableEp
4a0020bc T USBC_INT_EnableUsbMiscUint
4a0020d8 T USBC_INT_DisableEp
4a002124 T USBC_INT_DisableUsbMiscUint
4a00213c T USBC_INT_DisableEpAll
4a00216c T USBC_INT_DisableUsbMiscAll
4a002180 T USBC_GetActiveEp
4a002190 T USBC_SelectActiveEp
4a0021a0 T USBC_EnhanceSignal
4a0021a4 T USBC_EnterMode_TestPacket
4a0021bc T USBC_EnterMode_Test_K
4a0021d4 T USBC_EnterMode_Test_J
4a0021ec T USBC_EnterMode_Test_SE0_NAK
4a002204 T USBC_EnterMode_Idle
4a002250 T USBC_SetWakeUp_Default
4a002254 T USBC_EnableIdPullUp
4a00226c T USBC_DisableIdPullUp
4a002284 T USBC_EnableDpDmPullUp
4a00229c T USBC_DisableDpDmPullUp
4a0022b4 T USBC_ForceId
4a0022ec T USBC_ForceVbusValid
4a002334 T USBC_A_valid_InputSelect
4a002338 T USBC_EnableUsbLineStateBypass
4a00233c T USBC_DisableUsbLineStateBypass
4a002340 T USBC_EnableHosc
4a002358 T USBC_DisableHosc
4a00236c T USBC_IsVbusChange
4a002388 T USBC_IsIdChange
4a0023a4 T USBC_IsDpDmChange
4a0023c0 T USBC_DisableWakeIrq
4a0023d4 T USBC_DisableVbusChange
4a0023e8 T USBC_DisableIdChange
4a0023fc T USBC_DisableDpDmChange
4a002410 T USBC_EnableWakeIrq
4a002428 T USBC_EnableVbusChange
4a002440 T USBC_EnableIdChange
4a002458 T USBC_EnableDpDmChange
4a002470 T USBC_TestMode_ReadReg
4a0024ac T USBC_PrintAllReg
4a002808 T USBC_open_otg
4a00284c T USBC_close_otg
4a002874 T USBC_init
4a00287c T USBC_exit
4a0028c4 T USBC_Dev_SetAddress_default
4a0028d8 T USBC_Dev_SetAddress
4a0028e8 T USBC_Dev_QueryTransferMode
4a002908 T USBC_Dev_ConfigTransferMode
4a002978 T USBC_Dev_ConectSwitch
4a00299c T USBC_Dev_QueryPowerStatus
4a0029b0 T USBC_Dev_ConfigEp
4a002abc T USBC_Dev_ConfigEp_Default
4a002b24 T USBC_Dev_ConfigEpDma
4a002b7c T USBC_Dev_ClearEpDma
4a002bdc T USBC_Dev_IsEpStall
4a002c24 T USBC_Dev_EpSendStall
4a002c8c T USBC_Dev_EpClearStall
4a002d24 T USBC_Dev_Ctrl_IsSetupEnd
4a002d38 T USBC_Dev_Ctrl_ClearSetupEnd
4a002d50 T USBC_Dev_WriteDataStatus
4a002ddc T USBC_Dev_ReadDataStatus
4a002e5c T USBC_Dev_IsReadDataReady
4a002e9c T USBC_Dev_IsWriteDataReady
4a002ed8 T USBC_Host_SetFunctionAddress_Deafult
4a002f34 T USBC_Host_SetFunctionAddress
4a002fbc T USBC_Host_SetHubAddress_Deafult
4a002fec T USBC_Host_SetHubAddress
4a003034 T USBC_Host_SetHPortAddress_Deafult
4a003064 T USBC_Host_SetHPortAddress
4a00308c T USBC_Host_QueryTransferMode
4a0030ac T USBC_Host_ConfigTransferMode
4a0030e0 T USBC_Host_ResetPort
4a0030f8 T USBC_Host_ClearResetPortFlag
4a003110 T USBC_Host_RusumePort
4a003128 T USBC_Host_ClearRusumePortFlag
4a003140 T USBC_Host_SuspendPort
4a003158 T USBC_Host_QueryPowerStatus
4a003168 T USBC_Host_StartSession
4a003180 T USBC_Host_EndSession
4a003198 T USBC_Host_PeripheralType
4a0031b8 T USBC_Host_FlushFifo
4a003200 T USBC_Host_ConfigEp_Default
4a003284 T USBC_Host_ConfigEp
4a0033e0 T USBC_Host_ConfigEpDma
4a003424 T USBC_Host_ClearEpDma
4a003474 T USBC_Host_IsEpNakTimeOut
4a0034b8 T USBC_Host_ClearEpNakTimeOut
4a003508 T USBC_Host_IsEpError
4a00355c T USBC_Host_ClearEpError
4a0035bc T USBC_Host_IsEpStall
4a003608 T USBC_Host_ClearEpStall
4a003668 T USBC_Host_ClearEpCSR
4a0036a4 T USBC_Host_IsReadDataReady
4a0036e4 T USBC_Host_IsWriteDataReady
4a00372c T USBC_Host_ReadDataStatus
4a0037c8 T USBC_Host_WriteDataStatus
4a00384c T USBC_Host_IsReqPktSet
4a00388c T USBC_Host_StartInToken
4a0038d0 T USBC_Host_StopInToken
4a00391c T USBC_Host_ConfigRqPktCount
4a003930 T USBC_Host_ClearRqPktCount
4a003944 T USBC_Host_EnablePing
4a003960 T USBC_Host_DisablePing
4a003978 T USBC_Host_SendCtrlStatus
4a00399c T USBC_Host_SendSetupPkt
4a0039b4 t usb_phy0_write.constprop.0
4a003a54 T USBC_PHY_SetCommonConfig
4a003a58 T USBC_PHY_SetPrivateConfig
4a003a5c T USBC_PHY_GetCommonConfig
4a003a64 T USBC_phy_Standby
4a003ab8 T USBC_Phy_Standby_Recover
4a003aec T usb_open_clock
4a003b2c T usb_close_clock
4a003b6c T usb_probe_vbus_type
4a003bd0 t _TEXT_BASE
4a003bd4 T lowlevel_init
4a003bf0 t SRAM_STACK
4a003c20 T memset
4a003ce0 T memcpy
4a00408c t display_banner
4a0040ac t init_func_pmubus
4a0040e0 t init_baudrate
4a004130 T __coloured_LED_init
4a004130 W coloured_LED_init
4a004134 T __red_LED_on
4a004134 W red_LED_on
4a004138 T __red_LED_off
4a004138 W red_LED_off
4a00413c T __green_LED_on
4a00413c W green_LED_on
4a004140 T __green_LED_off
4a004140 W green_LED_off
4a004144 T __yellow_LED_on
4a004144 W yellow_LED_on
4a004148 T __yellow_LED_off
4a004148 W yellow_LED_off
4a00414c T __blue_LED_on
4a00414c W blue_LED_on
4a004150 T __blue_LED_off
4a004150 W blue_LED_off
4a004154 T __dram_init_banksize
4a004170 T board_init_f
4a0042b4 T board_init_r
4a004414 T hang
4a004428 t setup_start_tag
4a004460 t setup_memory_tags
4a004498 t announce_and_cleanup
4a0044c8 t setup_initrd_tag.isra.0
4a004500 t setup_commandline_tag.isra.2
4a004574 T arch_lmb_reserve
4a004598 T do_bootm_linux
4a004678 T do_boota_linux
4a0048d0 T __flush_cache
4a0048d4 T __flush_dcache_all
4a0048e0 T __enable_caches
4a0048ec t cp_delay
4a00491c t cache_disable
4a00495c t cache_enable
4a004a74 T __arm_init_before_mmu
4a004a78 T icache_enable
4a004a80 T icache_disable
4a004a88 T icache_status
4a004a94 T dcache_enable
4a004a9c T dcache_disable
4a004aa4 T dcache_status
4a004ab0 T interrupt_init
4a004af0 T interrupt_exit
4a004af4 T enable_interrupts
4a004b04 T disable_interrupts
4a004b20 T bad_mode
4a004b30 T show_regs
4a004c70 T do_undefined_instruction
4a004c90 T do_software_interrupt
4a004cb0 T do_prefetch_abort
4a004cd0 T do_data_abort
4a004cf0 T do_not_used
4a004d10 T do_fiq
4a004d30 T do_reset
4a004d58 W do_go_exec
4a004d70 T do_go
4a004de0 T do_boota
4a004ec0 t __fswab32
4a004ec8 T do_bootd
4a004eec t do_bootm_rtems
4a004f28 t do_bootm_qnxelf
4a004f8c t do_bootm_vxworks
4a004fec t do_bootm_netbsd
4a00512c t image_get_size
4a005134 t bootm_load_os.isra.12
4a005290 t bootm_start.isra.10
4a005614 T __arch_preboot_os
4a005614 W arch_preboot_os
4a005618 T do_bootm_subcommand
4a00585c T do_bootm
4a005af0 T bootm_maybe_autostart
4a005b64 T do_burn_test
4a005c6c t load_elf_image_shdr
4a005cfc W do_bootelf_exec
4a005d40 T valid_elf_image
4a005d8c T do_bootvx
4a005fd8 T do_bootelf
4a00614c T do_exit
4a00617c T do_fat_fsinfo
4a006254 T do_fat_ls
4a00635c T do_fat_fsdown
4a0064cc T do_fat_fsload
4a006638 T do_efex
4a006654 T do_help
4a006698 T do_memcpy_test
4a0066cc T do_mass_test
4a006708 T do_fastboot_test
4a006744 T do_sprite_test
4a006828 t timer1_test_func
4a006858 t timer0_test_func
4a006888 T do_timer_test1
4a006908 T do_timer_test
4a006988 T do_mem_base
4a0069c8 T do_mem_mtest
4a006b68 T do_mem_loop
4a006c5c T do_mem_md
4a006d30 T do_mem_crc
4a006dd8 T do_mem_cp
4a006eb8 T do_mem_cmp
4a007044 T do_mem_mw
4a007100 t mod_mem.part.4
4a00723c T do_mem_nm
4a007254 T do_mem_mm
4a00726c T do_mmcops
4a00765c T do_mmcinfo
4a0077c4 t do_env
4a007824 t do_env_delete
4a00783c t do_env_import
4a007a88 t do_env_default
4a007ad0 T do_env_save
4a007afc t env_print
4a007b94 T do_env_print
4a007c18 T get_env_id
4a007c28 T _do_env_set
4a007fc0 T do_env_set
4a007fdc T setenv
4a008028 t do_env_export
4a00823c T envmatch
4a0082a0 T getenv_f
4a00835c T getenv
4a0083c8 t do_recovery
4a0084a8 T do_shutdown
4a0084ac T do_standby
4a00851c t do_sunxi_bmp_info
4a00867c T sunxi_bmp_decode
4a008828 t do_sunxi_bmp_display
4a0089d4 T sunxi_bmp_display
4a008acc T do_sunxi_logo
4a008ad8 T do_sunxi_flash
4a008e2c T probe_high_level_power_mod
4a008e68 T rsa_init
4a008ee8 T rsa_dump
4a008f6c T rsa_encrypt
4a008fac T rsa_decrypt
4a008ff0 T prepareCryptTable
4a008ff4 T HashString
4a009018 t __signature_add_for_boot_format
4a0090f8 t __signature_add_for_ext4_format
4a0091f4 t __signature_verify_for_boot_format
4a00930c t __signature_verify_for_ext4_format
4a009440 T HashString_init
4a009454 T signature_erase_all
4a009580 T do_sunxi_boot_signature
4a009764 T sunxi_resignature
4a00984c T sunxi_oem_op_lock
4a009af8 T save_user_private_data
4a009d2c T do_save_user_data
4a009d60 T check_user_data
4a009f0c T update_user_data
4a00a058 T do_false
4a00a060 T do_true
4a00a068 T do_test
4a00a4d4 T do_version
4a00a50c T find_cmd_tbl
4a00a5a8 T find_cmd
4a00a5d0 T cmd_usage
4a00a62c T _do_help
4a00a7b0 T var_complete
4a00a838 T cmd_auto_complete
4a00acb4 T cmd_get_data_size
4a00ad04 t console_setfile
4a00ada8 T serial_printf
4a00ade8 T fgetc
4a00ae14 T ftstc
4a00ae40 T fputc
4a00ae68 T fputs
4a00ae90 T fprintf
4a00aed8 T getc
4a00aef0 T tstc
4a00af08 T putc
4a00af24 T puts
4a00af40 T printf
4a00af80 T tick_printf
4a00aff0 T vprintf
4a00b024 T ctrlc
4a00b070 T disable_ctrlc
4a00b088 T had_ctrlc
4a00b098 T clear_ctrlc
4a00b0ac T dbg
4a00b0b8 T search_device
4a00b0e0 T console_assign
4a00b120 T console_init_f
4a00b130 T stdio_print_current_devices
4a00b1e4 T console_init_r
4a00b2c4 T sbrk
4a00b320 T mem_malloc_init
4a00b344 T malloc_trim
4a00b414 T free
4a00b634 T cfree
4a00b638 T malloc
4a00bc04 T calloc
4a00bcd8 T memalign
4a00bde0 T pvalloc
4a00bdf8 T valloc
4a00be04 T realloc
4a00c20c T malloc_usable_size
4a00c248 T mallopt
4a00c2bc T env_get_addr
4a00c2e0 T env_get_char_memory
4a00c2f0 T env_get_char
4a00c324 T set_default_env
4a00c3c4 T env_import
4a00c494 T env_relocate
4a00c4c4 T env_complete
4a00c5a8 t flash_env_relocate_spec
4a00c688 t flash_saveenv
4a00c774 T env_get_char_spec
4a00c780 T env_init
4a00c79c T saveenv
4a00c7c0 T env_relocate_spec
4a00c7d0 t dummy
4a00c7d4 T get_version
4a00c7dc T jumptable_init
4a00c96c t b_reset
4a00c988 t static_get
4a00c9a4 t static_peek
4a00c9b0 t file_peek
4a00c9bc t syntax_err
4a00c9c8 T do_showvar
4a00cab8 t free_pipe_list
4a00cb98 t b_addchr
4a00cc10 t b_addqchr
4a00cc5c t is_assignment.part.0
4a00cc8c t xmalloc
4a00ccac t file_get
4a00ce64 t xrealloc
4a00ce84 t done_command
4a00cf0c T simple_itoa
4a00cf50 T get_local_var
4a00cfe0 t insert_var_value
4a00d114 T set_local_var
4a00d2d0 T unset_local_var
4a00d370 T new_pipe
4a00d398 t done_pipe
4a00d3e0 T reserved_word
4a00d538 t done_word
4a00d6a4 T mapset
4a00d6c8 T update_ifs_map
4a00d738 T parse_string_outer
4a00d828 t run_list_real
4a00e044 t parse_stream_outer
4a00e624 T parse_file_outer
4a00e668 T u_boot_hush_start
4a00e6bc t __fswab32
4a00e6c4 t image_check_magic
4a00e6e8 t image_get_data_size
4a00e6f0 T image_check_hcrc
4a00e740 T image_check_dcrc
4a00e77c T image_multi_count
4a00e7a0 T image_multi_getimg
4a00e824 T getenv_yesno
4a00e84c T getenv_bootm_low
4a00e87c T getenv_bootm_size
4a00e8d8 T getenv_bootm_mapsize
4a00e908 T memmove_wd
4a00e914 T genimg_print_size
4a00e944 T get_table_entry_name
4a00e970 T genimg_get_os_name
4a00e988 T genimg_get_arch_name
4a00e9a0 T genimg_get_type_name
4a00e9b8 T genimg_get_comp_name
4a00e9d0 T image_print_contents
4a00eb48 T get_table_entry_id
4a00eb94 T genimg_get_os_id
4a00ebac T genimg_get_arch_id
4a00ebc4 T genimg_get_type_id
4a00ebdc T genimg_get_comp_id
4a00ebf4 T genimg_get_format
4a00ec08 T genimg_get_image
4a00ec0c T genimg_has_config
4a00ec14 T boot_get_ramdisk
4a00ee44 T boot_ramdisk_high
4a00ef64 T boot_get_cmdline
4a00efe4 t delete_char.part.0
4a00f0b8 t cread_add_char
4a00f1a4 T __show_boot_progress
4a00f1a4 W show_boot_progress
4a00f1a8 T main_loop
4a00f2a4 T readline_into_buffer
4a00fbcc T readline
4a00fbe8 T parse_line
4a00fc74 T run_command
4a010020 T do_run
4a010094 T get_ram_size
4a01019c t hex1_bin
4a0101d4 t hex2_bin
4a010208 T srec_decode
4a010468 T stdio_get_list
4a010474 T stdio_get_by_name
4a0104c8 T stdio_clone
4a010510 T stdio_register
4a010554 T stdio_init
4a0105dc T mem_noncache_malloc_init
4a010608 T malloc_noncache
4a010684 T free_noncache
4a0106c4 T CYGACC_COMM_IF_GETC_TIMEOUT
4a010710 t xyzModem_flush
4a010738 t xyzModem_get_hdr
4a0109a8 T CYGACC_COMM_IF_PUTC
4a0109b0 T parse_num
4a010acc T xyzModem_stream_open
4a010c18 T xyzModem_stream_read
4a010e68 T xyzModem_stream_close
4a010eb8 T xyzModem_stream_terminate
4a010f4c T xyzModem_error
4a010f6c T get_dev
4a010fcc T dev_print
4a0111c0 T init_part
4a0111dc T get_partition_info
4a011204 T print_part
4a0112ec t le32_to_int
4a011310 t is_extended
4a011334 t get_partition_info_extended
4a01156c t print_partition_extended
4a011770 T test_part_dos
4a0117d8 T print_part_dos
4a011804 T get_partition_info_dos
4a011820 t sunxi_dma_int_func
4a011878 T sunxi_dma_init
4a0118e4 T sunxi_dma_exit
4a011900 T sunxi_dma_request
4a011994 T sunxi_dma_setting
4a011ab0 T sunxi_dma_start
4a011ad4 T sunxi_dma_stop
4a011aec T sunxi_dma_restart
4a011b04 T sunxi_dma_querystatus
4a011b14 T sunxi_dma_install_int
4a011b78 T sunxi_dma_enable_int
4a011bdc T sunxi_dma_disable_int
4a011c4c T sunxi_dma_free_int
4a011cb0 T sunxi_dma_release
4a011ce4 T sunxi_dma_querychannalno
4a011cec t i2c_sendstart
4a011d5c t i2c_sendslaveaddr
4a011de0 t i2c_sendbyteaddr
4a011e44 t i2c_stop
4a011ebc T i2c_init
4a011fe8 T i2c_exit
4a012000 T i2c_read
4a012204 T i2c_write
4a0122ec t __fswab32
4a0122f4 T __board_mmc_getcd
4a0122f4 W board_mmc_getcd
4a0122fc T mmc_send_cmd
4a01230c T mmc_send_status
4a0123e0 T mmc_set_blocklen
4a012418 T find_mmc_device
4a01245c t mmc_bwrite
4a01262c t mmc_berase
4a0126cc T mmc_read_blocks
4a0127bc t mmc_bread
4a012894 t mmc_bread_mass_pro
4a012898 T mmc_go_idle
4a0128fc T sd_send_op_cond
4a012a78 T mmc_send_op_cond
4a012bf8 T mmc_send_ext_csd
4a012c64 T mmc_switch
4a012cd0 T mmc_change_freq
4a012dbc T mmc_switch_boot_bus_cond
4a012ea8 T mmc_switch_boot_part
4a012f84 t mmc_bwrite_mass_pro
4a013008 T mmc_switch_part
4a0130f4 T sd_switch
4a013164 T sd_change_freq
4a013368 T mmc_set_ios
4a013378 T mmc_set_clock
4a0133a4 T mmc_set_bus_width
4a0133b8 T mmc_startup
4a013b68 T mmc_send_if_cond
4a013bf8 T mmc_register
4a013c84 T mmc_get_dev
4a013c98 T mmc_init
4a013d94 W cpu_mmc_init
4a013d94 t __def_mmc_init
4a013d9c T print_mmc_devices
4a013e00 T get_mmc_num
4a013e04 T mmc_initialize
4a013e30 t mmc_core_init
4a013e48 t mmc_update_clk
4a013eb8 t mmc_set_ios
4a014040 t mmc_send_cmd
4a014638 T sunxi_mmc_init
4a01481c T axp_probe
4a01486c T axp_reinit
4a0148a4 T axp_get_power_vol_level
4a0148ac T axp_probe_startup_cause
4a01498c T axp_set_hardware_poweron_vol
4a0149e8 T axp_set_hardware_poweroff_vol
4a014a44 T axp_set_power_off
4a014a60 T axp_probe_factory_mode
4a014b0c T axp_set_next_poweron_status
4a014b28 T axp_probe_pre_sys_mode
4a014b44 T axp_power_get_dcin_battery_exist
4a014b80 T axp_probe_battery_vol
4a014b9c T axp_probe_rest_battery_capacity
4a014bb8 T axp_probe_key
4a014bd4 T axp_probe_charge_current
4a014bf0 T axp_set_charge_current
4a014c0c T axp_set_charge_control
4a014c28 T axp_set_vbus_limit_dc
4a014c5c T axp_set_vbus_limit_pc
4a014c90 T axp_set_all_limit
4a014d60 T axp_set_suspend_chgcur
4a014d80 T axp_set_runtime_chgcur
4a014da0 T axp_set_charge_vol_limit
4a014e08 T axp_set_power_supply_output
4a014ee8 T axp_probe_power_supply_condition
4a014f64 T axp_int_enable
4a014fa0 T axp_int_disable
4a014fc4 T axp_int_query
4a014fe0 T axp_set_supply_status
4a015008 T axp_set_supply_status_byname
4a015094 T axp_probe_supply_status
4a0150bc t axp_i2c_write.constprop.1
4a0150e8 T axp20_set_next_sys_mode
4a015104 T axp20_set_int_enable
4a015140 t axp_i2c_read.constprop.2
4a015164 T axp20_set_charge_control
4a0151c8 T axp20_probe_key
4a015208 T axp20_set_power_off
4a015274 T axp20_set_vbus_cur_limit
4a0152e0 T axp20_set_vbus_vol_limit
4a015358 T axp20_probe_int_pending
4a0153c4 T axp20_probe_battery_exist
4a015404 T axp20_probe_battery_ratio
4a015440 T axp20_probe_power_status
4a015478 T axp20_probe_battery_vol
4a0154d8 T axp20_probe_pre_sys_mode
4a0154f8 T axp20_probe_this_poweron_cause
4a01551c T axp20_set_charge_current
4a015588 T axp20_probe_charge_current
4a0155b8 T axp20_probe_int_enable
4a0155f8 T axp20_power_enable_coulomb
4a015628 T axp20_probe
4a015688 T axp20_config_charge_current
4a01574c T axp20_set_power_on_vol
4a015804 T axp20_set_power_off_vol
4a0158fc T axp20_set_power_onoff_vol
4a015934 t axp_i2c_write.constprop.16
4a015960 t axp_i2c_read.constprop.17
4a015984 t axp20_set_dcdc_output.isra.11
4a015c00 T axp20_set_supply_status
4a015c54 T axp20_set_supply_status_byname
4a0160b0 T axp20_probe_supply_status
4a0160b8 T sunxi_pwm_read_reg
4a0160c8 T sunxi_pwm_write_reg
4a0160dc T sunxi_pwm_get_sys_config
4a0161c4 T sunxi_pwm_set_polarity
4a016218 T sunxi_pwm_config
4a01634c T sunxi_pwm_enable
4a0163bc T sunxi_pwm_disable
4a016428 T sunxi_pwm_init
4a016450 T rtc_get
4a016458 T rtc_set
4a016460 T rtc_reset
4a016464 T rtc_disable
4a016484 T NS16550_init
4a0164cc T NS16550_reinit
4a016518 T NS16550_putc
4a01652c T NS16550_getc
4a016540 T NS16550_tstc
4a01654c t calc_divisor.isra.0
4a01656c T serial_init
4a0165b4 T _serial_putc
4a0165ec T _serial_putc_raw
4a016608 T _serial_puts
4a016630 T _serial_getc
4a01664c T _serial_tstc
4a016660 T _serial_setbrg
4a016688 T serial_putc
4a016694 T serial_putc_raw
4a0166a0 T serial_puts
4a0166ac T serial_getc
4a0166b8 T serial_tstc
4a0166c4 T serial_setbrg
4a0166d0 t sunxi_null_op
4a0166d8 t sunxi_null_erase
4a0166e0 t sunxi_null_size
4a0166e8 t sunxi_null_init
4a0166f0 t sunxi_null_exit
4a0166f8 t sunxi_null_flush
4a016700 t sunxi_flash_mmc_read
4a016730 t sunxi_flash_mmc_write
4a016760 t sunxi_flash_mmc_size
4a016774 t sunxi_flash_mmc_init
4a01677c t sunxi_flash_mmc_exit
4a016784 T sunxi_flash_mmc_phyread
4a0167b8 T sunxi_flash_mmc_phywrite
4a0167ec t sunxi_sprite_mmc_read
4a01681c t sunxi_sprite_mmc_write
4a01684c t sunxi_sprite_mmc_size
4a016860 t sunxi_sprite_mmc_init
4a016868 t sunxi_sprite_mmc_exit
4a016870 T sunxi_sprite_mmc_phyread
4a0168a4 T sunxi_sprite_mmc_phywrite
4a0168d8 t sunxi_flash_nand_init
4a0168dc t sunxi_sprite_mmc_erase
4a0168e0 t sunxi_flash_nand_erase
4a0168e4 t sunxi_flash_nand_flush
4a0168e8 t sunxi_flash_nand_exit
4a0168ec t sunxi_flash_nand_size
4a0168f0 t sunxi_flash_nand_write
4a0168f4 t sunxi_flash_nand_read
4a0168f8 T sunxi_flash_read
4a016910 T sunxi_flash_part_read
4a01695c T sunxi_flash_write
4a016974 T sunxi_flash_part_write
4a0169c0 T sunxi_flash_size
4a0169d8 T sunxi_flash_exit
4a0169f0 T sunxi_flash_flush
4a016a08 T sunxi_flash_phyread
4a016a20 T sunxi_flash_phywrite
4a016a38 T sunxi_sprite_init
4a016a50 T sunxi_sprite_read
4a016a68 T sunxi_sprite_write
4a016a80 T sunxi_sprite_erase
4a016a98 T sunxi_sprite_size
4a016ab0 T sunxi_sprite_exit
4a016ac8 T sunxi_sprite_flush
4a016ae0 T sunxi_sprite_phyread
4a016af8 T sunxi_sprite_phywrite
4a016b10 T sunxi_flash_get_dev
4a016b30 T sunxi_flash_init_uboot
4a016b84 T sunxi_flash_handle_init
4a016fdc T disp_int_process
4a016fe4 T DRV_hdmi_set_pll
4a016ff4 T DRV_hdmi_get_HPD_status
4a016ff8 T DRV_hdmi_mode_support
4a017010 T DRV_hdmi_close
4a017024 T DRV_hdmi_open
4a017038 T DRV_lcd_close_callback
4a0170d4 T DRV_lcd_open_callback
4a017170 T DRV_hdmi_set_display_mode
4a017274 T copy_from_user
4a017284 T copy_to_user
4a017294 T disp_delay_ms
4a0172ac T DRV_lcd_open
4a017304 T DRV_lcd_check_open_finished
4a017368 T DRV_lcd_close
4a0173c0 T DRV_lcd_check_close_finished
4a017424 T sunxi_disp_get_source_ops
4a0174f8 T drv_disp_init
4a0176a8 T drv_disp_exit
4a0176ec T disp_ioctl
4a018a1c T drv_disp_standby
4a018af4 T osal_ccmu_get_clk_by_name
4a018b38 T OSAL_CCMU_SetSrcFreq
4a018c78 T OSAL_CCMU_GetSrcFreq
4a018dbc T OSAL_CCMU_OpenMclk
4a018dc0 T OSAL_CCMU_CloseMclk
4a018dc8 T OSAL_CCMU_SetMclkSrc
4a01919c T OSAL_CCMU_GetMclkSrc
4a0191a4 T OSAL_CCMU_SetMclkDiv
4a019458 T OSAL_CCMU_GetMclkDiv
4a019460 T OSAL_CCMU_MclkOnOff
4a0198fc T OSAL_CCMU_MclkReset
4a019a5c T OSAL_RegISR
4a019a74 T OSAL_UnRegISR
4a019a78 T OSAL_InterruptEnable
4a019a7c T OSAL_InterruptDisable
4a019a80 T OSAL_CacheRangeFlush
4a019a84 T OSAL_malloc
4a019a88 T OSAL_free
4a019a8c T OSAL_PhyAlloc
4a019a90 T OSAL_PhyFree
4a019a94 T OSAL_VAtoPA
4a019aa0 T OSAL_PAtoVA
4a019aa4 T OSAL_putchar
4a019aac T OSAL_puts
4a019ab4 T OSAL_getchar
4a019abc T OSAL_gets
4a019ac4 T OSAL_strtol
4a019acc T OSAL_int2str_dec
4a019ad0 T OSAL_int2str_hex
4a019ad4 T OSAL_uint2str_dec
4a019ad8 T OSAL_GPIO_Request
4a019b40 T OSAL_GPIO_Request_Ex
4a019b44 T OSAL_GPIO_Release
4a019b60 T OSAL_GPIO_DevGetAllPins_Status
4a019b64 T OSAL_GPIO_DevGetONEPins_Status
4a019b68 T OSAL_GPIO_DevSetONEPin_Status
4a019b6c T OSAL_GPIO_DevSetONEPIN_IO_STATUS
4a019b70 T OSAL_GPIO_DevSetONEPIN_PULL_STATUS
4a019b74 T OSAL_GPIO_DevREAD_ONEPIN_DATA
4a019b78 T OSAL_GPIO_DevWRITE_ONEPIN_DATA
4a019b7c T OSAL_Script_FetchParser_Data
4a019bec T OSAL_sw_get_ic_ver
4a019bf4 T DE_Set_Reg_Base
4a019c08 T DE_Get_Reg_Base
4a019c18 T DE_BE_Reg_Init
4a019c54 T DE_BE_Set_SystemPalette
4a019c98 T DE_BE_Get_SystemPalette
4a019ce4 T DE_BE_Enable
4a019d14 T DE_BE_Disable
4a019d44 T DE_BE_Output_Select
4a019d88 T DE_BE_Set_BkColor
4a019dc0 T DE_BE_Set_ColorKey
4a019e38 T DE_BE_reg_auto_load_en
4a019e5c T DE_BE_Cfg_Ready
4a019e7c T DE_BE_Sprite_Enable
4a019ea0 T DE_BE_Sprite_Disable
4a019ec0 T DE_BE_Sprite_Set_Format
4a019ee0 T DE_BE_Sprite_Global_Alpha_Enable
4a019ef8 T DE_BE_Sprite_Set_Global_Alpha
4a019f1c T DE_BE_Sprite_Block_Set_Pos
4a019f40 T DE_BE_Sprite_Block_Set_Size
4a019f78 T DE_BE_Sprite_Block_Set_fb
4a019fa8 T DE_BE_Sprite_Block_Set_Next_Id
4a019fd0 T DE_BE_Sprite_Set_Palette_Table
4a01a014 T DE_BE_Set_Enhance_ex
4a01b958 T DE_BE_enhance_enable
4a01b970 T DE_BE_deflicker_enable
4a01b994 T DE_BE_Set_Outitl_enable
4a01b9b8 T DE_BE_set_display_size
4a01b9dc T DE_BE_get_display_width
4a01b9f8 T DE_BE_get_display_height
4a01ba14 T DE_BE_EnableINT
4a01ba34 T DE_BE_DisableINT
4a01ba54 T DE_BE_QueryINT
4a01ba68 T DE_BE_ClearINT
4a01ba80 T DE_SCAL_Set_Reg_Base
4a01ba94 T DE_SCAL_Get_Reg_Base
4a01baa4 T DE_SCAL_Config_Src
4a01c170 T DE_SCAL_Set_Fb_Addr
4a01c1b4 T DE_SCAL_Set_Init_Phase
4a01c47c T DE_SCAL_Agth_Config
4a01c5e0 T DE_SCAL_Set_Scaling_Factor
4a01c738 T DE_SCAL_Set_Scaling_Coef
4a01c740 T DE_SCAL_Set_CSC_Coef
4a01c850 T DE_SCAL_Set_Out_Format
4a01c8a8 T DE_SCAL_Set_Out_Size
4a01c988 T DE_SCAL_Set_Trig_Line
4a01c9b4 T DE_SCAL_Set_Int_En
4a01ca0c T DE_SCAL_Set_Di_Ctrl
4a01ca60 T DE_SCAL_Set_Di_PreFrame_Addr
4a01ca8c T DE_SCAL_Set_Di_MafFlag_Src
4a01caac T DE_SCAL_Start
4a01cacc T DE_SCAL_Set_Filtercoef_Ready
4a01caec T DE_SCAL_Set_Reg_Rdy
4a01cb0c T DE_SCAL_Reset
4a01cb50 T DE_SCAL_Input_Select
4a01cb70 T DE_SCAL_Output_Select
4a01cbbc T DE_SCAL_Writeback_Enable
4a01cbdc T DE_SCAL_Writeback_Disable
4a01cbfc T DE_SCAL_Writeback_Linestride_Enable
4a01cc18 T DE_SCAL_Writeback_Linestride_Disable
4a01cc30 T DE_SCAL_Enable
4a01cc5c T DE_SCAL_Disable
4a01cc7c T DE_SCAL_Set_Writeback_Addr
4a01cca8 T DE_SCAL_Get_Input_Format
4a01ccc0 T DE_SCAL_Get_Input_Mode
4a01ccd8 T DE_SCAL_Get_Output_Format
4a01ccf0 T DE_SCAL_Get_Input_Width
4a01cd10 T DE_SCAL_Get_Input_Height
4a01cd2c T DE_SCAL_Get_Output_Width
4a01cd4c T DE_SCAL_Get_Output_Height
4a01cd68 T DE_SCAL_Get_Start_Status
4a01cd9c T DE_SCAL_Get_Field_Status
4a01cdb4 T iDE_SCAL_Matrix_Mul
4a01d8f4 T iDE_SCAL_Csc_Lmt
4a01d978 T DE_SCAL_Set_CSC_Coef_Enhance
4a01ebb0 T DE_SCAL_Get_3D_In_Single_Size
4a01ec8c T DE_SCAL_Get_3D_Out_Single_Size
4a01ed0c T DE_SCAL_Get_3D_Out_Full_Size
4a01ed8c T DE_SCAL_Set_3D_Fb_Addr
4a01ee38 T DE_SCAL_Set_3D_Di_PreFrame_Addr
4a01eeb8 T DE_SCAL_Set_3D_Ctrl
4a01eff8 T DE_SCAL_Config_3D_Src
4a0200f8 T DE_SCAL_EnableINT
4a020118 T DE_SCAL_DisableINT
4a020138 T DE_SCAL_QueryINT
4a02014c T DE_SCAL_ClearINT
4a02016c T DE_SCAL_Set_Writeback_Addr_ex
4a0202b4 T DE_BE_HWC_Enable
4a0202d8 T DE_BE_HWC_Set_Pos
4a02031c T DE_BE_HWC_Get_Pos
4a020348 T DE_BE_HWC_Set_Palette
4a020388 T DE_BE_HWC_Set_Src
4a020484 T DE_BE_Format_To_Bpp
4a02049c T DE_BE_Offset_To_Addr
4a0204bc T DE_BE_Addr_To_Offset
4a0204e8 T DE_BE_Layer_Set_Work_Mode
4a020510 T DE_BE_Layer_Set_Format
4a020568 T DE_BE_Layer_Set_Framebuffer
4a020638 T DE_BE_Layer_Set_Screen_Win
4a020698 T DE_BE_Layer_Video_Enable
4a0206c0 T DE_BE_Layer_Video_Ch_Sel
4a0206e8 T DE_BE_Layer_Yuv_Ch_Enable
4a020710 T DE_BE_Layer_Set_Prio
4a020738 T DE_BE_Layer_Set_Pipe
4a020760 T DE_BE_Layer_ColorKey_Enable
4a02078c T DE_BE_Layer_Alpha_Enable
4a0207b8 T DE_BE_Layer_Set_Alpha_Value
4a0207e0 T DE_BE_Layer_Enable
4a020810 T DE_BE_YUV_CH_Set_Src
4a020978 T DE_BE_YUV_CH_Enable
4a0209a0 T hmdi_src_sel
4a0209c0 T dsi_src_sel
4a0209e0 T lvds_open
4a020bb4 T lvds_close
4a020c54 T tcon_get_timing
4a020d54 T tcon_set_reg_base
4a020d68 T tcon_get_reg_base
4a020d78 T tcon_init
4a020dd0 T tcon_exit
4a020dfc T tcon_irq_enable
4a020e24 T tcon_irq_disable
4a020e48 T tcon_irq_query
4a020e80 T tcon_get_start_delay
4a020ebc T tcon_get_cur_line
4a020efc T tcon0_src_select
4a020f1c T tcon0_src_get
4a020f34 T tcon0_open
4a020fc4 T tcon0_close
4a021014 T tcon0_cfg_mode_auto
4a0211d8 T tcon0_cfg_mode_tri
4a021434 T tcon0_tri_busy
4a02144c T tcon0_tri_start
4a021478 T tcon0_frm
4a021590 T tcon0_cpu_16b_to_24b
4a0215b8 T tcon0_cpu_24b_to_16b
4a0215dc T tcon0_cpu_busy
4a021600 T tcon0_cpu_wr_24b_index
4a021660 T tcon0_cpu_wr_24b_data
4a0216c0 T tcon0_cpu_wr_24b
4a0216e4 T tcon0_cpu_rd_24b
4a0216ec T tcon0_cpu_wr_16b
4a021724 T tcon0_cpu_wr_16b_index
4a021748 T tcon0_cpu_wr_16b_data
4a02176c T tcon0_cpu_rd_16b
4a021774 T tcon0_set_dclk_div
4a021794 T tcon0_get_dclk_div
4a0217ac T tcon1_open
4a0217d8 T tcon1_close
4a021804 T tcon1_cfg
4a021a40 T tcon1_tv_cfg
4a021c4c T tcon1_cfg_ex
4a021c54 T tcon1_set_hdmi_mode
4a021ce0 T tcon1_set_tv_mode
4a021e18 T tcon1_set_vga_mode
4a022154 T tcon1_src_select
4a02217c T tcon1_src_get
4a022194 T tcon_ceu_range_cut
4a0221c0 T tcon_ceu_reg_corr
4a0221d0 T tcon_ceu_rect_multi
4a022270 T tcon_ceu_rect_calc
4a0223e0 T tcon_ceu_calc
4a0225bc T tcon_ceu
4a0229ec T tcon_gamma
4a022a48 T tcon_cmap
4a022b98 T tcon0_cfg
4a022eb0 T TVE_set_reg_base
4a022ed8 T TVE_open
4a022f00 T TVE_close
4a022f48 T TVE_set_tv_mode
4a024068 T TVE_set_vga_mode
4a0240fc T TVE_query_int
4a024120 T TVE_clear_int
4a02415c T TVE_get_dac_status
4a0241bc T TVE_dac_int_enable
4a024204 T TVE_dac_int_disable
4a02424c T TVE_dac_autocheck_enable
4a024290 T TVE_dac_autocheck_disable
4a0242d4 T TVE_exit
4a024340 T TVE_dac_enable
4a02439c T TVE_dac_disable
4a0243dc T TVE_dac_set_source
4a024468 T TVE_dac_get_source
4a0244b4 T TVE_dac_set_de_bounce
4a024540 T TVE_dac_get_de_bounce
4a024594 T TVE_dac_sel
4a024714 T TVE_csc_init
4a02476c T TVE_init
4a0248cc T TVE_csc_enable
4a0248f8 T TVE_csc_disable
4a024924 T dsi_set_reg_base
4a024944 T dsi_get_reg_base
4a024954 T dsi_dphy_get_reg_base
4a024968 T dsi_get_start_delay
4a0249a8 T dsi_get_cur_line
4a0249f4 T dsi_irq_enable
4a024a1c T dsi_irq_disable
4a024a40 T dsi_irq_query
4a024a80 T dsi_inst_busy
4a024a98 T dsi_start
4a024b60 T dsi_open
4a024b90 T dsi_close
4a024bc8 T dsi_tri_start
4a024bdc T DSI_delay_ms
4a024be0 T dsi_dcs_wr_index
4a024be8 T dsi_dcs_wr_data
4a024bf0 T dsi_dphy_cfg
4a024ca8 T dsi_io_open
4a024eac T dsi_io_close
4a025060 T dsi_clk_enable
4a02507c T dsi_basic_cfg
4a0255a8 T dsi_exit
4a0255b0 T dsi_ecc_pro
4a02584c T dsi_dcs_rd
4a0259a0 T dsi_set_max_ret_size
4a0259f0 T dsi_dcs_rd_memory
4a025ab4 T dsi_crc_pro
4a025b20 T dsi_dcs_wr
4a025c68 T dsi_dcs_wr_memory
4a025d04 T dsi_dcs_wr_5para
4a025d40 T dsi_dcs_wr_4para
4a025d74 T dsi_dcs_wr_3para
4a025da0 T dsi_dcs_wr_2para
4a025dc4 T dsi_dcs_wr_1para
4a025de8 T dsi_dcs_wr_0para
4a025e04 T dsi_crc_pro_pd_repeat
4a025e70 T dsi_packet_cfg
4a026348 T dsi_cfg
4a026378 T disp_mipipll_calc_coefficient
4a026450 T disp_mipipll_set_coefficient
4a0264a0 T disp_mipipll_init
4a026538 T disp_mipipll_enable
4a02656c T image_clk_init
4a0266f8 T image_clk_exit
4a0267c8 T image_clk_on
4a02685c T image_clk_off
4a0268ec T scaler_clk_init
4a026a54 T scaler_clk_exit
4a026b24 T scaler_clk_on
4a026bc4 T scaler_clk_off
4a026c64 T lcdc_clk_init
4a026e0c T lcdc_clk_exit
4a026ef8 T lcdc_clk_on
4a02703c T lcdc_clk_off
4a027134 T tve_clk_init
4a02719c T tve_clk_exit
4a027200 T tve_clk_on
4a027208 T tve_clk_off
4a027210 T hdmi_clk_init
4a027290 T hdmi_clk_exit
4a0272e4 T hdmi_clk_on
4a027310 T hdmi_clk_off
4a027348 T lvds_clk_init
4a027370 T lvds_clk_exit
4a027398 T lvds_clk_on
4a0273b8 T lvds_clk_off
4a0273d8 T dsi_clk_init
4a027488 T dsi_clk_exit
4a0274e4 T dsi_clk_on
4a027540 T dsi_clk_off
4a027590 T disp_pll_init
4a0275bc T disp_clk_cfg
4a027a64 T disp_clk_adjust
4a027b20 T bsp_disp_clk_on
4a027e60 T bsp_disp_clk_off
4a028154 T bsp_disp_set_bk_color
4a0281a0 T bsp_disp_get_bk_color
4a0281f0 T bsp_disp_set_color_key
4a028274 T bsp_disp_get_color_key
4a0282a0 T bsp_disp_set_palette_table
4a0282e8 T bsp_disp_get_palette_table
4a028330 T bsp_disp_layer_set_top
4a02849c T bsp_disp_layer_set_bottom
4a028608 T bsp_disp_layer_set_alpha_value
4a028678 T bsp_disp_layer_get_alpha_value
4a0286d4 T bsp_disp_layer_alpha_enable
4a028740 T bsp_disp_layer_get_alpha_enable
4a02879c T bsp_disp_layer_set_pipe
4a028814 T bsp_disp_layer_get_pipe
4a02886c T bsp_disp_layer_colorkey_enable
4a0288d8 T bsp_disp_layer_get_colorkey_enable
4a028934 T bsp_disp_layer_get_piro
4a02898c T Image_init
4a028a3c T Image_exit
4a028a60 T Image_open
4a028a70 T Image_close
4a028aa0 T bsp_disp_get_bright
4a028ab8 T bsp_disp_get_contrast
4a028ad0 T bsp_disp_get_saturation
4a028ae8 T bsp_disp_get_hue
4a028b00 T bsp_disp_get_enhance_enable
4a028b1c T bsp_disp_set_screen_size
4a028b58 T bsp_disp_set_output_csc
4a028ca0 T bsp_disp_enhance_enable
4a028cdc T bsp_disp_set_hue
4a028d18 T bsp_disp_set_saturation
4a028d54 T bsp_disp_set_contrast
4a028d90 T bsp_disp_set_bright
4a028dcc T Disp_set_out_interlace
4a028f58 T bsp_disp_de_flicker_enable
4a028f8c T bsp_disp_store_image_reg
4a028fc4 T bsp_disp_restore_image_reg
4a029010 T bsp_disp_init
4a0291f4 T bsp_disp_open
4a0291fc T bsp_disp_close
4a0292d8 T bsp_disp_exit
4a029430 T bsp_disp_print_reg
4a0294b4 T bsp_disp_set_print_level
4a0294cc T bsp_disp_get_print_level
4a0294e0 T bsp_disp_cmd_cache_get
4a0294f8 T bsp_disp_cfg_get
4a029510 T bsp_disp_cmd_cache
4a029530 T bsp_disp_cmd_submit
4a02954c T bsp_disp_cfg_start
4a029570 T bsp_disp_cfg_finish
4a029594 T bsp_disp_vsync_event_enable
4a0295b0 T bsp_disp_get_fps
4a0295b8 T bsp_disp_get_vint_count
4a0295c8 T disp_vint_checkin
4a0295fc T disp_lint_checkin
4a02961c T bsp_disp_get_lint_count
4a029630 T LCD_vbi_event_proc
4a029758 T LCD_line_event_proc
4a0297d0 T disp_hdmi_init
4a029880 T disp_hdmi_exit
4a0298b4 T bsp_disp_hdmi_set_mode
4a029934 T bsp_disp_hdmi_get_mode
4a02994c T bsp_disp_hdmi_suspend
4a029974 T bsp_disp_hdmi_resume
4a02999c T bsp_disp_hdmi_early_suspend
4a0299c4 T bsp_disp_hdmi_late_resume
4a0299ec T bsp_disp_hdmi_cts_enable
4a029a00 T bsp_disp_hdmi_get_cts_enable
4a029a10 T bsp_disp_hdmi_set_test_mode
4a029a2c T bsp_disp_hdmi_get_test_mode
4a029a44 T disp_hdmi_get_support
4a029a54 T bsp_disp_set_hdmi_func
4a029b3c T BSP_dsip_hdmi_get_input_csc
4a029b94 T bsp_disp_set_hdmi_hpd
4a029c60 T bsp_disp_hdmi_dvi_support
4a029cb8 T bsp_disp_hdmi_dvi_enable
4a029d1c T bsp_disp_hdmi_get_src
4a029d5c T bsp_disp_hdmi_set_src
4a029ddc T bsp_disp_hdmi_get_hpd_status
4a029e34 T bsp_disp_hdmi_check_support_mode
4a029eb0 T bsp_disp_hdmi_close
4a029fac T bsp_disp_hdmi_open
4a02a17c T bsp_disp_hdmi_get_registered
4a02a190 T bsp_disp_hwc_enable
4a02a1a0 T bsp_disp_hwc_set_pos
4a02a1b0 T bsp_disp_hwc_get_pos
4a02a1c0 T bsp_disp_hwc_set_framebuffer
4a02a1f0 T bsp_disp_hwc_set_palette
4a02a228 t Yuv_Channel_Release
4a02a2b0 t Yuv_Channel_Request
4a02a324 T Layer_Get_Prio
4a02a354 T get_fb_type
4a02a368 T img_sw_para_to_reg
4a02a588 T de_format_to_bpp
4a02a5a0 T Yuv_Channel_Set_framebuffer
4a02a638 T Yuv_Channel_adjusting
4a02a6a0 T bsp_disp_layer_request
4a02a830 T bsp_disp_layer_release
4a02aaa4 T bsp_disp_layer_open
4a02ab54 T bsp_disp_layer_close
4a02ac04 T bsp_disp_layer_set_framebuffer
4a02ae24 T bsp_disp_layer_get_framebuffer
4a02aed4 T bsp_disp_layer_set_src_window
4a02b0d4 T bsp_disp_layer_get_src_window
4a02b1a8 T bsp_disp_layer_set_screen_window
4a02b3ac T bsp_disp_layer_get_screen_window
4a02b454 T bsp_disp_layer_set_para
4a02baf4 T bsp_disp_layer_get_para
4a02bb7c T bsp_disp_layer_set_smooth
4a02bc24 T bsp_disp_layer_get_smooth
4a02bcc0 T bsp_disp_layer_set_bright
4a02bd7c T bsp_disp_layer_get_bright
4a02bdf8 T bsp_disp_layer_set_contrast
4a02beb0 T bsp_disp_layer_get_contrast
4a02bf2c T bsp_disp_layer_set_saturation
4a02bfe8 T bsp_disp_layer_get_saturation
4a02c064 T bsp_disp_layer_set_hue
4a02c11c T bsp_disp_layer_get_hue
4a02c198 T bsp_disp_layer_enhance_enable
4a02c278 T bsp_disp_layer_get_enhance_enable
4a02c2f4 T disp_lcdc_event_proc
4a02c340 T LCD_get_reg_bases
4a02c374 T Lcd_Panel_Parameter_Check
4a02c378 T LCD_parse_panel_para
4a02c91c T LCD_get_sys_config
4a02cd38 T bsp_disp_lcd_delay_ms
4a02cd48 T bsp_disp_lcd_delay_us
4a02cd58 T LCD_OPEN_FUNC
4a02cd94 T LCD_CLOSE_FUNC
4a02cdd0 T bsp_disp_lcd_tcon_open
4a02ce84 T bsp_disp_lcd_tcon_close
4a02cf0c T TCON_get_open_status
4a02cf30 T TCON_get_cur_line
4a02cf54 T TCON_get_start_delay
4a02cf78 T LCD_PWM_EN
4a02cfac T bsp_disp_lcd_pwm_enable
4a02cfb4 T bsp_disp_lcd_pwm_disable
4a02cfbc T LCD_BL_EN
4a02d040 T bsp_disp_lcd_backlight_enable
4a02d048 T bsp_disp_lcd_backlight_disable
4a02d050 T LCD_POWER_EN_EXT
4a02d1d0 T LCD_POWER_EN
4a02d254 T bsp_disp_lcd_power_enable
4a02d25c T bsp_disp_lcd_power_disable
4a02d264 T bsp_disp_lcd_power_disable_all
4a02d2a4 T LCD_GPIO_request
4a02d2ac T LCD_GPIO_release
4a02d2b4 T LCD_GPIO_set_attr
4a02d308 T LCD_GPIO_read
4a02d354 T LCD_GPIO_write
4a02d3a8 T LCD_GPIO_init
4a02d434 T LCD_GPIO_exit
4a02d4d0 T LCD_CPU_register_irq
4a02d4e8 T bsp_disp_lcd_pin_cfg
4a02d5f4 T disp_lcdc_exit
4a02d670 T tv_mode_to_width
4a02d68c T tv_mode_to_height
4a02d6a8 T vga_mode_to_width
4a02d6c4 T vga_mode_to_height
4a02d6e0 T disp_get_screen_scan_mode
4a02d714 T bsp_disp_get_screen_width
4a02d754 T bsp_disp_get_screen_height
4a02d794 T bsp_disp_get_screen_physical_width
4a02d7d4 T bsp_disp_get_screen_physical_height
4a02d814 T bsp_disp_get_screen_width_from_output_type
4a02d880 T bsp_disp_get_screen_height_from_output_type
4a02d8ec T bsp_disp_get_output_type
4a02d934 T bsp_disp_get_frame_rate
4a02d9f8 T bsp_disp_lcd_open_after
4a02da28 T bsp_disp_lcd_get_open_flow
4a02da3c T bsp_disp_lcd_close_befor
4a02dac0 T bsp_disp_lcd_close_after
4a02db58 T bsp_disp_lcd_get_close_flow
4a02db6c T __disp_lcd_bright_get_adjust_value
4a02db94 T __disp_lcd_bright_curve_init
4a02dcb0 T disp_lcdc_init
4a02df0c T bsp_disp_lcd_set_bright
4a02dffc T bsp_disp_lcd_get_bright
4a02e014 T bsp_disp_set_gamma_table
4a02e0ac T bsp_disp_gamma_correction_enable
4a02e0e4 T bsp_disp_gamma_correction_disable
4a02e134 T bsp_disp_lcd_set_src
4a02e1a8 T bsp_disp_lcd_open_before
4a02e328 T bsp_disp_lcd_get_src
4a02e32c T bsp_disp_lcd_user_defined_func
4a02e348 T bsp_disp_get_timming
4a02e4cc T bsp_disp_close_lcd_backlight
4a02e59c T bsp_disp_open_lcd_backlight
4a02e658 T bsp_disp_lcd_set_bright_dimming
4a02e674 T bsp_disp_lcd_used
4a02e690 T bsp_disp_lcd_get_panel_para
4a02e6b8 T LCD_CPU_WR
4a02e6c8 T LCD_CPU_WR_INDEX
4a02e6d8 T LCD_CPU_WR_DATA
4a02e6e8 T bsp_disp_lcd_set_fps
4a02e728 T disp_lcd_set_fps
4a02e7d8 T bsp_disp_lcd_get_size
4a02e828 T bsp_disp_lcd_get_model_name
4a02e874 T bsp_disp_lcd_get_driver_name
4a02e8b4 T bsp_disp_lcd_set_panel_funs
4a02e990 T bsp_disp_lcd_dsi_io_enable
4a02e9a4 T disp_lcd_get_support
4a02e9b4 T bsp_disp_lcd_get_registered
4a02e9c8 T scaler_event_proc
4a02ea6c T Scaler_sw_para_to_reg
4a02ec34 T Scaler_3d_sw_para_to_reg
4a02ed04 T Scaler_Init
4a02ed8c T Scaler_Exit
4a02ee08 T Scaler_open
4a02ee48 T Scaler_close
4a02eedc T Scaler_Request
4a02ef94 T Scaler_Release
4a02f02c T Scaler_Get_Framebuffer
4a02f084 T Scaler_Set_SclRegn
4a02f338 T Scaler_Get_SclRegn
4a02f39c T Scaler_Set_Outitl
4a02f504 T bsp_disp_scaler_set_smooth
4a02f660 T bsp_disp_scaler_get_smooth
4a02f67c T bsp_disp_scaler_request
4a02f6b4 T bsp_disp_scaler_release
4a02f6e8 T bsp_disp_scaler_start_ex
4a02fbb0 T bsp_disp_scaler_start
4a030034 T Scaler_Set_Enhance
4a0300cc T Scaler_Set_Para
4a030560 T Scaler_Set_Output_Size
4a03075c T Scaler_Set_Framebuffer
4a030a74 T bsp_disp_store_scaler_reg
4a030aac T bsp_disp_restore_scaler_reg
4a030af4 t Disp_TVEC_DacCfg
4a030cb0 T Disp_Switch_Dram_Mode
4a030cb8 T Disp_TVEC_Init
4a030db8 T Disp_TVEC_Exit
4a030dd4 T Disp_TVEC_Open
4a030de4 T Disp_TVEC_Close
4a030e28 T bsp_disp_tv_open
4a030f64 T bsp_disp_tv_close
4a031004 T bsp_disp_tv_set_mode
4a03104c T bsp_disp_tv_get_mode
4a031064 T bsp_disp_tv_get_interface
4a031110 T bsp_disp_tv_get_dac_status
4a031118 T bsp_disp_tv_set_dac_source
4a031158 T bsp_disp_tv_get_dac_source
4a031174 T bsp_disp_tv_auto_check_enable
4a0311b0 T bsp_disp_tv_auto_check_disable
4a0311ec T bsp_disp_tv_set_src
4a03122c T bsp_disp_restore_tvec_reg
4a03123c T VGA_Init
4a03125c T VGA_Exit
4a031264 T bsp_disp_vga_open
4a0313f4 T bsp_disp_vga_close
4a03148c T bsp_disp_vga_set_mode
4a0314ec T bsp_disp_vga_get_mode
4a031504 T bsp_disp_vga_set_src
4a031544 T bsp_disp_video_set_fb
4a0315c8 T bsp_disp_video_get_frame_id
4a03163c T bsp_disp_video_get_dit_info
4a0316fc T bsp_disp_video_start
4a031818 T bsp_disp_video_stop
4a0318cc T bsp_disp_video_get_start
4a031944 T disp_video_init
4a0319a4 T disp_video_exit
4a0319f8 T disp_video_set_dit_mode
4a031a10 T disp_video_get_dit_mode
4a031a24 T bsp_disp_video_get_fb
4a031aa0 T bsp_disp_video_get_fps
4a031ad4 T disp_video_checkin
4a031b00 T Video_Operation_In_Vblanking
4a0321ec T bsp_disp_capture_screen
4a032640 T IEP_CMU_Set_Reg_Base
4a032654 T IEP_CMU_Reg_Init
4a032678 T IEP_CMU_Set_Data_Flow
4a03269c T IEP_CMU_Set_Window
4a03277c T IEP_CMU_Set_Imgsize
4a0327ac T IEP_CMU_Set_Par
4a032c14 T IEP_CMU_Operation_In_Vblanking
4a032c40 T IEP_CMU_Enable
4a032c64 T IEP_CMU_Disable
4a032c84 T iep_cmu_early_suspend
4a032c8c T iep_cmu_suspend
4a032cdc T iep_cmu_resume
4a032d48 T IEP_CMU_Late_Resume
4a032d50 T iep_init
4a032e84 T iep_exit
4a032e8c T bsp_disp_iep_suspend
4a032eb0 T bsp_disp_iep_resume
4a032ed4 T bsp_disp_drc_enable
4a033054 T bsp_disp_drc_get_enable
4a03306c T bsp_disp_drc_set_window
4a0330c4 T bsp_disp_drc_get_window
4a03310c T bsp_disp_drc_set_mode
4a03313c T bsp_disp_drc_get_mode
4a033154 T bsp_disp_drc_get_input_csc
4a033184 T disp_drc_start_video_mode
4a0331fc T disp_drc_start_ui_mode
4a033278 T bsp_disp_deu_get_enable
4a0332f4 T bsp_disp_deu_get_luma_sharp_level
4a033370 T bsp_disp_deu_set_chroma_sharp_level
4a03342c T bsp_disp_deu_get_chroma_sharp_level
4a0334a8 T bsp_disp_deu_set_white_exten_level
4a033564 T bsp_disp_deu_get_white_exten_level
4a0335e0 T bsp_disp_deu_set_black_exten_level
4a03369c T bsp_disp_deu_get_black_exten_level
4a033718 T bsp_disp_deu_set_window
4a033808 T bsp_disp_deu_get_window
4a0338a0 T disp_deu_set_frame_info
4a033a88 T bsp_disp_deu_set_luma_sharp_level
4a033b5c T bsp_disp_deu_enable
4a033f20 T disp_deu_clear
4a033fa0 T disp_deu_output_select
4a034018 T __disp_cmu_get_adjust_value
4a034058 T bsp_disp_cmu_layer_enable
4a0341d4 T bsp_disp_cmu_layer_get_enable
4a034244 T disp_cmu_layer_clear
4a034294 T bsp_disp_cmu_layer_set_window
4a03433c T bsp_disp_cmu_layer_get_window
4a0343c8 T bsp_disp_cmu_layer_set_bright
4a034494 T bsp_disp_cmu_layer_get_bright
4a034500 T bsp_disp_cmu_layer_set_saturation
4a0345d0 T bsp_disp_cmu_layer_get_saturation
4a03463c T bsp_disp_cmu_layer_set_hue
4a03470c T bsp_disp_cmu_layer_get_hue
4a034778 T bsp_disp_cmu_layer_set_contrast
4a0347f0 T bsp_disp_cmu_layer_get_contrast
4a03485c T bsp_disp_cmu_layer_set_mode
4a034928 T bsp_disp_cmu_layer_get_mode
4a034994 T bsp_disp_cmu_enable
4a034ab4 T bsp_disp_cmu_get_enable
4a034ad0 T bsp_disp_cmu_set_window
4a034b20 T bsp_disp_cmu_get_window
4a034b4c T bsp_disp_cmu_set_bright
4a034bc0 T bsp_disp_cmu_get_bright
4a034bd8 T bsp_disp_cmu_set_saturation
4a034c54 T bsp_disp_cmu_get_saturation
4a034c6c T bsp_disp_cmu_set_hue
4a034ce8 T bsp_disp_cmu_get_hue
4a034d00 T bsp_disp_cmu_set_contrast
4a034d1c T bsp_disp_cmu_get_contrast
4a034d34 T bsp_disp_cmu_set_mode
4a034dac T bsp_disp_cmu_get_mode
4a034dc4 T bsp_disp_feat_get_num_screens
4a034dd8 T bsp_disp_feat_get_num_layers
4a034df0 T bsp_disp_feat_get_num_scalers
4a034e04 T bsp_disp_feat_get_supported_output_types
4a034e1c T bsp_disp_feat_get_layer_feats
4a034e44 T bsp_disp_feat_get_enhance_feats
4a034e5c T bsp_disp_feat_get_layer_horizontal_resolution_max
4a034ec4 T bsp_disp_feat_get_layer_vertical_resolution_max
4a034f2c T bsp_disp_feat_get_layer_horizontal_resolution_min
4a034f60 T bsp_disp_feat_get_layer_vertical_resolution_min
4a034f78 T bsp_disp_feat_get_de_flicker_support
4a034f90 T bsp_disp_feat_get_smart_backlight_support
4a034fa8 T bsp_disp_feat_get_image_detail_enhance_support
4a034fc0 T bsp_disp_feat_init
4a034fdc T drc_clk_init
4a035140 T drc_clk_exit
4a035264 T drc_clk_open
4a035308 T drc_clk_close
4a0353a8 T drc_init
4a035468 T drc_proc
4a0357a0 T drc_close_proc
4a0357fc T drc_enable
4a035888 T IEP_Drc_Init
4a0359b4 T IEP_Drc_Exit
4a0359e0 T IEP_Drc_Enable
4a035a18 T IEP_Drc_Set_Winodw
4a035a58 T IEP_Drc_Operation_In_Vblanking
4a035a90 T IEP_Drc_Set_Reg_Base
4a035aa0 T IEP_Drc_Set_Mode
4a035abc T IEP_Drc_Early_Suspend
4a035acc T iep_drc_suspend
4a035b20 T iep_drc_resume
4a035b90 T IEP_Drc_Late_Resume
4a035b98 T IEP_Drc_Set_Imgsize
4a035bc0 T DRC_EBIOS_Set_Reg_Base
4a035bd4 T DRC_EBIOS_Get_Reg_Base
4a035be4 T DRC_EBIOS_Enable
4a035c04 T DRC_EBIOS_Disable
4a035c24 T DRC_EBIOS_Set_Mode
4a035c44 T DRC_EBIOS_Bist_Enable
4a035c64 T DRC_EBIOS_Set_Reg_Refresh_Edge
4a035c84 T DRC_EBIOS_Set_Csc_Coeff
4a035e78 T DRC_EBIOS_Set_Display_Size
4a035eac T DRC_EBIOS_Win_Enable
4a035ecc T DRC_EBIOS_Set_Win_Para
4a035f14 T DRC_EBIOS_Drc_Cfg_Rdy
4a035f40 T DRC_EBIOS_Drc_Set_Lgc_Addr
4a035f5c T DRC_EBIOS_Drc_Set_Lgc_Autoload_Disable
4a035f7c T DRC_EBIOS_Drc_Adjust_Enable
4a035f9c T DRC_EBIOS_Drc_Set_Adjust_Para
4a035fc4 T DRC_EBIOS_Drc_Set_Spa_Coeff
4a036020 T DRC_EBIOS_Drc_Set_Int_Coeff
4a036070 T DRC_EBIOS_Drc_Set_Mode
4a0360a4 T DRC_EBIOS_Lh_Set_Mode
4a0360c4 T DRC_EBIOS_Lh_Clr_Rec
4a0360e4 T DRC_EBIOS_Lh_Set_Thres
4a036130 T DRC_EBIOS_Lh_Get_Sum_Rec
4a036160 T DRC_EBIOS_Lh_Get_Cnt_Rec
4a036190 T deu_clk_init
4a03630c T deu_clk_exit
4a036430 T deu_clk_open
4a0364d4 T deu_clk_close
4a036574 T DEU_ALG
4a036770 T IEP_Deu_Set_Luma_Sharpness_Level
4a03678c T IEP_Deu_Set_Chroma_Sharpness_Level
4a0367a8 T IEP_Deu_Set_White_Level_Extension
4a0367e4 T IEP_Deu_Set_Black_Level_Extension
4a036820 T IEP_Deu_Set_Ready
4a036830 T IEP_Deu_Set_Reg_base
4a036840 T IEP_Deu_Set_Winodw
4a036874 T IEP_Deu_Output_Select
4a036884 T IEP_Deu_Init
4a036948 T IEP_Deu_Exit
4a03696c T IEP_Deu_Operation_In_Vblanking
4a0369c8 T IEP_Deu_Enable
4a036a8c T iep_deu_suspend
4a036ae0 T iep_deu_resume
4a036b50 T IEP_Deu_Set_frameinfo
4a036b8c T DEU_EBIOS_Set_Reg_Base
4a036ba0 T DEU_EBIOS_Get_Reg_Base
4a036bb0 T DEU_EBIOS_Enable
4a036bd0 T DEU_EBIOS_Csc_Enable
4a036bf0 T DEU_EBIOS_Set_Csc_Coeff
4a036ce0 T DEU_EBIOS_Set_Display_Size
4a036d14 T DEU_EBIOS_Set_Win_Para
4a036d5c T DEU_EBIOS_Cfg_Rdy
4a036d7c T DEU_EBIOS_Set_Output_Chnl
4a036d9c T DEU_EBIOS_LP_STR_Cfg_Rdy
4a036dbc T DEU_EBIOS_LP_Set_Mode
4a036ddc T DEU_EBIOS_LP_STR_Enable
4a036dfc T DEU_EBIOS_LP_Set_STR_Addr
4a036e18 T DEU_EBIOS_LP_Set_Para
4a036e88 T DEU_EBIOS_LP_Enable
4a036ea8 T DEU_EBIOS_DCTI_Set_Para
4a036fa8 T DEU_EBIOS_DCTI_Enable
4a036fc8 T DEU_EBIOS_WLE_Set_Para
4a03702c T DEU_EBIOS_WLE_Enable
4a03704c T DEU_EBIOS_BLE_Set_Para
4a0370b0 T DEU_EBIOS_BLE_Enable
4a0370d0 T IIC_SCLB_LOW
4a0370f8 T IIC_SCLB_HIGH
4a037108 T IIC_SDAB_LOW
4a037130 T IIC_SDAB_HIGH
4a037140 T CHECK_SDAB_HIGH
4a037164 T i2cB_clock
4a037188 T i2cB_ack
4a0371ec T i2cBStartA
4a037214 T i2cBStart
4a037244 T i2cBStop
4a037270 T i2cBTransmit
4a0372bc T i2cBLocateSubAddr
4a037308 T i2cBReceive
4a03737c T i2cBLocateSubDataR
4a0373dc T bsp_disp_lcd_iic_write
4a037418 T bsp_disp_lcd_iic_read
4a03745c T LCD_set_panel_funs
4a037484 T sunxi_lcd_delay_ms
4a0374ac T sunxi_lcd_delay_us
4a0374d4 T sunxi_lcd_tcon_enable
4a0374f4 T sunxi_lcd_tcon_disable
4a037514 T sunxi_lcd_backlight_enable
4a037534 T sunxi_lcd_backlight_disable
4a037554 T sunxi_lcd_power_enable
4a037574 T sunxi_lcd_power_disable
4a037594 T sunxi_lcd_pwm_set_para
4a0375bc T sunxi_lcd_pwm_get_para
4a0375e4 T sunxi_lcd_pwm_set_duty_ns
4a03760c T sunxi_lcd_pwm_enable
4a037634 T sunxi_lcd_pwm_disable
4a03765c T sunxi_lcd_cpu_write
4a037684 T sunxi_lcd_cpu_write_index
4a0376ac T sunxi_lcd_cpu_write_data
4a0376d4 T sunxi_lcd_dsi_write
4a0376fc T sunxi_lcd_dsi_clk_enable
4a037728 T sunxi_lcd_dsi_clk_disable
4a037754 T sunxi_lcd_pin_cfg
4a03777c T sunxi_disp_get_num_screens
4a03779c T sunxi_lcd_get_driver_name
4a0377c4 T sunxi_lcd_set_panel_funs
4a0377ec T sunxi_lcd_get_panel_para
4a037814 T sunxi_lcd_iic_write
4a03783c T sunxi_lcd_iic_read
4a037864 T lcd_init
4a037880 t LCD_panel_init
4a037884 t LCD_panel_exit
4a037888 t LCD_user_defined_func
4a037890 t LCD_close_flow
4a0378ec t LCD_power_off
4a03790c t LCD_bl_close
4a037924 t LCD_open_flow
4a037980 t LCD_bl_open
4a037998 t LCD_power_on
4a0379b8 t LCD_cfg_panel_info
4a037b44 t LCD_panel_exit
4a037b48 t LCD_close_flow
4a037ba4 t LCD_power_off
4a037bc4 t LCD_bl_close
4a037bdc t LCD_open_flow
4a037c38 t LCD_bl_open
4a037c50 t LCD_power_on
4a037c70 t LCD_cfg_panel_info
4a037dfc T anx9804_init
4a0381f4 t LCD_panel_init
4a038228 t LCD_close_flow
4a038284 t LCD_power_off
4a0382a4 t LCD_bl_close
4a0382bc t LCD_open_flow
4a038318 t LCD_bl_open
4a038330 t LCD_power_on
4a038350 t LCD_cfg_panel_info
4a0384dc T SP_TX_I2C_Write_BYTE
4a0384ec T SP_TX_I2C_Read_BYTE
4a0384fc T SP_TX_Write_Reg
4a03850c T SP_TX_Read_Reg
4a03851c T SP_TX_Wait_AUX_Finished
4a038578 T SP_TX_AUX_DPCDRead_Bytes
4a03868c T anx6345_init
4a038b80 t LCD_panel_init
4a038bb4 T anx6345_exit
4a038bc4 t LCD_panel_exit
4a038bf8 t LCD_close_flow
4a038c54 t LCD_power_off
4a038c74 t LCD_bl_close
4a038c8c t LCD_open_flow
4a038ce8 t LCD_bl_open
4a038d00 t LCD_power_on
4a038d20 t LCD_cfg_panel_info
4a038eac T spi_24bit_3wire
4a038f6c T lp079x01_init
4a039188 t LCD_panel_init
4a0391bc T lp079x01_exit
4a03921c t LCD_panel_exit
4a039250 t LCD_user_defined_func
4a039258 t LCD_close_flow
4a0392b4 t LCD_power_off
4a0392d4 t LCD_panel_exit
4a0392d8 t LCD_bl_close
4a0392f0 t LCD_open_flow
4a03934c t LCD_bl_open
4a039364 t LCD_panel_init
4a0393e0 t LCD_power_on
4a0393e8 t LCD_cfg_panel_info
4a039574 T hdmi_core_initial
4a0395e0 T main_Hpd_Check
4a039624 T Hpd_Check
4a03964c T get_video_info
4a039694 T get_audio_info
4a03989c T video_config
4a039de8 T audio_config
4a039f8c T hdmi_main_task_loop
4a03a0f4 T DDC_Init
4a03a19c T DDC_Read
4a03a290 T GetEDIDData
4a03a2bc T EDID_CheckSum
4a03a2f0 T EDID_Header_Check
4a03a364 T EDID_Version_Check
4a03a38c T Parse_DTD_Block
4a03a588 T Parse_VideoData_Block
4a03a5c0 T Parse_AudioData_Block
4a03a5e0 T Parse_HDMI_VSDB
4a03a640 T ParseEDID
4a03a804 T Hdmi_set_reg_base
4a03a814 T Hdmi_hal_video_enable
4a03a850 T Hdmi_hal_set_display_mode
4a03a88c T Hdmi_hal_audio_enable
4a03a8c0 T Hdmi_hal_mode_support
4a03a908 T Hdmi_hal_get_HPD
4a03a90c T Hdmi_hal_get_state
4a03a91c T Hdmi_hal_set_pll
4a03a93c T Hdmi_hal_main_task
4a03a94c T Hdmi_hal_init
4a03a978 T Hdmi_hal_exit
4a03a980 T Hdmi_hal_video_enable_sync
4a03a9f4 T hdmi_i2c_add_driver
4a03a9fc T hdmi_i2c_del_driver
4a03aa04 t st_clust
4a03aa24 t get_fileinfo
4a03ab04 t mem_cpy
4a03ab08 t ld_clust.isra.0
4a03ab30 t validate
4a03ab88 t check_fs
4a03ac3c t chk_mounted
4a03b090 t sync_window
4a03b130 t sync_fs
4a03b22c t move_window
4a03b280 t aw_move_window
4a03b360 T get_fattime
4a03b368 T clust2sect
4a03b38c T get_fat
4a03b4b0 t dir_sdi
4a03b5b0 T aw_get_fat
4a03b6d4 T put_fat
4a03b83c t create_chain
4a03b970 t dir_next
4a03bb0c t follow_path
4a03bdcc t dir_register
4a03be68 t dir_read.constprop.13
4a03bef8 t remove_chain
4a03bfac T aw_put_fat
4a03c114 t aw_create_chain
4a03c248 T f_mount
4a03c284 T f_open
4a03c47c T f_read
4a03c798 T f_write
4a03cad4 T f_sync
4a03cbc4 T f_close
4a03cd90 T f_lseek
4a03cfc0 T f_opendir
4a03d070 T f_readdir
4a03d0fc T f_stat
4a03d16c T f_getfree
4a03d2cc T f_truncate
4a03d3c8 T f_unlink
4a03d518 T f_mkdir
4a03d704 T f_chmod
4a03d790 T f_utime
4a03d828 T f_rename
4a03d9e8 T disk_initialize
4a03d9f0 T disk_status
4a03d9f8 T disk_read_fs
4a03da50 T disk_write
4a03daac T disk_ioctl
4a03dab4 t dirdelim
4a03dae8 T downcase
4a03db0c T disk_read
4a03db60 T fat_register_device
4a03dc70 T get_name
4a03dd34 T get_fatent
4a03de60 T get_cluster
4a03def4 T get_contents
4a03e070 T slot2str
4a03e13c T get_vfatname
4a03e2f8 T mkcksum
4a03e328 T read_bootsectandvi
4a03e418 T do_fat_read
4a03ecc8 T file_fat_detectfs
4a03ee20 T file_fat_ls
4a03ee30 T file_fat_read
4a03ee38 t set_name
4a03ef64 t disk_write
4a03eff0 t flush_fat_buffer
4a03f034 t get_fatent_value
4a03f17c t set_fatent_value
4a03f24c t set_cluster
4a03f2d8 t set_contents
4a03f490 t flush_dir_table.constprop.5
4a03f56c t do_fat_write
4a03ff90 T file_fat_write
4a03ffc4 T file_getfsname
4a03ffdc T file_cd
4a0401d0 T file_detectfs
4a04020c T file_ls
4a040290 T file_read
4a040324 T crc7
4a040354 T cyg_crc16
4a040398 T crc32_no_comp
4a040478 T crc32
4a04048c T crc32_wd
4a040490 T display_options
4a0404b0 T print_size
4a0405e4 T print_buffer
4a040730 T zfree
4a040738 T zalloc
4a040748 T zunzip
4a040850 T gunzip
4a0408fc t cmpkey
4a040910 T hcreate_r
4a0409b0 T hdestroy_r
4a040a24 T hstrstr_r
4a040ad0 T hmatch_r
4a040b70 T hsearch_r
4a040e5c T hdelete_r
4a040ee4 T hexport_r
4a041100 T himport_r
4a041340 t lmb_add_region
4a041508 T lmb_dump_all
4a04150c T lmb_init
4a041534 T lmb_add
4a041538 T lmb_free
4a04165c T lmb_reserve
4a041664 T lmb_overlaps_region
4a0416c0 T __lmb_alloc_base
4a0417f0 T lmb_alloc_base
4a041824 T lmb_alloc
4a04182c T lmb_is_reserved
4a04188c T __board_lmb_reserve
4a04188c W board_lmb_reserve
4a041890 T __arch_lmb_reserve
4a041894 T ldiv
4a0418bc T string_to_ip
4a041918 T qsort
4a0419e4 T strcmp_compar
4a0419f0 T strmhz
4a041a4c T __div64_32
4a041b1c T strcpy
4a041b34 T strncpy
4a041b58 T strcat
4a041b84 T strncat
4a041bd8 T strcmp
4a041c00 T strncmp
4a041c44 T strchr
4a041c78 T strlen
4a041c98 T strrchr
4a041cd4 T strnlen
4a041d00 T strdup
4a041d34 T strspn
4a041d74 T strpbrk
4a041db0 T strtok
4a041e28 T strsep
4a041e5c T strswab
4a041ea8 T bcopy
4a041ed0 T memmove
4a041f3c T memcmp
4a041f70 T memscan
4a041f9c T strstr
4a041ffc T memchr
4a04202c T udelay
4a04205c t string
4a0420f8 t put_dec
4a0422e0 t number
4a042548 T simple_strtoul
4a0425f4 T strict_strtoul
4a04266c T simple_strtol
4a042694 T ustrtoul
4a042708 T simple_strtoull
4a042808 T vsprintf
4a042c54 T sprintf
4a042c78 T panic
4a042cbc T __assert_fail
4a042cd0 T zcfree
4a042cd8 T zcalloc
4a042ce0 T inflate_fast
4a04328c T inflate_table
4a043850 T inflateReset
4a0438d0 T inflateInit2_
4a0439d4 T inflateInit_
4a0439e8 T inflateEnd
4a043a54 T adler32
4a043d10 T inflate
4a04536c T nand_get_mbr
4a045460 T nand_uboot_init
4a0454bc T nand_uboot_exit
4a045524 T nand_uboot_probe
4a045528 T nand_uboot_read
4a045544 T nand_uboot_write
4a045560 T nand_download_boot0
4a045598 T nand_download_uboot
4a0455d0 T nand_uboot_erase
4a0455d4 T nand_uboot_get_flash_info
4a0455d8 T nand_uboot_set_flash_info
4a0455e0 T nand_uboot_get_flash_size
4a0455e4 T nand_uboot_flush
4a0455e8 T nand_write_uboot
4a045610 T nand_read_uboot
4a045638 T nand_get_dev
4a045658 T nand_erase_uboot
4a045660 T nand_init_uboot
4a0456b4 T __NAND_UpdatePhyArch
4a0456cc T msg
4a0456ec T NAND_PhyInit
4a045734 T NAND_PhyExit
4a045750 T NAND_LogicWrite
4a045754 T NAND_LogicRead
4a045758 T NAND_LogicInit
4a045904 T NAND_LogicExit
4a045930 T NAND_build_all_partition
4a0459e8 T max_badblk
4a0459f4 T cal_real_chip
4a045a34 T mark_bad_block
4a045b9c T NAND_VersionGet
4a045bd0 T NAND_VersionCheck
4a045d8c T NAND_EraseBootBlocks
4a045df4 T NAND_EraseChip
4a046064 T NAND_BadBlockScan
4a0463e8 T NAND_UbootInit
4a046430 T NAND_UbootExit
4a046434 T NAND_UbootProbe
4a04644c T NAND_UbootRead
4a046450 T NAND_UbootWrite
4a046454 T NAND_Uboot_Erase
4a04649c T burn_boot0_1k_mode
4a04658c T burn_boot0_lsb_mode
4a0466ec T NAND_BurnBoot0
4a04673c T burn_uboot_in_one_blk
4a0468a0 T burn_uboot_in_many_blks
4a046a24 T NAND_BurnUboot
4a046ab4 T NAND_GetParam_store
4a046b10 T NAND_FlushCache
4a046b14 T nftl_add
4a046b8c T nftl_build_one
4a046bec T nftl_build_all
4a046c38 T nand_ftl_exit
4a046c68 T print_all_nftl_blk
4a046c9c T get_nftl_num
4a046cc0 T get_nftl_cap
4a046ce8 T get_first_nftl_cap
4a046cfc T nftl_read
4a046d6c T nftl_write
4a046ddc T nftl_flush_write_cache
4a046e14 T _CalculatePhyOpPar
4a046ed8 T ClearNandStruct
4a046eec T _ReadCheckSpare
4a0470dc T _WaitAllRbReady
4a04719c T _ChangeNandOpSta
4a047218 T _VirtualPageRead
4a0473ac T PHY_WaitAllRbReady
4a0473c0 T PHY_VirtualPageRead
4a047460 T PHY_VirtualPageWrite
4a047708 T PHY_VirtualBlockErase
4a047804 T PHY_VirtualBadBlockCheck
4a047b48 T PHY_VirtualBadBlockMark
4a047d98 T FMT_Init
4a047ebc T FMT_Exit
4a047ee4 T _cal_block_in_chip
4a047f70 T _read_single_page_seq
4a048168 T _read_single_page_1K
4a048348 T _read_single_page_spare
4a048c8c T _read_single_page_spare_first
4a048e38 T _read_single_page_spare_wait
4a048f98 T PHY_SimpleRead_Seq
4a048fac T PHY_SimpleRead_1K
4a048fc0 T PHY_SimpleRead_1KCurCH
4a048fc8 T PHY_BlockErase
4a0491b0 T _read_sectors
4a049924 T _read_sectors_first_new
4a049f4c T _read_sectors_first
4a04a6c0 T _read_sectors_wait
4a04a6c8 T _two_plane_read
4a04a918 T send_flag
4a04a948 T PHY_PageRead
4a04af04 T _cal_addr_in_chip_for_spare
4a04afc8 T _read_sectors_for_spare
4a04badc T PHY_PageReadSpare
4a04bfb8 T PHY_FreePageCheck
4a04c08c T PHY_PageWrite
4a04c398 T _single_copy_back
4a04c560 T _multi_copy_back
4a04c8e4 T PHY_PageCopyback
4a04c9dc T PHY_ScanDDRParam
4a04cbf8 T PHY_ReadNandUniqueId
4a04cdd8 T NandHwInit
4a04cf24 T NandHwExit
4a04cf38 T NandHwNormalStandby
4a04cf48 T NandHwNormalResume
4a04cf58 T NandHwSuperStandby
4a04d094 T NandHwSuperResume
4a04d270 T NandHwShutDown
4a04d314 T NandHw_DbgInfo
4a04d6f0 T NAND_GetPageSize
4a04d704 T NAND_GetLogicPageSize
4a04d728 T NAND_GetPageCntPerBlk
4a04d738 T NAND_GetBlkCntPerChip
4a04d750 T NAND_GetChipCnt
4a04d760 T NAND_GetChipConnect
4a04d770 T NAND_GetBadBlockFlagPos
4a04d778 T NAND_GetReadRetryType
4a04d788 T NAND_GetValidBlkRatio
4a04d798 T NAND_SetValidBlkRatio
4a04d7b0 T NAND_GetFrequencePar
4a04d7c0 T NAND_SetFrequencePar
4a04d7d8 T NAND_GetBlkCntOfDie
4a04d7e8 T NAND_GetDieSkipFlag
4a04d7fc T NAND_GetChannelCnt
4a04d80c T NAND_GetCurrentCH
4a04d81c T NAND_SetCurrentCH
4a04d82c T NAND_GetNandVersion
4a04d838 T NAND_GetVersion
4a04d84c T NAND_GetNandVersionDate
4a04d858 T NAND_GetParam
4a04d91c T NAND_GetFlashInfo
4a04d960 T _GetOldPhysicArch
4a04db14 T _SetNewPhysicArch
4a04dd40 T _UpdateExtMultiPlanePara
4a04deac T _UpdateExtAccessFreqPara
4a04df90 T NAND_UpdatePhyArch
4a04e024 T NAND_ReadPhyArch
4a04e0b8 T _SearchNandArchi
4a04e2b4 T SCN_AnalyzeNandSystem
4a04ea74 t nand_dumphex32
4a04eae4 T _add_cmd_list
4a04eb1c T _cal_addr_in_chip
4a04ebdc T _cal_real_chip
4a04ece4 T _cal_real_rb
4a04ed60 T _read_status
4a04ede8 T _wait_rb_ready
4a04ee34 T _wait_rb_ready_int
4a04ee98 T _pending_dma_irq_sem
4a04ee9c T _random_seed_init
4a04eea0 T _cal_random_seed
4a04eeb8 T _read_single_page_first
4a04f070 T _read_first_several_continuous_sects_first
4a04f214 T PHY_Init
4a04f2e0 T PHY_SetDefaultParam
4a04f3b4 T PHY_Readretry_reset
4a04f434 T PHY_ChangeMode
4a04f5e8 T PHY_Exit
4a04f740 T PHY_ResetChip
4a04f870 T PHY_ResetChip_CurCH
4a04f91c T _read_first_several_continuous_sects
4a04feb4 T _read_first_several_continuous_sects_wait
4a04ff4c T _read_single_page
4a05068c T _read_single_page_wait
4a05071c T PHY_ReadNandId
4a0508b0 T PHY_CheckWp
4a05097c T _pending_rb_irq_sem
4a050980 T _do_irq
4a050984 T PHY_SimpleRead
4a050998 T PHY_SimpleRead_CurCH
4a0509a0 T PHY_GetDefaultParam
4a050dcc T PHY_SimpleRead_2CH
4a050e88 T PHY_SynchBank
4a051100 T _write_single_page
4a0512a8 T _write_single_page_first
4a051400 T _write_single_page_wait
4a051478 T _write_single_page_seq
4a05161c T _write_single_page_1K
4a051788 T _erase_single_block
4a05184c T PHY_SimpleWrite
4a0518d8 T PHY_SimpleWrite_CurCH
4a051958 T PHY_SimpleWrite_Seq
4a0519e4 T PHY_SimpleWrite_1K
4a051a70 T PHY_SimpleWrite_1KCurCH
4a051af0 T PHY_SimpleErase
4a051b68 T PHY_SimpleErase_CurCH
4a051bd0 T PHY_SimpleErase_2CH
4a051c94 t dumphex32
4a051d04 T NFC_InitDDRParam
4a051d18 T nfc_repeat_mode_enable
4a051d44 T nfc_repeat_mode_disable
4a051d70 T _wait_cmdfifo_free
4a051e2c T _wait_cmd_finish
4a051f00 T _dma_config_start
4a051f04 T _wait_dma_end
4a052018 T _reset
4a05208c T _check_ecc
4a05216c T _disable_ecc
4a052190 T _enable_ecc
4a0521cc T _enter_nand_critical
4a0521d4 T _exit_nand_critical
4a0521dc T _set_addr
4a052248 T _read_in_page_mode
4a052420 T _read_in_page_mode_first
4a052554 T _read_in_page_mode_wait
4a05260c T _cal_first_valid_bit
4a05262c T _cal_valid_bits
4a052650 T _check_continuous_bits
4a05269c T _check_secbitmap_bit
4a0526e0 T _read_secs_in_page_mode
4a052d54 T _read_first_several_continous_sects_in_page_mode
4a052f24 T _read_first_several_continous_sects_in_page_mode_first
4a053074 T _read_first_several_continous_sects_in_page_mode_wait
4a053148 T NFC_Read
4a053174 T NFC_Read_First
4a053178 T NFC_Read_Wait
4a0531a4 T NFC_Read_First_Several_Continuous_Sects
4a0531d8 T NFC_Read_First_Several_Continuous_Sects_First
4a0531e4 T NFC_Read_First_Several_Continuous_Sects_Wait
4a053218 T NFC_ReadSecs
4a053278 T nfc_set_cmd_register
4a053334 T NFC_SetRandomSeed
4a053360 T NFC_RandomEnable
4a053388 T NFC_RandomDisable
4a0533b0 T NFC_GetId
4a05341c T NFC_NormalCMD
4a053454 T NFC_GetStatus
4a0534a4 T NFC_ResetChip
4a0534c8 T NFC_SelectChip
4a053510 T NFC_SelectRb
4a053540 T NFC_DeSelectChip
4a053548 T NFC_DeSelectRb
4a053550 T NFC_CheckRbReady
4a053580 T NFC_ChangMode
4a0536a8 T NFC_SetEccMode
4a0536d8 T NFC_Init
4a0537c4 T NFC_Exit
4a0537fc T _vender_get_param
4a0538b8 T _vender_set_param
4a053d04 T _vender_pre_condition
4a053de4 T _vender_get_param_otp_hynix
4a054164 T NFC_ReadRetry
4a054604 T NFC_ReadRetryInit
4a054a38 T NFC_GetOTPValue
4a054a7c T NFC_GetDefaultParam
4a054bd0 T NFC_SetDefaultParam
4a054f24 T NFC_ReadRetry_off
4a054fac T NFC_ReadRetry_0x32_UpperPage
4a054fe4 T NFC_ReadRetryExit
4a054fec T NFC_RbIntEnable
4a05500c T NFC_RbIntDisable
4a055030 T NFC_RbIntClearStatus
4a055050 T NFC_RbIntGetStatus
4a055070 T NFC_RbIntOccur
4a055098 T NFC_GetRbSelect
4a0550b8 T NFC_GetRbStatus
4a055104 T NFC_DmaIntEnable
4a055124 T NFC_DmaIntDisable
4a055148 T NFC_DmaIntClearStatus
4a055168 T NFC_DmaIntGetStatus
4a055188 T NFC_DmaIntOccur
4a0551b0 T _wait_twb
4a0551b4 T NFC_GetUniqueId
4a05522c T NFC_Write
4a0553c8 T NFC_Write_First
4a055520 T NFC_Write_Wait
4a055588 T NFC_Write_Seq
4a05576c T NFC_Write_1K
4a055948 T NFC_Erase
4a055980 T NFC_CopyBackRead
4a0559b8 T NFC_CopyBackWrite
4a0559f0 T _read_in_page_mode_seq
4a055bd4 T _read_in_page_mode_1K
4a055da4 T _read_in_page_mode_spare
4a055f30 T _read_in_page_mode_spare_first
4a056058 T _read_in_page_mode_spare_wait
4a0560dc T NFC_Read_Seq
4a05613c T NFC_Read_1K
4a05619c T NFC_Read_Spare
4a0561fc T NFC_Read_Spare_First
4a05622c T NFC_Read_Spare_Wait
4a056268 T _read_in_page_mode_sectors
4a056270 T NFC_LSBInit
4a056388 T LSB_GetDefaultParam
4a0563d0 T LSB_SetDefaultParam
4a0563e8 T NFC_LSBEnable
4a056444 T NFC_LSBDisable
4a056460 T NFC_LSBExit
4a0564f4 T change_block_addr
4a05653c T nand_mark_bad_blk
4a0565a4 T nand_is_blk_good
4a0565f8 T nand_write_page
4a056660 T nand_read_page
4a0566b0 T nand_erase_superblk
4a0566dc T build_nand_partition
4a0567d8 T free_nand_partition
4a0567f4 T BlockErase
4a056820 T bitmap_change
4a056860 T PageWrite
4a0568bc T PageRead
4a056918 T WaitAllRb
4a05692c T BlockCheck
4a056958 T is_factory_bad_block
4a0569b0 T is_new_bad_block
4a056a08 T add_new_bad_block
4a056a64 T put_factory_bad_block
4a056af8 T free_phy_partition
4a056b20 T print_phy_partition
4a056bec T print_all_bad_block
4a056c84 T build_phy_partition
4a057020 T get_next_phy_partition
4a057028 T get_disk_from_phy_partition
4a057030 T get_partitionNO
4a057038 T get_phy_partition_num
4a057058 T test_mbr
4a0570d4 T write_mbr
4a057188 T write_factory_block_table
4a0572a0 T print_factory_block_table
4a0572e4 T write_new_block_table
4a0573d4 T write_no_use_block
4a05747c T read_new_bad_block_table
4a0575c4 T print_nand_info
4a0576e4 T calc_crc32
4a05778c T build_all_phy_partition
4a057a94 T nand_info_init
4a057ed4 T get_head_phy_partition_from_nand_info
4a057edc T set_cache_level
4a057ee8 T _shutdown_op
4a057ef0 T _nand_flush_sector_write_cache
4a057efc T _nand_sector_write
4a057f04 T _nand_sector_read
4a057f0c T _nand_flush_write_cache
4a057f14 T _nand_write
4a057f1c T _nand_read
4a057f24 T nftl_malloc
4a057f50 T nftl_free
4a057f58 T add_nftl_blk_list
4a057f7c T del_last_nftl_blk
4a057fa8 T nftl_initialize
4a05819c T nftl_exit
4a0581c4 T nftl_cache_init
4a0582dc T nftl_cache_exit
4a058318 T search_from_cache_read_list
4a058340 T search_from_cache_write_list
4a058368 T get_empty_cahce_node
4a0583ac T add_to_cache_read_list_tail
4a0583ec T add_to_cache_write_list_tail
4a058430 T del_from_cache_read_list
4a058474 T nand_cache_read
4a058684 T del_from_cache_write_list
4a0586c8 T nand_op
4a0587d4 T __nand_write
4a058830 T __nand_read
4a05888c T flush_write_cache_to_nand
4a058970 T nand_cache_write
4a058ce8 T __nand_flush_write_cache
4a058d78 T __shutdown_op
4a058d80 T nftl_sector_cache_init
4a058e28 T nftl_sector_cache_exit
4a058e44 T search_from_sector_cache_write_list
4a058e6c T get_empty_sector_cahce_node
4a058eac T add_to_sector_cache_write_list_tail
4a058ef0 T del_from_sector_cache_write_list
4a058f34 T nand_sector_cache_read
4a058fa0 T __nand_sector_read
4a058fec T nand_sector_cache_write
4a0590d4 T __nand_sector_write
4a059120 T __nand_flush_sector_write_cache
4a059198 T nftl_start
4a059434 T nftl_zone_release
4a059468 T nftl_get_zone_cap
4a059470 T nftl_set_zone_test
4a05949c T nftl_get_zone_priv
4a0594a4 T nftl_add_zone_total_read
4a0594b4 T nftl_add_zone_total_write
4a0594c4 T nftl_get_zone_write_cache_nums
4a0594d0 T _nftl_nand_read_logic_page
4a0595d0 T do_write_error
4a0597bc T write_phy_data_to_current_block
4a059914 T write_logic_data_to_current_block
4a059a10 T write_data_to_page
4a059a84 T get_new_current_block
4a059b20 T new_block_init_for_write
4a059bd4 T do_before_write
4a059cd8 T check_invalid_page_right
4a059d7c T write_phy_page_map_to_current_block
4a059e14 T nftl_ops_init
4a059e98 T current_block_at_last_page
4a059eb8 T do_after_write
4a059f80 T nand_write_logic_page_no_gc
4a05a030 T _nftl_nand_write_logic_page
4a05a084 T current_block_at_first_page
4a05a094 T fill_no_use_data_to_page
4a05a1a8 T garbage_collect_first
4a05a4c0 T garbage_collect
4a05a5ec T get_empty_gc_node
4a05a624 T search_gc_node
4a05a648 T add_to_gc_list_tail
4a05a680 T del_from_gc_list
4a05a6bc T add_prio_gc
4a05a708 T do_prio_gc
4a05a8b0 T prio_gc_all
4a05a8dc T check_static_wear_leveling
4a05a9ec T done_static_wear_leveling
4a05aaf4 T do_static_wear_leveling
4a05ab30 T prio_gc_one
4a05ab6c T gc_one
4a05abc4 T gc_all
4a05abfc T check_block_phy_mapping
4a05ae20 T set_spare_data
4a05ae54 T get_spare_data
4a05ae80 T set_oob_logic_page
4a05aee4 T set_oob_special_page
4a05af3c T set_no_use_page
4a05af78 T set_start_block_flag
4a05afcc T set_end_block_flag
4a05b008 T get_bad_flag_from_oob
4a05b024 T get_block_used_count_from_oob
4a05b030 T get_logic_page_from_oob
4a05b048 T get_special_data_from_oob
4a05b054 T _nftl_nand_copy_page
4a05b104 T get_erase_count_from_oob
4a05b11c T is_ftl_start_flag_page
4a05b144 T is_ftl_end_flag_page
4a05b16c T is_ftl_special_data
4a05b180 T is_ftl_logic_page_data
4a05b198 T is_nouse_page
4a05b1dc T is_fill_page
4a05b1fc T is_phy_mapping_page
4a05b21c T get_logic_page_map
4a05b238 T malloc_logic_page_map
4a05b310 T free_logic_page_map
4a05b340 T check_logic_page_map
4a05b3c4 T set_physic_op_par
4a05b3e4 T zone_param_init
4a05b618 T zone_param_exit
4a05b64c T init_zone_after_first_scan
4a05b758 T recover_phy_page_mapping
4a05b870 T recover_logic_page_mapping
4a05b988 T do_write_error_in_build_list
4a05bab4 T mark_free_block
4a05bb40 T erase_block
4a05bc24 T first_scan_all_blocks
4a05be84 T is_last_phy_block
4a05bea4 T build_zone_list_first
4a05c1a8 T get_vaild_blocks
4a05c230 T is_no_use_device
4a05c36c T is_phy_block_valid
4a05c388 T get_phy_block_addr
4a05c39c T get_used_page_num
4a05c500 T cross_talk_rebuild_current_block
4a05c9f8 T get_used_block_count
4a05ca50 T current_block_ecc_error
4a05cc08 T get_current_used_block
4a05cf28 T second_scan_all_blocks
4a05d41c T block_last_page_ecc_error
4a05d6d8 T print_nftl_zone
4a05db14 T build_zone_list
4a05db8c T _nftl_nand_erase_superblk
4a05dbf4 T _nftl_nand_read_page
4a05dc5c T _nftl_nand_write_page
4a05dcc4 T _nftl_nand_is_blk_good
4a05dd10 T _nftl_nand_mark_bad_blk
4a05dd5c T add_free_list
4a05dda4 T del_free_list
4a05ddd8 T del_free_list_by_block
4a05de20 T is_block_in_free_list
4a05de48 T print_free_list
4a05dea8 T add_block_invalid_list
4a05def0 T del_block_invalid_list
4a05df1c T del_block_invalid_list_by_block
4a05df64 T is_block_in_invalid_list
4a05df8c T print_block_invalid_list
4a05dff0 T add_block_count_list
4a05e038 T del_block_count_list
4a05e054 T del_block_count_by_block
4a05e09c T print_block_count_list
4a05e0e8 T put_phy_block_to_free_list
4a05e128 T out_phy_block_from_free_list
4a05e15c T get_max_erase_time_from_free_list
4a05e1a0 T out_phy_block_from_free_list_by_block
4a05e1d4 T out_phy_block_from_free_list_by_erase_time
4a05e228 T put_phy_block_to_invalid_page_list
4a05e258 T out_phy_block_from_invalid_page_list
4a05e274 T out_phy_block_from_invalid_page_list_by_block
4a05e290 T phy_block_from_invalid_page_incr
4a05e36c T adjust_invaild_list
4a05e3b4 T NAND_Print
4a05e3c4 T NAND_CleanFlushDCacheRegion
4a05e3d4 T NAND_DMASingleMap
4a05e3dc T NAND_DMASingleUnmap
4a05e3e4 T NAND_WaitDmaFinish
4a05e3ec T NAND_RequestDMA
4a05e424 T NAND_DMAConfigStart
4a05e570 T NAND_ClkRequest
4a05e578 T NAND_ClkRelease
4a05e57c T NAND_AHBEnable
4a05e598 T NAND_ClkEnable
4a05e5b4 T _GetCmuClk
4a05e5e0 T NAND_SetClk
4a05e63c T NAND_GetClk
4a05e664 T NAND_PIORequest
4a05e690 T NAND_PIORelease
4a05e694 T NAND_Memset
4a05e698 T NAND_Memcpy
4a05e69c T NAND_Malloc
4a05e6a0 T NAND_Free
4a05e6a4 T OSAL_IrqUnLock
4a05e6a8 T OSAL_IrqLock
4a05e6ac T NAND_WaitRbReady
4a05e6b4 T NAND_IORemap
4a05e6b8 T NAND_VA_TO_PA
4a05e6bc T NAND_GetIOBaseAddrCH0
4a05e6c8 T NAND_GetIOBaseAddrCH1
4a05e6d4 T NAND_PhysicLockInit
4a05e6dc T NAND_PhysicLock
4a05e6e4 T NAND_PhysicUnLock
4a05e6ec T NAND_PhysicLockExit
4a05e6f4 T NAND_GetPlatform
4a05e6fc T NAND_GetNandExtPara
4a05e78c T NAND_GetNandIDNumCtrl
4a05e7e4 T initqueue
4a05e894 T destroyqueue
4a05e8c4 T resetqueue
4a05e918 T enqueue
4a05e91c T outqueue
4a05e920 T isqueueempty
4a05e938 T isqueuefull
4a05e960 T inqueue_query
4a05e988 T inqueue_ex
4a05e9b4 T outqueue_query
4a05e9cc T outqueue_ex
4a05ea00 T sunxi_queue_init
4a05ea48 T sunxi_queue_destroy
4a05ea58 T sunxi_queue_reset
4a05ea68 T sunxi_queue_isempty
4a05ea78 T sunxi_queue_isfull
4a05ea88 T sunxi_inqueue_query
4a05ea9c T sunxi_queue_in
4a05eaac T sunxi_outqueue_query
4a05eac8 T sunxi_queue_out
4a05ead8 t __download_normal_part
4a05f078 T sprite_card_firmware_start
4a05f080 T sprite_card_firmware_probe
4a05f0a4 T sprite_card_fetch_download_map
4a05f128 T sprite_card_fetch_mbr
4a05f1ac T sunxi_sprite_deal_part
4a05f724 T sunxi_sprite_deal_uboot
4a05f7f8 T sunxi_sprite_deal_boot0
4a05f8c4 T card_download_uboot
4a05f8e8 T card_download_boot0
4a05f90c T card_download_standard_mbr
4a05fadc T card_erase
4a05fba8 T sunxi_sprite_deal_part_from_sysrevoery
4a05fd24 T __imagehd
4a05fd40 T get_code_key
4a05fd84 T init_code
4a05fdf4 T encode
4a05fe0c T decode
4a05fe38 T exit_code
4a05fe40 T TFInitial
4a05feb8 T TFDecode
4a05ff08 T TFUnInitial
4a05ff30 T qp
4a05ffa8 T gen_qtab
4a05ffec T gen_mtab
4a0600bc T h_fun
4a06021c T gen_mk_tab
4a060590 T mds_rem
4a0605e8 T twofish_new_set_key
4a060714 T twofish_new_decrypt
4a060900 T unsparse_probe
4a06098c T unsparse_direct_write
4a060c28 T unsparse_checksum
4a060c38 T sunxi_sprite_download_mbr
4a060cec T sunxi_sprite_download_uboot
4a060de8 T sunxi_sprite_download_boot0
4a060ef4 T add_sum
4a060f64 T sunxi_sprite_part_rawdata_verify
4a061060 T sunxi_sprite_part_sparsedata_verify
4a061064 T sunxi_sprite_generate_checksum
4a0610e8 T sunxi_sprite_verify_checksum
4a061178 T sunxi_sprite_verify_mbr
4a061308 T sunxi_sprite_verify_dlmap
4a061348 T Img_Open
4a061450 T Img_GetSize
4a06148c T Img_OpenItem
4a061550 T Img_GetItemSize
4a061594 T Img_GetItemStart
4a061610 T Img_ReadItem
4a0616ec T Img_CloseItem
4a061718 T Img_Close
4a061774 T sunxi_sprite_store_part_data
4a061928 T sunxi_sprite_restore_part_data
4a061a98 T sunxi_sprite_probe_prvt
4a061b04 T sunxi_card_sprite_main
4a061f8c T sunxi_sprite_erase_flash
4a0621c8 T Img_Open_from_sysrecovery
4a0622cc T card_part_info
4a0623d4 T sprite_form_sysrecovery
4a0625a4 t sprite_timer_func
4a0625e8 T sprite_led_init
4a0626e8 T sprite_led_exit
4a062778 t sunxi_mass_reset
4a062790 t sunxi_mass_usb_rx_dma_isr
4a0627a4 t sunxi_mass_usb_tx_dma_isr
4a0627a8 t sunxi_mass_state_loop
4a062bf4 t sunxi_mass_standard_req_op
4a06305c t sunxi_mass_exit
4a063090 t sunxi_mass_nonstandard_req_op
4a0630f0 t sunxi_mass_init
4a063174 t sunxi_efex_reset
4a0631a0 t sunxi_efex_usb_rx_dma_isr
4a0631b4 t sunxi_efex_usb_tx_dma_isr
4a0631b8 t __sunxi_usb_efex_fill_status
4a063200 t sunxi_efex_state_loop
4a063dc4 t sunxi_efex_standard_req_op
4a0641b0 t sunxi_efex_exit
4a0641f4 t sunxi_efex_init
4a0642b4 t sunxi_efex_nonstandard_req_op
4a064314 t sunxi_fastboot_reset
4a06432c t sunxi_fastboot_nonstandard_req_op
4a064334 t sunxi_fastboot_usb_tx_dma_isr
4a064340 t sunxi_fastboot_usb_rx_dma_isr
4a064364 t __fastboot_reboot
4a0643a8 t sunxi_fastboot_state_loop
4a064de8 t sunxi_fastboot_standard_req_op
4a065250 t sunxi_fastboot_exit
4a065280 t sunxi_fastboot_init
4a06531c t sunxi_pburn_reset
4a065334 t sunxi_pburn_usb_rx_dma_isr
4a065348 t sunxi_pburn_usb_tx_dma_isr
4a06534c t sunxi_pburn_state_loop
4a065964 t sunxi_pburn_standard_req_op
4a065dcc t sunxi_pburn_exit
4a065e00 t sunxi_pburn_nonstandard_req_op
4a065e60 t sunxi_pburn_init
4a065ee4 T sunxi_usb_dev_register
4a065f4c t __usb_bulk_ep_reset
4a066030 t __usb_recv_by_dma_isr
4a0660ac t __usb_readcomplete.constprop.3
4a0660e4 t __usb_read_ep0_data
4a06617c T sunxi_usb_irq
4a066754 t __usb_writecomplete.constprop.4
4a0667a0 T sunxi_usb_init
4a066b04 T sunxi_usb_exit
4a066b84 T sunxi_udc_ep_reset
4a066b88 T sunxi_udc_start_recv_by_dma
4a066c08 T sunxi_udc_send_setup
4a066c50 T sunxi_udc_set_configuration
4a066c58 T sunxi_udc_set_address
4a066ca0 T sunxi_udc_send_data
4a066d38 T sunxi_udc_get_ep_max
4a066d48 T sunxi_udc_get_ep_in_type
4a066d50 T sunxi_udc_get_ep_out_type
4a066d58 T sunxi_usb_main_loop
4a066dd4 T board_init
4a066df8 T dram_init_banksize
4a066e60 T dram_init
4a0670fc T board_mmc_init
4a067110 T board_mmc_pre_init
4a067124 T board_mmc_get_num
4a06712c T board_mmc_set_num
4a067134 t sunxi_str_replace
4a0672f8 T sunxi_board_close_source
4a067324 T sunxi_board_restart
4a06736c T sunxi_board_shutdown
4a0673d4 T sunxi_board_run_fel
4a067444 T sunxi_board_run_fel_eraly
4a067498 T sunxi_update_subsequent_processing
4a067518 T fastboot_partition_init
4a0676f0 T check_android_misc
4a067b1c T board_late_init
4a067b30 T check_uart_input
4a067bd4 T check_update_key
4a067e08 T gpio_control
4a067e78 T check_boot_recovery_key
4a067f08 T battery_charge_cartoon_init
4a0680a0 T battery_charge_cartoon_exit
4a0680f0 T battery_charge_cartoon_rate
4a068154 T battery_charge_cartoon_reset
4a068180 T battery_charge_cartoon_degrade
4a0681c0 T board_display_layer_request
4a068214 T board_display_layer_release
4a06825c T board_display_wait_lcd_open
4a0682c0 T board_display_wait_lcd_close
4a068324 T board_display_set_exit_mode
4a068380 T board_display_layer_open
4a0683b4 T board_display_layer_close
4a0683e8 T board_display_layer_para_set
4a068424 T board_display_show_until_lcd_open
4a068444 T board_display_show
4a068458 T board_display_framebuffer_set
4a068580 T board_display_framebuffer_change
4a068614 T board_display_device_open
4a0689cc T board_status_probe
4a068f08 t power_int_irq
4a069010 T power_limit_detect_enter
4a069068 T power_limit_detect_exit
4a06908c T __usb_probe_vbus_type
4a069094 T power_limit_init
4a069154 t usb_clock_exit
4a0691a0 t timer_test_usbdc
4a0691d4 t usb_detect_irq_handler
4a06923c T usb_detect_enter
4a06939c T usb_detect_exit
4a0693d8 T usb_detect_for_charge
4a0693f4 T sprite_cartoon_screen_set
4a0694b4 T sprite_cartoon_test
4a06967c T sprite_cartoon_create
4a069790 T sprite_cartoon_upgrade
4a0697c0 T sprite_cartoon_destroy
4a0697dc T sprite_cartoon_progressbar_create
4a06988c T sprite_cartoon_progressbar_config
4a0698d4 T sprite_cartoon_progressbar_active
4a069938 T sprite_cartoon_progressbar_destroy
4a06997c T sprite_cartoon_progressbar_upgrate
4a069a38 T sprite_cartoon_ui_draw_hollowrectangle
4a069b0c T sprite_cartoon_ui_draw_solidrectangle
4a069bb8 T sprite_cartoon_ui_draw_line
4a069e64 T sprite_cartoon_ui_draw_lineto
4a069e9c T sprite_cartoon_ui_draw_point
4a069ecc T sprite_cartoon_ui_set_color
4a069ee0 T sprite_cartoon_ui_get_color
4a069ef0 T sprite_cartoon_ui_moveto
4a069f08 T sprite_cartoon_ui_clear
4a069f2c t uichar_change_newline
4a069fa0 T sprite_uichar_init
4a06a0c4 T sprite_uichar_printf
4a06a1ec t draw_pixel
4a06a240 T open_font
4a06a314 T close_font
4a06a35c T check_change_line
4a06a3b4 T draw_bmp_ulc
4a06a480 T draw_cursor
4a06a54c t is_valid_face
4a06a574 t release_hdl_res
4a06a628 T SFTE_New_Face
4a06a83c T SFTE_Done_Face
4a06a87c T SFTE_Set_Pixel_Sizes
4a06a9fc T SFTE_Get_Pixel_Sizes
4a06aa34 T SFTE_Get_Pixel_Size_List
4a06aa9c T SFTE_Get_Pixel_Size_Count
4a06aab4 T SFTE_Get_Glyph
4a06ac80 T SFTE_Get_XAdvance
4a06ad10 T sunxi_partition_get_total_num
4a06ad28 T sunxi_partition_get_name
4a06ad70 T sunxi_partition_get_offset
4a06ada0 T sunxi_partition_get_size
4a06add0 T sunxi_partition_get_offset_byname
4a06ae3c T sunxi_partition_get_size_byname
4a06aea8 T sunxi_partition_get_info_byname
4a06af30 T sunxi_partition_fetch_mbr
4a06af4c T sunxi_partition_refresh
4a06af94 T sunxi_partition_init
4a06b02c t _test_str_length
4a06b05c t sw_cfg_get_subkey
4a06b0ec t gpio_request_early.constprop.1
4a06b4a4 T sw_cfg_get_int
4a06b4d4 T sw_cfg_get_str
4a06b520 T script_parser_init
4a06b540 T script_parser_exit
4a06b550 T script_parser_fetch_subkey_start
4a06b600 T script_parser_fetch_subkey_next
4a06b698 T script_parser_fetch
4a06b8a8 T script_parser_patch
4a06babc T script_parser_subkey_count
4a06bb60 T script_parser_mainkey_count
4a06bb74 T script_parser_mainkey_get_gpio_count
4a06bc58 T script_parser_mainkey_get_gpio_cfg
4a06bdac T sw_gpio_init
4a06bdb4 T gpio_exit
4a06bdbc T gpio_request
4a06c22c T gpio_request_ex
4a06c2cc T gpio_request_simple
4a06c378 T gpio_release
4a06c570 T gpio_get_all_pin_status
4a06c808 T gpio_get_one_pin_status
4a06c978 T gpio_set_one_pin_status
4a06cb1c T gpio_set_one_pin_io_status
4a06cbe4 T gpio_set_one_pin_pull
4a06ccac T gpio_set_one_pin_driver_level
4a06cd74 T gpio_read_one_pin_value
4a06ce3c T gpio_write_one_pin_value
4a06cf1c T raise
4a06cf38 T __aeabi_unwind_cpp_pr0
4a06cf3c T __lshrdi3
4a06cf3c t __aeabi_llsr
4a06cf54 T __ashrdi3
4a06cf54 t __aeabi_lasr
4a06cf70 T __ashldi3
4a06cf70 t __aeabi_llsl
4a06cf88 T __aeabi_drsub
4a06cf90 T __aeabi_dsub
4a06cf90 T __subdf3
4a06cf94 T __adddf3
4a06cf94 T __aeabi_dadd
4a06d20c T __aeabi_ui2d
4a06d20c T __floatunsidf
4a06d22c T __floatsidf
4a06d22c t __aeabi_i2d
4a06d250 T __aeabi_f2d
4a06d250 T __extendsfdf2
4a06d28c T __aeabi_ul2d
4a06d28c T __floatundidf
4a06d29c T __aeabi_l2d
4a06d29c T __floatdidf
4a06d2f8 T __muldf3
4a06d2f8 t __aeabi_dmul
4a06d54c T __divdf3
4a06d54c t __aeabi_ddiv
4a06d71c T __fixdfsi
4a06d71c t __aeabi_d2iz
4a06d76c T __truncdfsf2
4a06d76c t __aeabi_d2f
4a06d80c T __aeabi_frsub
4a06d814 T __subsf3
4a06d814 t __aeabi_fsub
4a06d818 T __addsf3
4a06d818 t __aeabi_fadd
4a06d978 T __aeabi_ui2f
4a06d978 T __floatunsisf
4a06d980 T __floatsisf
4a06d980 t __aeabi_i2f
4a06d99c T __aeabi_ul2f
4a06d99c T __floatundisf
4a06d9ac T __aeabi_l2f
4a06d9ac T __floatdisf
4a06da28 T __mulsf3
4a06da28 t __aeabi_fmul
4a06db90 T __divsf3
4a06db90 t __aeabi_fdiv
4a06dcc8 T __fixsfsi
4a06dcc8 t __aeabi_f2iz
4a06dd20 r __func__.3019
4a06dd9c r volt_freq_table
4a06ddd4 r CorePllTbl
4a06e980 r CSWTCH.6
4a06e983 r CSWTCH.2
4a06e986 r CSWTCH.4
4a06e989 r CSWTCH.6
4a06f644 r boot_os
4a06f690 r __func__.3365
4a06f6a0 r baudrate_table
4a06f6b4 r __func__.3331
4a06f6cc V version_string
4a06f723 r CSWTCH.29
4a06f739 R default_environment
4a06fbf3 r __func__.3066
4a06fc03 r __func__.3073
4a06fc0e R sunxi_sprite_environment
4a06fc72 r __func__.4001
4a06fc85 r __func__.4008
4a06fc94 r uimage_os
4a06fd00 r uimage_arch
4a06fde4 r uimage_type
4a06feb0 r uimage_comp
4a06fef8 r erase_seq
4a06fefc r tab_seq
4a06ff08 r CSWTCH.13
4a073988 r block_drvr
4a073ce0 r multipliers
4a073d20 r fbase
4a074d4c r serial_ports
4a074e98 r CSWTCH.11
4a074eb2 r CSWTCH.232
4a074ebd r CSWTCH.233
4a074ec8 r CSWTCH.234
4a074ed3 r CSWTCH.235
4a074ede r CSWTCH.236
4a074ee9 r CSWTCH.2
4a074eed r CSWTCH.3
4a074ef1 r CSWTCH.4
4a074ef5 r CSWTCH.4
4a0750a0 r CSWTCH.275
4a0750a4 r CSWTCH.38
4a0750ba r CSWTCH.27
4a0750f2 r CSWTCH.29
4a07512a r CSWTCH.31
4a075142 r CSWTCH.33
4a07515a r CSWTCH.35
4a075176 r CSWTCH.18
4a07517c r sun7iw1p1_dss_features
4a0751c0 r sun7iw1p1_disp_num_layers
4a0751c4 r sun7iw1p1_disp_layer_horizontal_resolution
4a0751cc r sun7iw1p1_disp_layer_vertical_resolution
4a0751d4 r sun7iw1p1_disp_scaler_horizontal_resolution
4a0751dc r sun7iw1p1_disp_scaler_vertical_resolution
4a0751e4 r sun7iw1p1_disp_scaler_horizontal_resolution_in_out_limit
4a0751e8 r sun7iw1p1_disp_scaler_vertical_resolution_in_out_limit
4a0751ec r sun7iw1p1_disp_supported_output_types
4a0751f0 r sun7iw1p1_disp_layer_feats
4a0751f4 r sun7iw1p1_disp_scaler_layer_feats
4a0751f8 r sun7iw1p1_disp_enhance_feats
4a0751fc r sun7iw1p1_disp_de_flicker_support
4a075200 r sun7iw1p1_disp_smart_backlight_support
4a075204 r sun7iw1p1_disp_image_detail_enhance_support
4a0767e1 r __func__.3407
4a0767ed r __func__.3447
4a0767f4 r __func__.3274
4a0768f0 r filesystems
4a076bc4 R crc7_syndrome_table
4a076cc4 r crc16_tab
4a076ec4 r crc_table
4a0772c4 r names.3028
4a0772ca R _ctype
4a0773ca r digits.3016
4a0773da R hex_asc
4a077538 r lext.3255
4a077576 r lbase.3254
4a0775b4 r dext.3257
4a0775f4 r dbase.3256
4a077634 r lenfix
4a077e34 r distfix
4a077eb4 r order.3350
4a077edc R z_errmsg
4a078a1d r __func__.3555
4a078a2d r __func__.3569
4a078a3d r __func__.3580
4a078a4e r __func__.3595
4a078a5f r __func__.3623
4a078a73 r __func__.3638
4a078a88 r __func__.3649
4a078a9e r __func__.3673
4a078ab7 r __func__.3693
4a0790c9 r __FUNCTION__.3936
4a0798eb r __func__.3340
4a0798f6 r __func__.3442
4a079cc0 r __FUNCTION__.3609
4a079cd6 r __func__.3617
4a07aaae r CSWTCH.30
4a07aab1 r CSWTCH.32
4a07aab8 R random_seed
4a07b26d r __func__.3544
4a07b280 r __func__.3578
4a07b2ac R param0x30low
4a07b2ec R param0x30high
4a07b33c R param0x31
4a07b372 R param0x32
4a07b40a R para0
4a07b43a R para1
4a07b46a R para0x10
4a07b474 R para0x11
4a07b4ba R para0x20
4a07b532 R param0x40
4a07b546 R param0x50
4a0803cc R RequestSense
4a0803e0 R InquiryData
4a080408 R pburn_RequestSense
4a08041c R pburn_InquiryData
4a0817ec r __func__.3287
4a082a50 D timer_callback
4a082a60 d usbc_base_address
4a082a6c D init_sequence
4a082aa8 d cmd_bootm_sub
4a082b6c d dp_last_length
4a082b70 d cmd_env_sub
4a082c50 d env_id
4a082c54 D load_addr
4a082c58 D seed2
4a082c5c D seed1
4a082c60 D IGNORE_ENV_VARIABLE
4a082c74 d av_
4a08307c d sbrk_base
4a083080 d trim_threshold
4a083084 d mmap_threshold
4a083088 D env_offset
4a083090 D env_size
4a083094 D env_name_spec
4a083098 d reserved_list
4a08311c d hist_cur
4a083120 D stdio_names
4a08312c D dma_channal
4a0832ac D mmc_devices
4a0832b4 D sunxi_axp_dev
4a0832c4 D sunxi_axp_20
4a08331c D pwm_active_sta
4a08332c D sunxi_flash_read_pt
4a083330 D sunxi_flash_write_pt
4a083334 D sunxi_flash_size_pt
4a083338 D sunxi_flash_exit_pt
4a08333c D sunxi_flash_flush_pt
4a083340 D sunxi_flash_phyread_pt
4a083344 D sunxi_flash_phywrite_pt
4a083348 D sunxi_sprite_init_pt
4a08334c D sunxi_sprite_read_pt
4a083350 D sunxi_sprite_write_pt
4a083354 D sunxi_sprite_erase_pt
4a083358 D sunxi_sprite_size_pt
4a08335c D sunxi_sprite_exit_pt
4a083360 D sunxi_sprite_flush_pt
4a083364 D sunxi_sprite_phyread_pt
4a083368 D sunxi_sprite_phywrite_pt
4a08336c D sunxi_flash_init_pt
4a083370 D output_type
4a083374 D disp_clk_tbl
4a0835e4 D image_enhance_tab
4a0839e4 D csc_tab
4a083ce4 D tv_timing_tbl
4a08411c D dsi_lane_den
4a08412c D dsi_pixel_bits
4a08413c D tcon_div
4a084140 D clk_tab
4a084488 d io_name.6848
4a0846b8 D hsv_range_par
4a08470c D hsv_adjust_vivid_par
4a08474c D hsv_adjust_flesh_par
4a08478c D hsv_adjust_scenery_par
4a0847cc D spatial_coeff
4a0847d5 D intensity_coeff
4a0848d5 D hist_thres_pwrsv
4a0848e0 D PWRSAVE_PROC_THRES
4a0848e4 D drc_filter
4a0848fc D hist_thres_drc
4a084904 d deu_csc_tab
4a0849c4 D deu_lp_tab_s
4a084a41 D deu_lp_tab_l
4a084abe D deu_str_tab
4a084cc0 D panel_array
4a084cd8 D default_panel
4a084d08 D edp_anx9804_panel
4a084d38 D edp_anx6345_panel
4a084d68 D b079xan01_panel
4a084d98 D lp079x01_panel
4a084dc8 D video_mode
4a084dcc D video_timing
4a0850a4 D hdmi_clk
4a0850a8 d cur_part
4a0850ac D file_cwd
4a0852ac d current_filesystem
4a0852b0 D NandIDNumber
4a0852b4 D DefaultNandTbl
4a0852e0 D SandiskNandTbl
4a0853e8 D PowerNandTbl
4a085440 D SpansionNandTbl
4a0854f0 D StNandTbl
4a0856a8 D IntelNandTbl
4a085860 D MicronNandTbl
4a085c80 D ToshibaNandTbl
4a0860a0 D HynixNandTbl
4a0866d0 D SamsungNandTbl
4a086d00 d DefualtPhysicArchiPara
4a086d10 d PhysicArchiPara0
4a086d20 d PhysicArchiPara2
4a086d30 d PhysicArchiPara4
4a086d40 d PhysicArchiPara5
4a086d50 d PhysicArchiPara6
4a086d60 d PhysicArchiPara7
4a086d70 d PhysicArchiPara8
4a086d80 d PhysicArchiPara9
4a086d90 d PhysicArchiPara3
4a086da0 d PhysicArchiPara1
4a086db0 D qt0
4a086dd0 D qt1
4a086df0 D ashx
4a086e00 D ror4
4a086e10 D qt3
4a086e30 D qt2
4a086e50 D tab_5b
4a086e54 D tab_ef
4a086e58 D sunxi_usb_mass_dev
4a086e68 D setup_req_1
4a086e88 D sunxi_usb_mass_iProduct
4a086ea8 D sunxi_usb_mass_iManufacturer
4a086ec8 D sunxi_usb_mass_iSerialNum0
4a086ee8 D normal_LangID
4a086ef0 d sunxi_usb_efex_app_step
4a086ef4 D setup_req_2
4a086f14 D sunxi_usb_fastboot_dev
4a086f2c D setup_req_3
4a086f4c D sunxi_fastboot_normal_LangID
4a086f54 D sunxi_usb_pburn_dev
4a086f64 D setup_req_4
4a086f84 D sunxi_usb_pburn_iProduct
4a086fa4 D sunxi_usb_pburn_iManufacturer
4a086fc4 D sunxi_usb_pburn_iSerialNum0
4a086fe4 D sunxi_usb_pbur_normal_LangID
4a086ff8 A __u_boot_cmd_start
4a086ff8 D __u_boot_cmd_key_test
4a087014 D __u_boot_cmd_reset
4a087030 D __u_boot_cmd_go
4a08704c D __u_boot_cmd_boota
4a087068 D __u_boot_cmd_bootd
4a087084 D __u_boot_cmd_boot
4a0870a0 D __u_boot_cmd_bootm
4a0870bc D __u_boot_cmd_pburn
4a0870d8 D __u_boot_cmd_bootvx
4a0870f4 D __u_boot_cmd_bootelf
4a087110 D __u_boot_cmd_exit
4a08712c D __u_boot_cmd_fatinfo
4a087148 D __u_boot_cmd_fatls
4a087164 D __u_boot_cmd_fatdown
4a087180 D __u_boot_cmd_fatload
4a08719c D __u_boot_cmd_efex
4a0871b8 D __u_boot_cmd_question_mark
4a0871d4 D __u_boot_cmd_help
4a0871f0 D __u_boot_cmd_memcpy_test
4a08720c D __u_boot_cmd_mass_test
4a087228 D __u_boot_cmd_fastboot_test
4a087244 D __u_boot_cmd_sprite_test
4a087260 D __u_boot_cmd_timer_test1
4a08727c D __u_boot_cmd_timer_test
4a087298 D __u_boot_cmd_mtest
4a0872b4 D __u_boot_cmd_loop
4a0872d0 D __u_boot_cmd_base
4a0872ec D __u_boot_cmd_crc32
4a087308 D __u_boot_cmd_cmp
4a087324 D __u_boot_cmd_cp
4a087340 D __u_boot_cmd_mw
4a08735c D __u_boot_cmd_nm
4a087378 D __u_boot_cmd_mm
4a087394 D __u_boot_cmd_md
4a0873b0 D __u_boot_cmd_mmc
4a0873cc D __u_boot_cmd_mmcinfo
4a0873e8 D __u_boot_cmd_run
4a087404 D __u_boot_cmd_setenv
4a087420 D __u_boot_cmd_printenv
4a08743c D __u_boot_cmd_env
4a087458 D __u_boot_cmd_saveenv
4a087474 D __u_boot_cmd_recovery
4a087490 D __u_boot_cmd_shutdown
4a0874ac D __u_boot_cmd_standby
4a0874c8 D __u_boot_cmd_logo
4a0874e4 D __u_boot_cmd_sunxi_bmp_show
4a087500 D __u_boot_cmd_sunxi_bmp_info
4a08751c D __u_boot_cmd_sunxi_flash
4a087538 D __u_boot_cmd_sunxi_boot_signature
4a087554 D __u_boot_cmd_save_userdata
4a087570 D __u_boot_cmd_true
4a08758c D __u_boot_cmd_false
4a0875a8 D __u_boot_cmd_test
4a0875c4 D __u_boot_cmd_version
4a0875e0 D __u_boot_cmd_showvar
4a0875fc A __image_copy_end
4a0875fc A __u_boot_cmd_end
4a0875fc B __bss_start
4a0875fc B sunxi_int_handlers
4a0875fc R __rel_dyn_start
4a0879a4 b timer_used_status
4a0879a8 b usbc_info_g
4a0879c0 b usbc_otg_array
4a087a40 B monitor_flash_len
4a087a44 b params
4a087a48 b boot_hdr
4a087c48 b images
4a087d74 B burn_private_start
4a087d78 B burn_private_len
4a087d7c b timer_test_flag
4a087d84 B timer1_t
4a087d94 B timer0_t
4a087da4 b base_address
4a087da8 b dp_last_addr
4a087dac b dp_last_size
4a087db0 b mm_last_addr
4a087db4 b mm_last_size
4a087db8 B pblc_keys
4a087dc0 B prvt_keys
4a087dc8 B key
4a087dcc B cryptTable
4a0891cc B USER_DATA_NUM
4a0891d0 B USER_DATA_NAME
4a089310 b tmp_buf.2968
4a089510 b tmp_buf
4a089610 b ctrlc_disabled
4a089614 b ctrlc_was_pressed
4a089618 B mem_malloc_brk
4a08961c B mem_malloc_start
4a089620 B mem_malloc_end
4a089624 b current_mallinfo
4a08964c b top_pad
4a089650 b max_sbrked_mem
4a089654 b max_total_mem
4a089658 b n_mmaps_max
4a08965c B env_htab
4a089668 B env_ptr
4a08966c b top_vars
4a089670 b flag_repeat
4a089674 b do_repeat
4a089678 b the_command.3189
4a089778 b local.3173
4a08978e b buf.3387
4a0897b8 B last_return_code
4a0897bc b map
4a0898bc b ifs
4a0898c0 B nesting_level
4a0898c4 b initted.3180
4a0898c8 b hist_max
4a0898cc b hist_add_idx
4a0898d0 B hist_num
4a0898d4 B hist_lines
4a08ace8 B hist_list
4a08ad38 B console_buffer
4a08ae3c b devs
4a08ae78 B stdio_devices
4a08ae84 b boot_heap_tail
4a08ae94 b boot_heap_head
4a08aea4 b xyz
4a08b2e0 b dma_int_count
4a08b2e8 B mmc_dev
4a08b828 B mmc_host
4a08b8a8 b power_int_value
4a08b8b0 b dcdc3_user_set
4a08b8b4 b ldo2_user_set
4a08b8b8 b ldo3_user_set
4a08b8bc b ldo4_user_set
4a08b8c0 B pwm_pin_count
4a08b8d0 B pwm_gpio_info
4a08ba90 b mmc_boot
4a08ba94 b mmc_sprite
4a08ba98 b sunxi_flash_blk_dev
4a08bb14 b lcd_flow_cnt
4a08bb1c B lcd_timer
4a08bb3c b lcd_op_finished
4a08bb3e b lcd_op_start
4a08bb40 B g_disp_drv
4a08bb54 b display_opens
4a08bb58 b gbuffer
4a08fb58 B g_fbi
4a08fe48 B image_reg_base
4a08fe50 B fir_tab
4a08fe54 b scal_dev
4a08fe5c b de_scal_ch0_offset
4a08fe60 b de_scal_ch1_offset
4a08fe64 b de_scal_ch2_offset
4a08fe68 b de_scal_trd_itl_en
4a08fe6c b de_scal_trd_fp_en
4a08fe70 b de_scal_ch0r_offset
4a08fe74 b de_scal_ch1r_offset
4a08fe78 b de_scal_ch2r_offset
4a08fe7c b lcd_dev
4a08fe84 B tve_reg_base0
4a08fe88 B tve_reg_base1
4a08fe8c b dsi_dev
4a08fe90 b dphy_dev
4a08fe94 B MipiPllCtl
4a08fe98 B MipipllBias
4a08fe9c B h_debe0ahbclk
4a08fea0 B h_debe0mclk
4a08fea4 B h_debe0dramclk
4a08fea8 B g_clk_status
4a08feac B h_debe1ahbclk
4a08feb0 B h_debe1mclk
4a08feb4 B h_debe1dramclk
4a08feb8 B h_defe0ahbclk
4a08febc B h_defe0dramclk
4a08fec0 B h_defe0mclk
4a08fec4 B h_defe1ahbclk
4a08fec8 B h_defe1dramclk
4a08fecc B h_defe1mclk
4a08fed0 B h_lcd0ahbclk
4a08fed4 B h_lcd0ch0mclk0
4a08fed8 B h_lcd0ch1mclk1
4a08fedc B h_lcd0ch1mclk2
4a08fee0 B h_lcd1ahbclk
4a08fee4 B h_lcd1ch0mclk0
4a08fee8 B h_lcd1ch1mclk1
4a08feec B h_lcd1ch1mclk2
4a08fef0 B h_tvenc0ahbclk
4a08fef4 B h_tvenc1ahbclk
4a08fef8 B h_hdmiahbclk
4a08fefc B h_hdmimclk
4a08ff00 B h_hdmimclk_ddc
4a08ff04 B h_lvdsmclk
4a08ff08 B h_dsiahbclk
4a08ff0c B h_dsimclk_s
4a08ff10 B h_dsimclk_p
4a08ff14 B gdisp
4a091f6c b vint_count
4a091f74 b vint_time_index
4a091f7c b lint_count
4a091f84 b open_flow
4a091fe4 b close_flow
4a092044 B gpanel_info
4a092f8c R __dynsym_start
4a092f8c R __rel_dyn_end
4a09309c A _end
4a09309c A _standby_start_lma
4a0932d4 b lcd_panel_fun
4a0932f4 B g_video
4a093734 b maf_flag_mem
4a093744 b dit_mode_default
4a09374c b video_time_index
4a09376c B cmu_reg_base
4a093774 b cmu_mem
4a09377c b frame_info.6775
4a0937a0 b sunxi_disp_current_features
4a0937a4 b h_drcahbclk0
4a0937a8 b h_drcdramclk0
4a0937ac b h_drcmclk0
4a0937b0 b h_drcahbclk1
4a0937b4 b h_drcdramclk1
4a0937b8 b h_drcmclk1
4a0937bc b g_drc_clk_status
4a0937c0 b giep
4a093868 b gpwrsv
4a0938a0 b pttab
4a0938a8 b printf_cnt
4a0938ac b g_iep_status
4a0938b4 B pwrsv_lgc_tab
4a0938b8 b drc_reg_bak
4a0938c0 b drc_dev
4a0938c8 b h_deuahbclk0
4a0938cc b h_deudramclk0
4a0938d0 b h_deumclk0
4a0938d4 b h_deuahbclk1
4a0938d8 b h_deudramclk1
4a0938dc b h_deumclk1
4a0938e0 b g_deu_clk_status
4a0938e4 b count.6732
4a0938e8 b gdeu
4a093960 b frameinfo.6725
4a093984 b plptab
4a093988 b g_strtab_addr
4a09398c b g_deu_status
4a093994 b deu_reg_bak
4a09399c b deu_dev
4a0939a4 B g_lcd_drv
4a093a08 B hdmi_state
4a093a0c B audio_info
4a093a2c B Device_Support_VIC
4a093c2c B HPD
4a093c30 B hdmi_pll
4a093c34 b times.5485
4a093c38 B video_enable
4a093c39 B YCbCr444_Support
4a093c3a B isHDMI
4a093c3b B EDID_Buf
4a09403c B HDMI_BASE
4a094040 b FatFs
4a094044 b Fsid
4a094046 b aw_pad_align
4a094048 b fatfs_aw_fat_buffer
4a494048 b aw_fat_flags
4a4942c8 B cur_dev
4a4942cc B part_offset
4a4942d0 B get_vfatname_block
4a4a42d0 B do_fat_read_block
4a4b42d0 B get_dentfromdir_block
4a4c42d0 b total_sector
4a4c42d4 b dir_curclust
4a4c42d8 b empty_dentptr
4a4c42dc B errno
4a4c42e0 B ___strtok
4a4c42e4 b nand_open_times
4a4c42e8 b nand_blk_dev
4a4c4364 b g_nand_info
4a4c4368 B nand_mbr
4a4c4a30 B mbr_burned_flag
4a4c4a34 b nand_partition_num
4a4c4a38 b flash_scaned
4a4c4a3c b nand_para_store
4a4c4b3c B nftl_blk_head
4a4c4b7c B LogicArchiPar
4a4c4b8c b CurNandOpSta
4a4c4b90 B DieCntOfNand
4a4c4b94 b SuperBlkCntOfDie
4a4c4b98 B lsb_page
4a4c4ba0 B aw_nand_info
4a4c5088 B nand_reg_back
4a4c5210 B NandSupportTwoPlaneOp
4a4c5214 B CurrentDriverTwoPlaneOPCfg
4a4c5218 B NandStorageInfo
4a4c5278 B RetryCount
4a4c5298 B PageCachePool
4a4c52b0 B ddr_param
4a4c52d0 B NandIOBase
4a4c52d8 B NandIndex
4a4c52dc B nand_dma_addr
4a4c52e4 B pagesize
4a4c52e8 B read_retry_mode
4a4c52e9 B read_retry_cycle
4a4c52ea B read_retry_reg_num
4a4c52ec B read_retry_val
4a4c556c B read_retry_default_val
4a4c55ec B read_retry_reg_adr
4a4c55fc B hynix_read_retry_otp_value
4a4c57fc B irq_value
4a4c5800 B nand_board_version
4a4c5804 B nand_reg_address
4a4c5808 B lsb_mode_reg_num
4a4c5809 B lsb_mode_reg_adr
4a4c5811 B lsb_mode_val
4a4c5819 B lsb_mode_default_val
4a4c5824 B hDMA
4a4c5828 B malloc_size
4a4c582c b Q
4a4c5830 b imghd
4a4c5834 b imgitemhd
4a4c5838 B handle
4a4c583c B twi_org
4a4c7af8 b android_format_checksum
4a4c7afc b last_rest_size
4a4c7b00 b chunk_count
4a4c7b04 b chunk_length
4a4c7b08 b sparse_format_type
4a4c7b0c b flash_start
4a4c7b10 b total_chunks
4a4c7b14 b globl_header
4a4c7b30 B img_file_start
4a4c7b34 B part_info
4a4c7db4 b sprite_led_hd
4a4c7db8 b sprite_led_status
4a4c7dbc B TIMER0
4a4c7dcc b sunxi_usb_mass_write_enable
4a4c7dd0 b sunxi_usb_mass_status
4a4c7dd4 b cbw.4418
4a4c7dd8 b csw.4419
4a4c7de8 b trans_data
4a4c7e0c b mass_flash_start.4420
4a4c7e10 b mass_flash_sectors.4421
4a4c7e14 b sunxi_usb_efex_write_enable
4a4c7e18 b sunxi_usb_efex_status
4a4c7e1c b trans_data
4a4c7e50 b cbw.4741
4a4c7e54 b csw.4742
4a4c7e64 b cmd_buf
4a4c7e68 b sunxi_efex_next_action
4a4c7e6c b sunxi_usb_fastboot_write_enable
4a4c7e70 b sunxi_usb_fastboot_status
4a4c7e74 b trans_data
4a4c7e90 b all_download_bytes
4a4c7e94 B fastboot_data_flag
4a4c7e98 b sunxi_usb_pburn_write_enable
4a4c7e9c b sunxi_usb_pburn_status
4a4c7ea0 b cbw.4427
4a4c7ea4 b csw.4428
4a4c7eb4 b trans_data
4a4c7ed8 b pburn_flash_start.4429
4a4c7edc b pburn_flash_sectors.4430
4a4c7ee0 B sunxi_udc_source
4a4c7f0c b sunxi_ubuf
4a4c7f20 B sunxi_udev_active
4a4c7f24 b ep0_stage.4411
4a4c7f28 b sunxi_usb_ep0_buffer
4a4c8128 b misc_message.3764
4a4c812c B bat_bmp_store
4a4c81dc b bat_catoon_has_init
4a4c81e0 b pre_bat_cal
4a4c81e4 B boot_standby_action
4a4c81e8 b usb_working
4a4c81ec B timer_for_usb
4a4c81fc B sprite_source
4a4c8218 b progressbar_hd
4a4c821c b last_rate
4a4c8220 B progress
4a4c8258 B ui_char_info
4a4c827c B font
4a4c8280 B face
4a4c8284 b mbr_status
4a4c8288 b mbr_buf
4a4cc288 B __bss_end__
