Archive member included because of file (symbol)

nand_sunxi/sun7i/libnand-sun7i(nftl_uboot_interface.o)
                              nand_sunxi/nand_interface/libnand_interface.o (nftl_build_one)
nand_sunxi/sun7i/libnand-sun7i(nand_format.o)
                              nand_sunxi/nand_interface/libnand_interface.o (ClearNandStruct)
nand_sunxi/sun7i/libnand-sun7i(nand_phy.o)
                              nand_sunxi/nand_interface/libnand_interface.o (PHY_SimpleRead_Seq)
nand_sunxi/sun7i/libnand-sun7i(nand_physic_interface.o)
                              nand_sunxi/nand_interface/libnand_interface.o (NandHwInit)
nand_sunxi/sun7i/libnand-sun7i(nand_scan.o)
                              nand_sunxi/nand_interface/libnand_interface.o (NAND_GetPageSize)
nand_sunxi/sun7i/libnand-sun7i(nand_simple_r.o)
                              nand_sunxi/sun7i/libnand-sun7i(nand_phy.o) (_add_cmd_list)
nand_sunxi/sun7i/libnand-sun7i(nand_simple_w.o)
                              nand_sunxi/sun7i/libnand-sun7i(nand_phy.o) (_write_single_page_first)
nand_sunxi/sun7i/libnand-sun7i(nfc_r.o)
                              nand_sunxi/sun7i/libnand-sun7i(nand_phy.o) (NFC_InitDDRParam)
nand_sunxi/sun7i/libnand-sun7i(nfc_w.o)
                              nand_sunxi/sun7i/libnand-sun7i(nand_phy.o) (NFC_GetUniqueId)
nand_sunxi/sun7i/libnand-sun7i(build_nand_partition.o)
                              nand_sunxi/sun7i/libnand-sun7i(nftl_uboot_interface.o) (build_nand_partition)
nand_sunxi/sun7i/libnand-sun7i(build_phy_partition.o)
                              nand_sunxi/sun7i/libnand-sun7i(build_nand_partition.o) (WaitAllRb)
nand_sunxi/sun7i/libnand-sun7i(nand_info_init.o)
                              nand_sunxi/sun7i/libnand-sun7i(build_phy_partition.o) (write_new_block_table)
nand_sunxi/sun7i/libnand-sun7i(nftl_init.o)
                              nand_sunxi/sun7i/libnand-sun7i(nftl_uboot_interface.o) (nftl_malloc)
nand_sunxi/sun7i/libnand-sun7i(nand_id.o)
                              nand_sunxi/sun7i/libnand-sun7i(nand_scan.o) (DefaultNandTbl)
nand_sunxi/sun7i/libnand-sun7i(nftl_cache.o)
                              nand_sunxi/sun7i/libnand-sun7i(nftl_init.o) (__nand_write)
nand_sunxi/sun7i/libnand-sun7i(nftl_sector_cache.o)
                              nand_sunxi/sun7i/libnand-sun7i(nftl_init.o) (__nand_sector_read)
nand_sunxi/sun7i/libnand-sun7i(nftl_start.o)
                              nand_sunxi/sun7i/libnand-sun7i(nftl_init.o) (nftl_start)
nand_sunxi/sun7i/libnand-sun7i(nftl_interface.o)
                              nand_sunxi/sun7i/libnand-sun7i(nftl_init.o) (nftl_get_zone_cap)
nand_sunxi/sun7i/libnand-sun7i(nftl_logic.o)
                              nand_sunxi/sun7i/libnand-sun7i(nftl_start.o) (nftl_ops_init)
nand_sunxi/sun7i/libnand-sun7i(nftl_gc.o)
                              nand_sunxi/sun7i/libnand-sun7i(nftl_logic.o) (garbage_collect)
nand_sunxi/sun7i/libnand-sun7i(nftl_common.o)
                              nand_sunxi/sun7i/libnand-sun7i(nftl_logic.o) (set_oob_logic_page)
nand_sunxi/sun7i/libnand-sun7i(nftl_build.o)
                              nand_sunxi/sun7i/libnand-sun7i(nftl_start.o) (zone_param_init)
nand_sunxi/sun7i/libnand-sun7i(nftl_hw_interface.o)
                              nand_sunxi/sun7i/libnand-sun7i(nftl_logic.o) (_nftl_nand_erase_superblk)
nand_sunxi/sun7i/libnand-sun7i(nftl_list.o)
                              nand_sunxi/sun7i/libnand-sun7i(nftl_gc.o) (is_block_in_free_list)
/mnt/hdd1/ccfrom/A20_Tablet/A20_Tablet_repo_cut/lichee/brandy/gcc-linaro/bin/../lib/gcc/arm-linux-gnueabi/4.6.3/libgcc.a(_lshrdi3.o)
                              lib/libgeneric.o (__aeabi_llsr)
/mnt/hdd1/ccfrom/A20_Tablet/A20_Tablet_repo_cut/lichee/brandy/gcc-linaro/bin/../lib/gcc/arm-linux-gnueabi/4.6.3/libgcc.a(_ashrdi3.o)
                              drivers/video_sun7i/libvideo_sunxi.o (__aeabi_lasr)
/mnt/hdd1/ccfrom/A20_Tablet/A20_Tablet_repo_cut/lichee/brandy/gcc-linaro/bin/../lib/gcc/arm-linux-gnueabi/4.6.3/libgcc.a(_ashldi3.o)
                              drivers/mmc/libmmc.o (__aeabi_llsl)
/mnt/hdd1/ccfrom/A20_Tablet/A20_Tablet_repo_cut/lichee/brandy/gcc-linaro/bin/../lib/gcc/arm-linux-gnueabi/4.6.3/libgcc.a(_arm_addsubdf3.o)
                              drivers/power/libpower.o (__aeabi_i2d)
/mnt/hdd1/ccfrom/A20_Tablet/A20_Tablet_repo_cut/lichee/brandy/gcc-linaro/bin/../lib/gcc/arm-linux-gnueabi/4.6.3/libgcc.a(_arm_muldivdf3.o)
                              drivers/power/libpower.o (__aeabi_dmul)
/mnt/hdd1/ccfrom/A20_Tablet/A20_Tablet_repo_cut/lichee/brandy/gcc-linaro/bin/../lib/gcc/arm-linux-gnueabi/4.6.3/libgcc.a(_arm_fixdfsi.o)
                              drivers/power/libpower.o (__aeabi_d2iz)
/mnt/hdd1/ccfrom/A20_Tablet/A20_Tablet_repo_cut/lichee/brandy/gcc-linaro/bin/../lib/gcc/arm-linux-gnueabi/4.6.3/libgcc.a(_arm_truncdfsf2.o)
                              board/sunxi/libsunxi.o (__aeabi_d2f)
[...]
Memory Configuration

Name             Origin             Length             Attributes
*default*        0x00000000         0xffffffff

Linker script and memory map

                0x4a000000                . = 0x4a000000
                0x4a000000                . = ALIGN (0x4)

.head           0x4a000000      0x500
 arch/arm/cpu/armv7/sun7i/spare_head.o(.data)
 .data          0x4a000000      0x500 arch/arm/cpu/armv7/sun7i/spare_head.o
                0x4a000000                uboot_spare_head
                0x4a000500                . = ALIGN (0x1)

.text           0x4a000500    0x6d814
                0x4a000500                __int_vector_start = .
 arch/arm/cpu/armv7/start.o(.text*)
 .text          0x4a000500      0x500 arch/arm/cpu/armv7/start.o
                0x4a000500                _start
                0x4a000540                _end_vect
                0x4a000540                _TEXT_BASE
                0x4a000544                _bss_start_ofs
                0x4a000548                _image_copy_end_ofs
                0x4a00054c                _bss_end_ofs
                0x4a000550                _end_ofs
                0x4a000554                __int_vector_start__
                0x4a000558                __int_vector_end__
                0x4a00055c                _standby_start__
                0x4a000560                _standby_end__
                0x4a000564                _standby_start_lma__
                0x4a000568                IRQ_STACK_START
                0x4a00056c                FIQ_STACK_START
                0x4a000570                IRQ_STACK_START_IN
                0x4a0005a8                relocate_code
                0x4a000a00                __int_vector_end = .
 *(EXCLUDE_FILE(board/sunxi/sun7i/standby/libstandby.o) .text)
 .text          0x4a000a00        0x0 arch/arm/cpu/armv7/sun7i/spare_head.o
 .text          0x4a000a00      0x32c arch/arm/cpu/armv7/libarmv7.o
                0x4a000bb0                invalidate_dcache_all
                0x4a000bc4                flush_dcache_all
                0x4a000bd8                flush_icache_all
                0x4a000be4                invalidate_dcache_range
                0x4a000c08                flush_dcache_range
                0x4a000c2c                arm_init_before_mmu
                0x4a000c54                flush_cache
                0x4a000c5c                invalidate_icache_all
                0x4a000c74                __v7_outer_cache_enable
                0x4a000c78                v7_outer_cache_disable
                0x4a000c78                __v7_outer_cache_disable
                0x4a000c7c                __v7_outer_cache_flush_all
                0x4a000c7c                v7_outer_cache_flush_all
                0x4a000c80                __v7_outer_cache_inval_all
                0x4a000c84                __v7_outer_cache_flush_range
                0x4a000c88                __v7_outer_cache_inval_range
                0x4a000c88                v7_outer_cache_inval_range
                0x4a000c8c                save_boot_params_default
                0x4a000c8c                save_boot_params
                0x4a000c90                cleanup_before_linux
                0x4a000cb0                cpu0_set_detected_paras
                0x4a000cb0                __cpu0_set_detected_paras
                0x4a000cb4                arch_cpu_init
                0x4a000cc8                sdelay
                0x4a000cd4                sr32
                0x4a000cf8                wait_on_value
 .text          0x4a000d2c     0x2ec8 arch/arm/cpu/armv7/sun7i/libsun7i.o
                0x4a000d44                irq_enable
                0x4a000dbc                irq_disable
                0x4a000e34                irq_install_handler
                0x4a000e7c                irq_free_handler
                0x4a000eb4                do_irq
                0x4a000fa0                arch_interrupt_init
                0x4a001110                arch_interrupt_exit
                0x4a001118                sunxi_clock_get_corepll
                0x4a001164                sunxi_clock_get_axi
                0x4a0011b4                sunxi_clock_get_ahb
                0x4a0011d4                sunxi_clock_get_apb1
                0x4a0011fc                sunxi_clock_get_apb2
                0x4a001218                sunxi_clock_set_corepll
                0x4a0013b8                sunxi_clock_set_pll6
                0x4a0013d4                sunxi_clock_set_mbus
                0x4a001448                sunxi_clock_get_pll6
                0x4a001488                timer1_func
                0x4a0014e8                timer0_func
                0x4a001548                timer_init
                0x4a001580                timer_exit
                0x4a0015c8                watchdog_disable
                0x4a0015dc                watchdog_enable
                0x4a0015f8                get_timer
                0x4a001614                runtime_tick
                0x4a001624                get_timer_masked
                0x4a001634                __usdelay
                0x4a00165c                __msdelay
                0x4a00167c                get_ticks
                0x4a001698                get_tbclk
                0x4a0016a0                init_timer
                0x4a0016a4                add_timer
                0x4a0017c0                del_timer
                0x4a00183c                stick_printf
                0x4a001860                tick0_printf
                0x4a0018b4                print_boot_type
                0x4a001930                get_base
                0x4a00193c                s_init
                0x4a001940                reset_cpu
                0x4a00194c                v7_outer_cache_enable
                0x4a001950                v7_outer_cache_inval_all
                0x4a001954                v7_outer_cache_flush_range
                0x4a001958                enable_caches
                0x4a001968                disable_caches
                0x4a001978                display_inner
                0x4a001998                script_init
                0x4a0019d4                power_source_init
                0x4a001ab0                sunxi_key_init
                0x4a001ae0                sunxi_key_exit
                0x4a001b00                sunxi_key_read
                0x4a001b58                do_key_test
                0x4a001ba0                USBC_GetVbusStatus
                0x4a001bd0                USBC_OTG_SelectMode
                0x4a001bd4                USBC_ReadLenFromFifo
                0x4a001c00                USBC_WritePacket
                0x4a001c6c                USBC_ReadPacket
                0x4a001cd8                USBC_ConfigFIFO_Base
                0x4a001d14                USBC_GetPortFifoStartAddr
                0x4a001d44                USBC_GetPortFifoSize
                0x4a001d68                USBC_SelectFIFO
                0x4a001d78                __USBC_ConfigFifo_TxEp
                0x4a001dc8                __USBC_ConfigFifo_RxEp_Default
                0x4a001dd8                __USBC_ConfigFifo_RxEp
                0x4a001e28                USBC_ConfigFifo_Default
                0x4a001e60                USBC_ConfigFifo
                0x4a001e9c                USBC_GetLastFrameNumber
                0x4a001eac                USBC_GetStatus_Dp
                0x4a001ec0                USBC_GetStatus_Dm
                0x4a001ed4                USBC_GetStatus_DpDm
                0x4a001ef4                USBC_GetOtgMode_Form_ID
                0x4a001f0c                USBC_GetOtgMode_Form_BDevice
                0x4a001f24                USBC_SelectBus
                0x4a001f68                USBC_INT_EpPending
                0x4a001fa4                USBC_INT_ClearEpPending
                0x4a001ff8                USBC_INT_ClearEpPendingAll
                0x4a002030                USBC_INT_MiscPending
                0x4a002040                USBC_INT_ClearMiscPending
                0x4a002054                USBC_INT_ClearMiscPendingAll
                0x4a002068                USBC_INT_EnableEp
                0x4a0020bc                USBC_INT_EnableUsbMiscUint
                0x4a0020d8                USBC_INT_DisableEp
                0x4a002124                USBC_INT_DisableUsbMiscUint
                0x4a00213c                USBC_INT_DisableEpAll
                0x4a00216c                USBC_INT_DisableUsbMiscAll
                0x4a002180                USBC_GetActiveEp
                0x4a002190                USBC_SelectActiveEp
                0x4a0021a0                USBC_EnhanceSignal
                0x4a0021a4                USBC_EnterMode_TestPacket
                0x4a0021bc                USBC_EnterMode_Test_K
                0x4a0021d4                USBC_EnterMode_Test_J
                0x4a0021ec                USBC_EnterMode_Test_SE0_NAK
                0x4a002204                USBC_EnterMode_Idle
                0x4a002250                USBC_SetWakeUp_Default
                0x4a002254                USBC_EnableIdPullUp
                0x4a00226c                USBC_DisableIdPullUp
                0x4a002284                USBC_EnableDpDmPullUp
                0x4a00229c                USBC_DisableDpDmPullUp
                0x4a0022b4                USBC_ForceId
                0x4a0022ec                USBC_ForceVbusValid
                0x4a002334                USBC_A_valid_InputSelect
                0x4a002338                USBC_EnableUsbLineStateBypass
                0x4a00233c                USBC_DisableUsbLineStateBypass
                0x4a002340                USBC_EnableHosc
                0x4a002358                USBC_DisableHosc
                0x4a00236c                USBC_IsVbusChange
                0x4a002388                USBC_IsIdChange
                0x4a0023a4                USBC_IsDpDmChange
                0x4a0023c0                USBC_DisableWakeIrq
                0x4a0023d4                USBC_DisableVbusChange
                0x4a0023e8                USBC_DisableIdChange
                0x4a0023fc                USBC_DisableDpDmChange
                0x4a002410                USBC_EnableWakeIrq
                0x4a002428                USBC_EnableVbusChange
                0x4a002440                USBC_EnableIdChange
                0x4a002458                USBC_EnableDpDmChange
                0x4a002470                USBC_TestMode_ReadReg
                0x4a0024ac                USBC_PrintAllReg
                0x4a002808                USBC_open_otg
                0x4a00284c                USBC_close_otg
                0x4a002874                USBC_init
                0x4a00287c                USBC_exit
                0x4a0028c4                USBC_Dev_SetAddress_default
                0x4a0028d8                USBC_Dev_SetAddress
                0x4a0028e8                USBC_Dev_QueryTransferMode
                0x4a002908                USBC_Dev_ConfigTransferMode
                0x4a002978                USBC_Dev_ConectSwitch
                0x4a00299c                USBC_Dev_QueryPowerStatus
                0x4a0029b0                USBC_Dev_ConfigEp
                0x4a002abc                USBC_Dev_ConfigEp_Default
                0x4a002b24                USBC_Dev_ConfigEpDma
                0x4a002b7c                USBC_Dev_ClearEpDma
                0x4a002bdc                USBC_Dev_IsEpStall
                0x4a002c24                USBC_Dev_EpSendStall
                0x4a002c8c                USBC_Dev_EpClearStall
                0x4a002d24                USBC_Dev_Ctrl_IsSetupEnd
                0x4a002d38                USBC_Dev_Ctrl_ClearSetupEnd
                0x4a002d50                USBC_Dev_WriteDataStatus
                0x4a002ddc                USBC_Dev_ReadDataStatus
                0x4a002e5c                USBC_Dev_IsReadDataReady
                0x4a002e9c                USBC_Dev_IsWriteDataReady
                0x4a002ed8                USBC_Host_SetFunctionAddress_Deafult
                0x4a002f34                USBC_Host_SetFunctionAddress
                0x4a002fbc                USBC_Host_SetHubAddress_Deafult
                0x4a002fec                USBC_Host_SetHubAddress
                0x4a003034                USBC_Host_SetHPortAddress_Deafult
                0x4a003064                USBC_Host_SetHPortAddress
                0x4a00308c                USBC_Host_QueryTransferMode
                0x4a0030ac                USBC_Host_ConfigTransferMode
                0x4a0030e0                USBC_Host_ResetPort
                0x4a0030f8                USBC_Host_ClearResetPortFlag
                0x4a003110                USBC_Host_RusumePort
                0x4a003128                USBC_Host_ClearRusumePortFlag
                0x4a003140                USBC_Host_SuspendPort
                0x4a003158                USBC_Host_QueryPowerStatus
                0x4a003168                USBC_Host_StartSession
                0x4a003180                USBC_Host_EndSession
                0x4a003198                USBC_Host_PeripheralType
                0x4a0031b8                USBC_Host_FlushFifo
                0x4a003200                USBC_Host_ConfigEp_Default
                0x4a003284                USBC_Host_ConfigEp
                0x4a0033e0                USBC_Host_ConfigEpDma
                0x4a003424                USBC_Host_ClearEpDma
                0x4a003474                USBC_Host_IsEpNakTimeOut
                0x4a0034b8                USBC_Host_ClearEpNakTimeOut
                0x4a003508                USBC_Host_IsEpError
                0x4a00355c                USBC_Host_ClearEpError
                0x4a0035bc                USBC_Host_IsEpStall
                0x4a003608                USBC_Host_ClearEpStall
                0x4a003668                USBC_Host_ClearEpCSR
                0x4a0036a4                USBC_Host_IsReadDataReady
                0x4a0036e4                USBC_Host_IsWriteDataReady
                0x4a00372c                USBC_Host_ReadDataStatus
                0x4a0037c8                USBC_Host_WriteDataStatus
                0x4a00384c                USBC_Host_IsReqPktSet
                0x4a00388c                USBC_Host_StartInToken
                0x4a0038d0                USBC_Host_StopInToken
                0x4a00391c                USBC_Host_ConfigRqPktCount
                0x4a003930                USBC_Host_ClearRqPktCount
                0x4a003944                USBC_Host_EnablePing
                0x4a003960                USBC_Host_DisablePing
                0x4a003978                USBC_Host_SendCtrlStatus
                0x4a00399c                USBC_Host_SendSetupPkt
                0x4a003a54                USBC_PHY_SetCommonConfig
                0x4a003a58                USBC_PHY_SetPrivateConfig
                0x4a003a5c                USBC_PHY_GetCommonConfig
                0x4a003a64                USBC_phy_Standby
                0x4a003ab8                USBC_Phy_Standby_Recover
                0x4a003aec                usb_open_clock
                0x4a003b2c                usb_close_clock
                0x4a003b6c                usb_probe_vbus_type
                0x4a003bd4                lowlevel_init
 *fill*         0x4a003bf4        0xc 00
 .text          0x4a003c00     0x1158 arch/arm/lib/libarm.o
                0x4a003c20                memset
                0x4a003ce0                memcpy
                0x4a004130                coloured_LED_init
                0x4a004130                __coloured_LED_init
                0x4a004134                red_LED_on
                0x4a004134                __red_LED_on
                0x4a004138                __red_LED_off
                0x4a004138                red_LED_off
                0x4a00413c                green_LED_on
                0x4a00413c                __green_LED_on
                0x4a004140                __green_LED_off
                0x4a004140                green_LED_off
                0x4a004144                __yellow_LED_on
                0x4a004144                yellow_LED_on
                0x4a004148                __yellow_LED_off
                0x4a004148                yellow_LED_off
                0x4a00414c                blue_LED_on
                0x4a00414c                __blue_LED_on
                0x4a004150                blue_LED_off
                0x4a004150                __blue_LED_off
                0x4a004154                __dram_init_banksize
                0x4a004170                board_init_f
                0x4a0042b4                board_init_r
                0x4a004414                hang
                0x4a004574                arch_lmb_reserve
                0x4a004598                do_bootm_linux
                0x4a004678                do_boota_linux
                0x4a0048d0                __flush_cache
                0x4a0048d4                __flush_dcache_all
                0x4a0048e0                __enable_caches
                0x4a004a74                __arm_init_before_mmu
                0x4a004a78                icache_enable
                0x4a004a80                icache_disable
                0x4a004a88                icache_status
                0x4a004a94                dcache_enable
                0x4a004a9c                dcache_disable
                0x4a004aa4                dcache_status
                0x4a004ab0                interrupt_init
                0x4a004af0                interrupt_exit
                0x4a004af4                enable_interrupts
                0x4a004b04                disable_interrupts
                0x4a004b20                bad_mode
                0x4a004b30                show_regs
                0x4a004c70                do_undefined_instruction
                0x4a004c90                do_software_interrupt
                0x4a004cb0                do_prefetch_abort
                0x4a004cd0                do_data_abort
                0x4a004cf0                do_not_used
                0x4a004d10                do_fiq
                0x4a004d30                do_reset
 .text          0x4a004d58     0xc214 common/libcommon.o
                0x4a004d58                do_go_exec
                0x4a004d70                do_go
                0x4a004de0                do_boota
                0x4a004ec8                do_bootd
                0x4a005614                arch_preboot_os
                0x4a005614                __arch_preboot_os
                0x4a005618                do_bootm_subcommand
                0x4a00585c                do_bootm
                0x4a005af0                bootm_maybe_autostart
                0x4a005b64                do_burn_test
                0x4a005cfc                do_bootelf_exec
                0x4a005d40                valid_elf_image
                0x4a005d8c                do_bootvx
                0x4a005fd8                do_bootelf
                0x4a00614c                do_exit
                0x4a00617c                do_fat_fsinfo
                0x4a006254                do_fat_ls
                0x4a00635c                do_fat_fsdown
                0x4a0064cc                do_fat_fsload
                0x4a006638                do_efex
                0x4a006654                do_help
                0x4a006698                do_memcpy_test
                0x4a0066cc                do_mass_test
                0x4a006708                do_fastboot_test
                0x4a006744                do_sprite_test
                0x4a006888                do_timer_test1
                0x4a006908                do_timer_test
                0x4a006988                do_mem_base
                0x4a0069c8                do_mem_mtest
                0x4a006b68                do_mem_loop
                0x4a006c5c                do_mem_md
                0x4a006d30                do_mem_crc
                0x4a006dd8                do_mem_cp
                0x4a006eb8                do_mem_cmp
                0x4a007044                do_mem_mw
                0x4a00723c                do_mem_nm
                0x4a007254                do_mem_mm
                0x4a00726c                do_mmcops
                0x4a00765c                do_mmcinfo
                0x4a007ad0                do_env_save
                0x4a007b94                do_env_print
                0x4a007c18                get_env_id
                0x4a007c28                _do_env_set
                0x4a007fc0                do_env_set
                0x4a007fdc                setenv
                0x4a00823c                envmatch
                0x4a0082a0                getenv_f
                0x4a00835c                getenv
                0x4a0084a8                do_shutdown
                0x4a0084ac                do_standby
                0x4a00867c                sunxi_bmp_decode
                0x4a0089d4                sunxi_bmp_display
                0x4a008acc                do_sunxi_logo
                0x4a008ad8                do_sunxi_flash
                0x4a008e2c                probe_high_level_power_mod
                0x4a008e68                rsa_init
                0x4a008ee8                rsa_dump
                0x4a008f6c                rsa_encrypt
                0x4a008fac                rsa_decrypt
                0x4a008ff0                prepareCryptTable
                0x4a008ff4                HashString
                0x4a009440                HashString_init
                0x4a009454                signature_erase_all
                0x4a009580                do_sunxi_boot_signature
                0x4a009764                sunxi_resignature
                0x4a00984c                sunxi_oem_op_lock
                0x4a009af8                save_user_private_data
                0x4a009d2c                do_save_user_data
                0x4a009d60                check_user_data
                0x4a009f0c                update_user_data
                0x4a00a058                do_false
                0x4a00a060                do_true
                0x4a00a068                do_test
                0x4a00a4d4                do_version
                0x4a00a50c                find_cmd_tbl
                0x4a00a5a8                find_cmd
                0x4a00a5d0                cmd_usage
                0x4a00a62c                _do_help
                0x4a00a7b0                var_complete
                0x4a00a838                cmd_auto_complete
                0x4a00acb4                cmd_get_data_size
                0x4a00ada8                serial_printf
                0x4a00ade8                fgetc
                0x4a00ae14                ftstc
                0x4a00ae40                fputc
                0x4a00ae68                fputs
                0x4a00ae90                fprintf
                0x4a00aed8                getc
                0x4a00aef0                tstc
                0x4a00af08                putc
                0x4a00af24                puts
                0x4a00af40                printf
                0x4a00af80                tick_printf
                0x4a00aff0                vprintf
                0x4a00b024                ctrlc
                0x4a00b070                disable_ctrlc
                0x4a00b088                had_ctrlc
                0x4a00b098                clear_ctrlc
                0x4a00b0ac                dbg
                0x4a00b0b8                search_device
                0x4a00b0e0                console_assign
                0x4a00b120                console_init_f
                0x4a00b130                stdio_print_current_devices
                0x4a00b1e4                console_init_r
                0x4a00b2c4                sbrk
                0x4a00b320                mem_malloc_init
                0x4a00b344                malloc_trim
                0x4a00b414                free
                0x4a00b634                cfree
                0x4a00b638                malloc
                0x4a00bc04                calloc
                0x4a00bcd8                memalign
                0x4a00bde0                pvalloc
                0x4a00bdf8                valloc
                0x4a00be04                realloc
                0x4a00c20c                malloc_usable_size
                0x4a00c248                mallopt
                0x4a00c2bc                env_get_addr
                0x4a00c2e0                env_get_char_memory
                0x4a00c2f0                env_get_char
                0x4a00c324                set_default_env
                0x4a00c3c4                env_import
                0x4a00c494                env_relocate
                0x4a00c4c4                env_complete
                0x4a00c774                env_get_char_spec
                0x4a00c780                env_init
                0x4a00c79c                saveenv
                0x4a00c7c0                env_relocate_spec
                0x4a00c7d4                get_version
                0x4a00c7dc                jumptable_init
                0x4a00c9c8                do_showvar
                0x4a00cf0c                simple_itoa
                0x4a00cf50                get_local_var
                0x4a00d114                set_local_var
                0x4a00d2d0                unset_local_var
                0x4a00d370                new_pipe
                0x4a00d3e0                reserved_word
                0x4a00d6a4                mapset
                0x4a00d6c8                update_ifs_map
                0x4a00d738                parse_string_outer
                0x4a00e624                parse_file_outer
                0x4a00e668                u_boot_hush_start
                0x4a00e6f0                image_check_hcrc
                0x4a00e740                image_check_dcrc
                0x4a00e77c                image_multi_count
                0x4a00e7a0                image_multi_getimg
                0x4a00e824                getenv_yesno
                0x4a00e84c                getenv_bootm_low
                0x4a00e87c                getenv_bootm_size
                0x4a00e8d8                getenv_bootm_mapsize
                0x4a00e908                memmove_wd
                0x4a00e914                genimg_print_size
                0x4a00e944                get_table_entry_name
                0x4a00e970                genimg_get_os_name
                0x4a00e988                genimg_get_arch_name
                0x4a00e9a0                genimg_get_type_name
                0x4a00e9b8                genimg_get_comp_name
                0x4a00e9d0                image_print_contents
                0x4a00eb48                get_table_entry_id
                0x4a00eb94                genimg_get_os_id
                0x4a00ebac                genimg_get_arch_id
                0x4a00ebc4                genimg_get_type_id
                0x4a00ebdc                genimg_get_comp_id
                0x4a00ebf4                genimg_get_format
                0x4a00ec08                genimg_get_image
                0x4a00ec0c                genimg_has_config
                0x4a00ec14                boot_get_ramdisk
                0x4a00ee44                boot_ramdisk_high
                0x4a00ef64                boot_get_cmdline
                0x4a00f1a4                __show_boot_progress
                0x4a00f1a4                show_boot_progress
                0x4a00f1a8                main_loop
                0x4a00f2a4                readline_into_buffer
                0x4a00fbcc                readline
                0x4a00fbe8                parse_line
                0x4a00fc74                run_command
                0x4a010020                do_run
                0x4a010094                get_ram_size
                0x4a010208                srec_decode
                0x4a010468                stdio_get_list
                0x4a010474                stdio_get_by_name
                0x4a0104c8                stdio_clone
                0x4a010510                stdio_register
                0x4a010554                stdio_init
                0x4a0105dc                mem_noncache_malloc_init
                0x4a010608                malloc_noncache
                0x4a010684                free_noncache
                0x4a0106c4                CYGACC_COMM_IF_GETC_TIMEOUT
                0x4a0109a8                CYGACC_COMM_IF_PUTC
                0x4a0109b0                parse_num
                0x4a010acc                xyzModem_stream_open
                0x4a010c18                xyzModem_stream_read
                0x4a010e68                xyzModem_stream_close
                0x4a010eb8                xyzModem_stream_terminate
                0x4a010f4c                xyzModem_error
 .text          0x4a010f6c      0x8b4 disk/libdisk.o
                0x4a010f6c                get_dev
                0x4a010fcc                dev_print
                0x4a0111c0                init_part
                0x4a0111dc                get_partition_info
                0x4a011204                print_part
                0x4a011770                test_part_dos
                0x4a0117d8                print_part_dos
                0x4a011804                get_partition_info_dos
 .text          0x4a011820      0x4cc drivers/dma/libdma.o
                0x4a011878                sunxi_dma_init
                0x4a0118e4                sunxi_dma_exit
                0x4a011900                sunxi_dma_request
                0x4a011994                sunxi_dma_setting
                0x4a011ab0                sunxi_dma_start
                0x4a011ad4                sunxi_dma_stop
                0x4a011aec                sunxi_dma_restart
                0x4a011b04                sunxi_dma_querystatus
                0x4a011b14                sunxi_dma_install_int
                0x4a011b78                sunxi_dma_enable_int
                0x4a011bdc                sunxi_dma_disable_int
                0x4a011c4c                sunxi_dma_free_int
                0x4a011cb0                sunxi_dma_release
                0x4a011ce4                sunxi_dma_querychannalno
 .text          0x4a011cec      0x600 drivers/i2c/libi2c.o
                0x4a011ebc                i2c_init
                0x4a011fe8                i2c_exit
                0x4a012000                i2c_read
                0x4a012204                i2c_write
 .text          0x4a0122ec     0x2530 drivers/mmc/libmmc.o
                0x4a0122f4                __board_mmc_getcd
                0x4a0122f4                board_mmc_getcd
                0x4a0122fc                mmc_send_cmd
                0x4a01230c                mmc_send_status
                0x4a0123e0                mmc_set_blocklen
                0x4a012418                find_mmc_device
                0x4a0126cc                mmc_read_blocks
                0x4a012898                mmc_go_idle
                0x4a0128fc                sd_send_op_cond
                0x4a012a78                mmc_send_op_cond
                0x4a012bf8                mmc_send_ext_csd
                0x4a012c64                mmc_switch
                0x4a012cd0                mmc_change_freq
                0x4a012dbc                mmc_switch_boot_bus_cond
                0x4a012ea8                mmc_switch_boot_part
                0x4a013008                mmc_switch_part
                0x4a0130f4                sd_switch
                0x4a013164                sd_change_freq
                0x4a013368                mmc_set_ios
                0x4a013378                mmc_set_clock
                0x4a0133a4                mmc_set_bus_width
                0x4a0133b8                mmc_startup
                0x4a013b68                mmc_send_if_cond
                0x4a013bf8                mmc_register
                0x4a013c84                mmc_get_dev
                0x4a013c98                mmc_init
                0x4a013d94                cpu_mmc_init
                0x4a013d9c                print_mmc_devices
                0x4a013e00                get_mmc_num
                0x4a013e04                mmc_initialize
                0x4a014638                sunxi_mmc_init
 .text          0x4a01481c        0x0 drivers/pcmcia/libpcmcia.o
 .text          0x4a01481c     0x189c drivers/power/libpower.o
                0x4a01481c                axp_probe
                0x4a01486c                axp_reinit
                0x4a0148a4                axp_get_power_vol_level
                0x4a0148ac                axp_probe_startup_cause
                0x4a01498c                axp_set_hardware_poweron_vol
                0x4a0149e8                axp_set_hardware_poweroff_vol
                0x4a014a44                axp_set_power_off
                0x4a014a60                axp_probe_factory_mode
                0x4a014b0c                axp_set_next_poweron_status
                0x4a014b28                axp_probe_pre_sys_mode
                0x4a014b44                axp_power_get_dcin_battery_exist
                0x4a014b80                axp_probe_battery_vol
                0x4a014b9c                axp_probe_rest_battery_capacity
                0x4a014bb8                axp_probe_key
                0x4a014bd4                axp_probe_charge_current
                0x4a014bf0                axp_set_charge_current
                0x4a014c0c                axp_set_charge_control
                0x4a014c28                axp_set_vbus_limit_dc
                0x4a014c5c                axp_set_vbus_limit_pc
                0x4a014c90                axp_set_all_limit
                0x4a014d60                axp_set_suspend_chgcur
                0x4a014d80                axp_set_runtime_chgcur
                0x4a014da0                axp_set_charge_vol_limit
                0x4a014e08                axp_set_power_supply_output
                0x4a014ee8                axp_probe_power_supply_condition
                0x4a014f64                axp_int_enable
                0x4a014fa0                axp_int_disable
                0x4a014fc4                axp_int_query
                0x4a014fe0                axp_set_supply_status
                0x4a015008                axp_set_supply_status_byname
                0x4a015094                axp_probe_supply_status
                0x4a0150e8                axp20_set_next_sys_mode
                0x4a015104                axp20_set_int_enable
                0x4a015164                axp20_set_charge_control
                0x4a0151c8                axp20_probe_key
                0x4a015208                axp20_set_power_off
                0x4a015274                axp20_set_vbus_cur_limit
                0x4a0152e0                axp20_set_vbus_vol_limit
                0x4a015358                axp20_probe_int_pending
                0x4a0153c4                axp20_probe_battery_exist
                0x4a015404                axp20_probe_battery_ratio
                0x4a015440                axp20_probe_power_status
                0x4a015478                axp20_probe_battery_vol
                0x4a0154d8                axp20_probe_pre_sys_mode
                0x4a0154f8                axp20_probe_this_poweron_cause
                0x4a01551c                axp20_set_charge_current
                0x4a015588                axp20_probe_charge_current
                0x4a0155b8                axp20_probe_int_enable
                0x4a0155f8                axp20_power_enable_coulomb
                0x4a015628                axp20_probe
                0x4a015688                axp20_config_charge_current
                0x4a01574c                axp20_set_power_on_vol
                0x4a015804                axp20_set_power_off_vol
                0x4a0158fc                axp20_set_power_onoff_vol
                0x4a015c00                axp20_set_supply_status
                0x4a015c54                axp20_set_supply_status_byname
                0x4a0160b0                axp20_probe_supply_status
 .text          0x4a0160b8      0x398 drivers/pwm/libsunxi_pwm.o
                0x4a0160b8                sunxi_pwm_read_reg
                0x4a0160c8                sunxi_pwm_write_reg
                0x4a0160dc                sunxi_pwm_get_sys_config
                0x4a0161c4                sunxi_pwm_set_polarity
                0x4a016218                sunxi_pwm_config
                0x4a01634c                sunxi_pwm_enable
                0x4a0163bc                sunxi_pwm_disable
                0x4a016428                sunxi_pwm_init
 .text          0x4a016450       0x34 drivers/rtc/librtc.o
                0x4a016450                rtc_get
                0x4a016458                rtc_set
                0x4a016460                rtc_reset
                0x4a016464                rtc_disable
 .text          0x4a016484      0x24c drivers/serial/libserial.o
                0x4a016484                NS16550_init
                0x4a0164cc                NS16550_reinit
                0x4a016518                NS16550_putc
                0x4a01652c                NS16550_getc
                0x4a016540                NS16550_tstc
                0x4a01656c                serial_init
                0x4a0165b4                _serial_putc
                0x4a0165ec                _serial_putc_raw
                0x4a016608                _serial_puts
                0x4a016630                _serial_getc
                0x4a01664c                _serial_tstc
                0x4a016660                _serial_setbrg
                0x4a016688                serial_putc
                0x4a016694                serial_putc_raw
                0x4a0166a0                serial_puts
                0x4a0166ac                serial_getc
                0x4a0166b8                serial_tstc
                0x4a0166c4                serial_setbrg
 .text          0x4a0166d0      0x90c drivers/storage_type/libstorage_type.o
                0x4a016784                sunxi_flash_mmc_phyread
                0x4a0167b8                sunxi_flash_mmc_phywrite
                0x4a016870                sunxi_sprite_mmc_phyread
                0x4a0168a4                sunxi_sprite_mmc_phywrite
                0x4a0168f8                sunxi_flash_read
                0x4a016910                sunxi_flash_part_read
                0x4a01695c                sunxi_flash_write
                0x4a016974                sunxi_flash_part_write
                0x4a0169c0                sunxi_flash_size
                0x4a0169d8                sunxi_flash_exit
                0x4a0169f0                sunxi_flash_flush
                0x4a016a08                sunxi_flash_phyread
                0x4a016a20                sunxi_flash_phywrite
                0x4a016a38                sunxi_sprite_init
                0x4a016a50                sunxi_sprite_read
                0x4a016a68                sunxi_sprite_write
                0x4a016a80                sunxi_sprite_erase
                0x4a016a98                sunxi_sprite_size
                0x4a016ab0                sunxi_sprite_exit
                0x4a016ac8                sunxi_sprite_flush
                0x4a016ae0                sunxi_sprite_phyread
                0x4a016af8                sunxi_sprite_phywrite
                0x4a016b10                sunxi_flash_get_dev
                0x4a016b30                sunxi_flash_init_uboot
                0x4a016b84                sunxi_flash_handle_init
 .text          0x4a016fdc    0x23a28 drivers/video_sun7i/libvideo_sunxi.o
                0x4a016fdc                disp_int_process
                0x4a016fe4                DRV_hdmi_set_pll
                0x4a016ff4                DRV_hdmi_get_HPD_status
                0x4a016ff8                DRV_hdmi_mode_support
                0x4a017010                DRV_hdmi_close
                0x4a017024                DRV_hdmi_open
                0x4a017038                DRV_lcd_close_callback
                0x4a0170d4                DRV_lcd_open_callback
                0x4a017170                DRV_hdmi_set_display_mode
                0x4a017274                copy_from_user
                0x4a017284                copy_to_user
                0x4a017294                disp_delay_ms
                0x4a0172ac                DRV_lcd_open
                0x4a017304                DRV_lcd_check_open_finished
                0x4a017368                DRV_lcd_close
                0x4a0173c0                DRV_lcd_check_close_finished
                0x4a017424                sunxi_disp_get_source_ops
                0x4a0174f8                drv_disp_init
                0x4a0176a8                drv_disp_exit
                0x4a0176ec                disp_ioctl
                0x4a018a1c                drv_disp_standby
                0x4a018af4                osal_ccmu_get_clk_by_name
                0x4a018b38                OSAL_CCMU_SetSrcFreq
                0x4a018c78                OSAL_CCMU_GetSrcFreq
                0x4a018dbc                OSAL_CCMU_OpenMclk
                0x4a018dc0                OSAL_CCMU_CloseMclk
                0x4a018dc8                OSAL_CCMU_SetMclkSrc
                0x4a01919c                OSAL_CCMU_GetMclkSrc
                0x4a0191a4                OSAL_CCMU_SetMclkDiv
                0x4a019458                OSAL_CCMU_GetMclkDiv
                0x4a019460                OSAL_CCMU_MclkOnOff
                0x4a0198fc                OSAL_CCMU_MclkReset
                0x4a019a5c                OSAL_RegISR
                0x4a019a74                OSAL_UnRegISR
                0x4a019a78                OSAL_InterruptEnable
                0x4a019a7c                OSAL_InterruptDisable
                0x4a019a80                OSAL_CacheRangeFlush
                0x4a019a84                OSAL_malloc
                0x4a019a88                OSAL_free
                0x4a019a8c                OSAL_PhyAlloc
                0x4a019a90                OSAL_PhyFree
                0x4a019a94                OSAL_VAtoPA
                0x4a019aa0                OSAL_PAtoVA
                0x4a019aa4                OSAL_putchar
                0x4a019aac                OSAL_puts
                0x4a019ab4                OSAL_getchar
                0x4a019abc                OSAL_gets
                0x4a019ac4                OSAL_strtol
                0x4a019acc                OSAL_int2str_dec
                0x4a019ad0                OSAL_int2str_hex
                0x4a019ad4                OSAL_uint2str_dec
                0x4a019ad8                OSAL_GPIO_Request
                0x4a019b40                OSAL_GPIO_Request_Ex
                0x4a019b44                OSAL_GPIO_Release
                0x4a019b60                OSAL_GPIO_DevGetAllPins_Status
                0x4a019b64                OSAL_GPIO_DevGetONEPins_Status
                0x4a019b68                OSAL_GPIO_DevSetONEPin_Status
                0x4a019b6c                OSAL_GPIO_DevSetONEPIN_IO_STATUS
                0x4a019b70                OSAL_GPIO_DevSetONEPIN_PULL_STATUS
                0x4a019b74                OSAL_GPIO_DevREAD_ONEPIN_DATA
                0x4a019b78                OSAL_GPIO_DevWRITE_ONEPIN_DATA
                0x4a019b7c                OSAL_Script_FetchParser_Data
                0x4a019bec                OSAL_sw_get_ic_ver
                0x4a019bf4                DE_Set_Reg_Base
                0x4a019c08                DE_Get_Reg_Base
                0x4a019c18                DE_BE_Reg_Init
                0x4a019c54                DE_BE_Set_SystemPalette
                0x4a019c98                DE_BE_Get_SystemPalette
                0x4a019ce4                DE_BE_Enable
                0x4a019d14                DE_BE_Disable
                0x4a019d44                DE_BE_Output_Select
                0x4a019d88                DE_BE_Set_BkColor
                0x4a019dc0                DE_BE_Set_ColorKey
                0x4a019e38                DE_BE_reg_auto_load_en
                0x4a019e5c                DE_BE_Cfg_Ready
                0x4a019e7c                DE_BE_Sprite_Enable
                0x4a019ea0                DE_BE_Sprite_Disable
                0x4a019ec0                DE_BE_Sprite_Set_Format
                0x4a019ee0                DE_BE_Sprite_Global_Alpha_Enable
                0x4a019ef8                DE_BE_Sprite_Set_Global_Alpha
                0x4a019f1c                DE_BE_Sprite_Block_Set_Pos
                0x4a019f40                DE_BE_Sprite_Block_Set_Size
                0x4a019f78                DE_BE_Sprite_Block_Set_fb
                0x4a019fa8                DE_BE_Sprite_Block_Set_Next_Id
                0x4a019fd0                DE_BE_Sprite_Set_Palette_Table
                0x4a01a014                DE_BE_Set_Enhance_ex
                0x4a01b958                DE_BE_enhance_enable
                0x4a01b970                DE_BE_deflicker_enable
                0x4a01b994                DE_BE_Set_Outitl_enable
                0x4a01b9b8                DE_BE_set_display_size
                0x4a01b9dc                DE_BE_get_display_width
                0x4a01b9f8                DE_BE_get_display_height
                0x4a01ba14                DE_BE_EnableINT
                0x4a01ba34                DE_BE_DisableINT
                0x4a01ba54                DE_BE_QueryINT
                0x4a01ba68                DE_BE_ClearINT
                0x4a01ba80                DE_SCAL_Set_Reg_Base
                0x4a01ba94                DE_SCAL_Get_Reg_Base
                0x4a01baa4                DE_SCAL_Config_Src
                0x4a01c170                DE_SCAL_Set_Fb_Addr
                0x4a01c1b4                DE_SCAL_Set_Init_Phase
                0x4a01c47c                DE_SCAL_Agth_Config
                0x4a01c5e0                DE_SCAL_Set_Scaling_Factor
                0x4a01c738                DE_SCAL_Set_Scaling_Coef
                0x4a01c740                DE_SCAL_Set_CSC_Coef
                0x4a01c850                DE_SCAL_Set_Out_Format
                0x4a01c8a8                DE_SCAL_Set_Out_Size
                0x4a01c988                DE_SCAL_Set_Trig_Line
                0x4a01c9b4                DE_SCAL_Set_Int_En
                0x4a01ca0c                DE_SCAL_Set_Di_Ctrl
                0x4a01ca60                DE_SCAL_Set_Di_PreFrame_Addr
                0x4a01ca8c                DE_SCAL_Set_Di_MafFlag_Src
                0x4a01caac                DE_SCAL_Start
                0x4a01cacc                DE_SCAL_Set_Filtercoef_Ready
                0x4a01caec                DE_SCAL_Set_Reg_Rdy
                0x4a01cb0c                DE_SCAL_Reset
                0x4a01cb50                DE_SCAL_Input_Select
                0x4a01cb70                DE_SCAL_Output_Select
                0x4a01cbbc                DE_SCAL_Writeback_Enable
                0x4a01cbdc                DE_SCAL_Writeback_Disable
                0x4a01cbfc                DE_SCAL_Writeback_Linestride_Enable
                0x4a01cc18                DE_SCAL_Writeback_Linestride_Disable
                0x4a01cc30                DE_SCAL_Enable
                0x4a01cc5c                DE_SCAL_Disable
                0x4a01cc7c                DE_SCAL_Set_Writeback_Addr
                0x4a01cca8                DE_SCAL_Get_Input_Format
                0x4a01ccc0                DE_SCAL_Get_Input_Mode
                0x4a01ccd8                DE_SCAL_Get_Output_Format
                0x4a01ccf0                DE_SCAL_Get_Input_Width
                0x4a01cd10                DE_SCAL_Get_Input_Height
                0x4a01cd2c                DE_SCAL_Get_Output_Width
                0x4a01cd4c                DE_SCAL_Get_Output_Height
                0x4a01cd68                DE_SCAL_Get_Start_Status
                0x4a01cd9c                DE_SCAL_Get_Field_Status
                0x4a01cdb4                iDE_SCAL_Matrix_Mul
                0x4a01d8f4                iDE_SCAL_Csc_Lmt
                0x4a01d978                DE_SCAL_Set_CSC_Coef_Enhance
                0x4a01ebb0                DE_SCAL_Get_3D_In_Single_Size
                0x4a01ec8c                DE_SCAL_Get_3D_Out_Single_Size
                0x4a01ed0c                DE_SCAL_Get_3D_Out_Full_Size
                0x4a01ed8c                DE_SCAL_Set_3D_Fb_Addr
                0x4a01ee38                DE_SCAL_Set_3D_Di_PreFrame_Addr
                0x4a01eeb8                DE_SCAL_Set_3D_Ctrl
                0x4a01eff8                DE_SCAL_Config_3D_Src
                0x4a0200f8                DE_SCAL_EnableINT
                0x4a020118                DE_SCAL_DisableINT
                0x4a020138                DE_SCAL_QueryINT
                0x4a02014c                DE_SCAL_ClearINT
                0x4a02016c                DE_SCAL_Set_Writeback_Addr_ex
                0x4a0202b4                DE_BE_HWC_Enable
                0x4a0202d8                DE_BE_HWC_Set_Pos
                0x4a02031c                DE_BE_HWC_Get_Pos
                0x4a020348                DE_BE_HWC_Set_Palette
                0x4a020388                DE_BE_HWC_Set_Src
                0x4a020484                DE_BE_Format_To_Bpp
                0x4a02049c                DE_BE_Offset_To_Addr
                0x4a0204bc                DE_BE_Addr_To_Offset
                0x4a0204e8                DE_BE_Layer_Set_Work_Mode
                0x4a020510                DE_BE_Layer_Set_Format
                0x4a020568                DE_BE_Layer_Set_Framebuffer
                0x4a020638                DE_BE_Layer_Set_Screen_Win
                0x4a020698                DE_BE_Layer_Video_Enable
                0x4a0206c0                DE_BE_Layer_Video_Ch_Sel
                0x4a0206e8                DE_BE_Layer_Yuv_Ch_Enable
                0x4a020710                DE_BE_Layer_Set_Prio
                0x4a020738                DE_BE_Layer_Set_Pipe
                0x4a020760                DE_BE_Layer_ColorKey_Enable
                0x4a02078c                DE_BE_Layer_Alpha_Enable
                0x4a0207b8                DE_BE_Layer_Set_Alpha_Value
                0x4a0207e0                DE_BE_Layer_Enable
                0x4a020810                DE_BE_YUV_CH_Set_Src
                0x4a020978                DE_BE_YUV_CH_Enable
                0x4a0209a0                hmdi_src_sel
                0x4a0209c0                dsi_src_sel
                0x4a0209e0                lvds_open
                0x4a020bb4                lvds_close
                0x4a020c54                tcon_get_timing
                0x4a020d54                tcon_set_reg_base
                0x4a020d68                tcon_get_reg_base
                0x4a020d78                tcon_init
                0x4a020dd0                tcon_exit
                0x4a020dfc                tcon_irq_enable
                0x4a020e24                tcon_irq_disable
                0x4a020e48                tcon_irq_query
                0x4a020e80                tcon_get_start_delay
                0x4a020ebc                tcon_get_cur_line
                0x4a020efc                tcon0_src_select
                0x4a020f1c                tcon0_src_get
                0x4a020f34                tcon0_open
                0x4a020fc4                tcon0_close
                0x4a021014                tcon0_cfg_mode_auto
                0x4a0211d8                tcon0_cfg_mode_tri
                0x4a021434                tcon0_tri_busy
                0x4a02144c                tcon0_tri_start
                0x4a021478                tcon0_frm
                0x4a021590                tcon0_cpu_16b_to_24b
                0x4a0215b8                tcon0_cpu_24b_to_16b
                0x4a0215dc                tcon0_cpu_busy
                0x4a021600                tcon0_cpu_wr_24b_index
                0x4a021660                tcon0_cpu_wr_24b_data
                0x4a0216c0                tcon0_cpu_wr_24b
                0x4a0216e4                tcon0_cpu_rd_24b
                0x4a0216ec                tcon0_cpu_wr_16b
                0x4a021724                tcon0_cpu_wr_16b_index
                0x4a021748                tcon0_cpu_wr_16b_data
                0x4a02176c                tcon0_cpu_rd_16b
                0x4a021774                tcon0_set_dclk_div
                0x4a021794                tcon0_get_dclk_div
                0x4a0217ac                tcon1_open
                0x4a0217d8                tcon1_close
                0x4a021804                tcon1_cfg
                0x4a021a40                tcon1_tv_cfg
                0x4a021c4c                tcon1_cfg_ex
                0x4a021c54                tcon1_set_hdmi_mode
                0x4a021ce0                tcon1_set_tv_mode
                0x4a021e18                tcon1_set_vga_mode
                0x4a022154                tcon1_src_select
                0x4a02217c                tcon1_src_get
                0x4a022194                tcon_ceu_range_cut
                0x4a0221c0                tcon_ceu_reg_corr
                0x4a0221d0                tcon_ceu_rect_multi
                0x4a022270                tcon_ceu_rect_calc
                0x4a0223e0                tcon_ceu_calc
                0x4a0225bc                tcon_ceu
                0x4a0229ec                tcon_gamma
                0x4a022a48                tcon_cmap
                0x4a022b98                tcon0_cfg
                0x4a022eb0                TVE_set_reg_base
                0x4a022ed8                TVE_open
                0x4a022f00                TVE_close
                0x4a022f48                TVE_set_tv_mode
                0x4a024068                TVE_set_vga_mode
                0x4a0240fc                TVE_query_int
                0x4a024120                TVE_clear_int
                0x4a02415c                TVE_get_dac_status
                0x4a0241bc                TVE_dac_int_enable
                0x4a024204                TVE_dac_int_disable
                0x4a02424c                TVE_dac_autocheck_enable
                0x4a024290                TVE_dac_autocheck_disable
                0x4a0242d4                TVE_exit
                0x4a024340                TVE_dac_enable
                0x4a02439c                TVE_dac_disable
                0x4a0243dc                TVE_dac_set_source
                0x4a024468                TVE_dac_get_source
                0x4a0244b4                TVE_dac_set_de_bounce
                0x4a024540                TVE_dac_get_de_bounce
                0x4a024594                TVE_dac_sel
                0x4a024714                TVE_csc_init
                0x4a02476c                TVE_init
                0x4a0248cc                TVE_csc_enable
                0x4a0248f8                TVE_csc_disable
                0x4a024924                dsi_set_reg_base
                0x4a024944                dsi_get_reg_base
                0x4a024954                dsi_dphy_get_reg_base
                0x4a024968                dsi_get_start_delay
                0x4a0249a8                dsi_get_cur_line
                0x4a0249f4                dsi_irq_enable
                0x4a024a1c                dsi_irq_disable
                0x4a024a40                dsi_irq_query
                0x4a024a80                dsi_inst_busy
                0x4a024a98                dsi_start
                0x4a024b60                dsi_open
                0x4a024b90                dsi_close
                0x4a024bc8                dsi_tri_start
                0x4a024bdc                DSI_delay_ms
                0x4a024be0                dsi_dcs_wr_index
                0x4a024be8                dsi_dcs_wr_data
                0x4a024bf0                dsi_dphy_cfg
                0x4a024ca8                dsi_io_open
                0x4a024eac                dsi_io_close
                0x4a025060                dsi_clk_enable
                0x4a02507c                dsi_basic_cfg
                0x4a0255a8                dsi_exit
                0x4a0255b0                dsi_ecc_pro
                0x4a02584c                dsi_dcs_rd
                0x4a0259a0                dsi_set_max_ret_size
                0x4a0259f0                dsi_dcs_rd_memory
                0x4a025ab4                dsi_crc_pro
                0x4a025b20                dsi_dcs_wr
                0x4a025c68                dsi_dcs_wr_memory
                0x4a025d04                dsi_dcs_wr_5para
                0x4a025d40                dsi_dcs_wr_4para
                0x4a025d74                dsi_dcs_wr_3para
                0x4a025da0                dsi_dcs_wr_2para
                0x4a025dc4                dsi_dcs_wr_1para
                0x4a025de8                dsi_dcs_wr_0para
                0x4a025e04                dsi_crc_pro_pd_repeat
                0x4a025e70                dsi_packet_cfg
                0x4a026348                dsi_cfg
                0x4a026378                disp_mipipll_calc_coefficient
                0x4a026450                disp_mipipll_set_coefficient
                0x4a0264a0                disp_mipipll_init
                0x4a026538                disp_mipipll_enable
                0x4a02656c                image_clk_init
                0x4a0266f8                image_clk_exit
                0x4a0267c8                image_clk_on
                0x4a02685c                image_clk_off
                0x4a0268ec                scaler_clk_init
                0x4a026a54                scaler_clk_exit
                0x4a026b24                scaler_clk_on
                0x4a026bc4                scaler_clk_off
                0x4a026c64                lcdc_clk_init
                0x4a026e0c                lcdc_clk_exit
                0x4a026ef8                lcdc_clk_on
                0x4a02703c                lcdc_clk_off
                0x4a027134                tve_clk_init
                0x4a02719c                tve_clk_exit
                0x4a027200                tve_clk_on
                0x4a027208                tve_clk_off
                0x4a027210                hdmi_clk_init
                0x4a027290                hdmi_clk_exit
                0x4a0272e4                hdmi_clk_on
                0x4a027310                hdmi_clk_off
                0x4a027348                lvds_clk_init
                0x4a027370                lvds_clk_exit
                0x4a027398                lvds_clk_on
                0x4a0273b8                lvds_clk_off
                0x4a0273d8                dsi_clk_init
                0x4a027488                dsi_clk_exit
                0x4a0274e4                dsi_clk_on
                0x4a027540                dsi_clk_off
                0x4a027590                disp_pll_init
                0x4a0275bc                disp_clk_cfg
                0x4a027a64                disp_clk_adjust
                0x4a027b20                bsp_disp_clk_on
                0x4a027e60                bsp_disp_clk_off
                0x4a028154                bsp_disp_set_bk_color
                0x4a0281a0                bsp_disp_get_bk_color
                0x4a0281f0                bsp_disp_set_color_key
                0x4a028274                bsp_disp_get_color_key
                0x4a0282a0                bsp_disp_set_palette_table
                0x4a0282e8                bsp_disp_get_palette_table
                0x4a028330                bsp_disp_layer_set_top
                0x4a02849c                bsp_disp_layer_set_bottom
                0x4a028608                bsp_disp_layer_set_alpha_value
                0x4a028678                bsp_disp_layer_get_alpha_value
                0x4a0286d4                bsp_disp_layer_alpha_enable
                0x4a028740                bsp_disp_layer_get_alpha_enable
                0x4a02879c                bsp_disp_layer_set_pipe
                0x4a028814                bsp_disp_layer_get_pipe
                0x4a02886c                bsp_disp_layer_colorkey_enable
                0x4a0288d8                bsp_disp_layer_get_colorkey_enable
                0x4a028934                bsp_disp_layer_get_piro
                0x4a02898c                Image_init
                0x4a028a3c                Image_exit
                0x4a028a60                Image_open
                0x4a028a70                Image_close
                0x4a028aa0                bsp_disp_get_bright
                0x4a028ab8                bsp_disp_get_contrast
                0x4a028ad0                bsp_disp_get_saturation
                0x4a028ae8                bsp_disp_get_hue
                0x4a028b00                bsp_disp_get_enhance_enable
                0x4a028b1c                bsp_disp_set_screen_size
                0x4a028b58                bsp_disp_set_output_csc
                0x4a028ca0                bsp_disp_enhance_enable
                0x4a028cdc                bsp_disp_set_hue
                0x4a028d18                bsp_disp_set_saturation
                0x4a028d54                bsp_disp_set_contrast
                0x4a028d90                bsp_disp_set_bright
                0x4a028dcc                Disp_set_out_interlace
                0x4a028f58                bsp_disp_de_flicker_enable
                0x4a028f8c                bsp_disp_store_image_reg
                0x4a028fc4                bsp_disp_restore_image_reg
                0x4a029010                bsp_disp_init
                0x4a0291f4                bsp_disp_open
                0x4a0291fc                bsp_disp_close
                0x4a0292d8                bsp_disp_exit
                0x4a029430                bsp_disp_print_reg
                0x4a0294b4                bsp_disp_set_print_level
                0x4a0294cc                bsp_disp_get_print_level
                0x4a0294e0                bsp_disp_cmd_cache_get
                0x4a0294f8                bsp_disp_cfg_get
                0x4a029510                bsp_disp_cmd_cache
                0x4a029530                bsp_disp_cmd_submit
                0x4a02954c                bsp_disp_cfg_start
                0x4a029570                bsp_disp_cfg_finish
                0x4a029594                bsp_disp_vsync_event_enable
                0x4a0295b0                bsp_disp_get_fps
                0x4a0295b8                bsp_disp_get_vint_count
                0x4a0295c8                disp_vint_checkin
                0x4a0295fc                disp_lint_checkin
                0x4a02961c                bsp_disp_get_lint_count
                0x4a029630                LCD_vbi_event_proc
                0x4a029758                LCD_line_event_proc
                0x4a0297d0                disp_hdmi_init
                0x4a029880                disp_hdmi_exit
                0x4a0298b4                bsp_disp_hdmi_set_mode
                0x4a029934                bsp_disp_hdmi_get_mode
                0x4a02994c                bsp_disp_hdmi_suspend
                0x4a029974                bsp_disp_hdmi_resume
                0x4a02999c                bsp_disp_hdmi_early_suspend
                0x4a0299c4                bsp_disp_hdmi_late_resume
                0x4a0299ec                bsp_disp_hdmi_cts_enable
                0x4a029a00                bsp_disp_hdmi_get_cts_enable
                0x4a029a10                bsp_disp_hdmi_set_test_mode
                0x4a029a2c                bsp_disp_hdmi_get_test_mode
                0x4a029a44                disp_hdmi_get_support
                0x4a029a54                bsp_disp_set_hdmi_func
                0x4a029b3c                BSP_dsip_hdmi_get_input_csc
                0x4a029b94                bsp_disp_set_hdmi_hpd
                0x4a029c60                bsp_disp_hdmi_dvi_support
                0x4a029cb8                bsp_disp_hdmi_dvi_enable
                0x4a029d1c                bsp_disp_hdmi_get_src
                0x4a029d5c                bsp_disp_hdmi_set_src
                0x4a029ddc                bsp_disp_hdmi_get_hpd_status
                0x4a029e34                bsp_disp_hdmi_check_support_mode
                0x4a029eb0                bsp_disp_hdmi_close
                0x4a029fac                bsp_disp_hdmi_open
                0x4a02a17c                bsp_disp_hdmi_get_registered
                0x4a02a190                bsp_disp_hwc_enable
                0x4a02a1a0                bsp_disp_hwc_set_pos
                0x4a02a1b0                bsp_disp_hwc_get_pos
                0x4a02a1c0                bsp_disp_hwc_set_framebuffer
                0x4a02a1f0                bsp_disp_hwc_set_palette
                0x4a02a324                Layer_Get_Prio
                0x4a02a354                get_fb_type
                0x4a02a368                img_sw_para_to_reg
                0x4a02a588                de_format_to_bpp
                0x4a02a5a0                Yuv_Channel_Set_framebuffer
                0x4a02a638                Yuv_Channel_adjusting
                0x4a02a6a0                bsp_disp_layer_request
                0x4a02a830                bsp_disp_layer_release
                0x4a02aaa4                bsp_disp_layer_open
                0x4a02ab54                bsp_disp_layer_close
                0x4a02ac04                bsp_disp_layer_set_framebuffer
                0x4a02ae24                bsp_disp_layer_get_framebuffer
                0x4a02aed4                bsp_disp_layer_set_src_window
                0x4a02b0d4                bsp_disp_layer_get_src_window
                0x4a02b1a8                bsp_disp_layer_set_screen_window
                0x4a02b3ac                bsp_disp_layer_get_screen_window
                0x4a02b454                bsp_disp_layer_set_para
                0x4a02baf4                bsp_disp_layer_get_para
                0x4a02bb7c                bsp_disp_layer_set_smooth
                0x4a02bc24                bsp_disp_layer_get_smooth
                0x4a02bcc0                bsp_disp_layer_set_bright
                0x4a02bd7c                bsp_disp_layer_get_bright
                0x4a02bdf8                bsp_disp_layer_set_contrast
                0x4a02beb0                bsp_disp_layer_get_contrast
                0x4a02bf2c                bsp_disp_layer_set_saturation
                0x4a02bfe8                bsp_disp_layer_get_saturation
                0x4a02c064                bsp_disp_layer_set_hue
                0x4a02c11c                bsp_disp_layer_get_hue
                0x4a02c198                bsp_disp_layer_enhance_enable
                0x4a02c278                bsp_disp_layer_get_enhance_enable
                0x4a02c2f4                disp_lcdc_event_proc
                0x4a02c340                LCD_get_reg_bases
                0x4a02c374                Lcd_Panel_Parameter_Check
                0x4a02c378                LCD_parse_panel_para
                0x4a02c91c                LCD_get_sys_config
                0x4a02cd38                bsp_disp_lcd_delay_ms
                0x4a02cd48                bsp_disp_lcd_delay_us
                0x4a02cd58                LCD_OPEN_FUNC
                0x4a02cd94                LCD_CLOSE_FUNC
                0x4a02cdd0                bsp_disp_lcd_tcon_open
                0x4a02ce84                bsp_disp_lcd_tcon_close
                0x4a02cf0c                TCON_get_open_status
                0x4a02cf30                TCON_get_cur_line
                0x4a02cf54                TCON_get_start_delay
                0x4a02cf78                LCD_PWM_EN
                0x4a02cfac                bsp_disp_lcd_pwm_enable
                0x4a02cfb4                bsp_disp_lcd_pwm_disable
                0x4a02cfbc                LCD_BL_EN
                0x4a02d040                bsp_disp_lcd_backlight_enable
                0x4a02d048                bsp_disp_lcd_backlight_disable
                0x4a02d050                LCD_POWER_EN_EXT
                0x4a02d1d0                LCD_POWER_EN
                0x4a02d254                bsp_disp_lcd_power_enable
                0x4a02d25c                bsp_disp_lcd_power_disable
                0x4a02d264                bsp_disp_lcd_power_disable_all
                0x4a02d2a4                LCD_GPIO_request
                0x4a02d2ac                LCD_GPIO_release
                0x4a02d2b4                LCD_GPIO_set_attr
                0x4a02d308                LCD_GPIO_read
                0x4a02d354                LCD_GPIO_write
                0x4a02d3a8                LCD_GPIO_init
                0x4a02d434                LCD_GPIO_exit
                0x4a02d4d0                LCD_CPU_register_irq
                0x4a02d4e8                bsp_disp_lcd_pin_cfg
                0x4a02d5f4                disp_lcdc_exit
                0x4a02d670                tv_mode_to_width
                0x4a02d68c                tv_mode_to_height
                0x4a02d6a8                vga_mode_to_width
                0x4a02d6c4                vga_mode_to_height
                0x4a02d6e0                disp_get_screen_scan_mode
                0x4a02d714                bsp_disp_get_screen_width
                0x4a02d754                bsp_disp_get_screen_height
                0x4a02d794                bsp_disp_get_screen_physical_width
                0x4a02d7d4                bsp_disp_get_screen_physical_height
                0x4a02d814                bsp_disp_get_screen_width_from_output_type
                0x4a02d880                bsp_disp_get_screen_height_from_output_type
                0x4a02d8ec                bsp_disp_get_output_type
                0x4a02d934                bsp_disp_get_frame_rate
                0x4a02d9f8                bsp_disp_lcd_open_after
                0x4a02da28                bsp_disp_lcd_get_open_flow
                0x4a02da3c                bsp_disp_lcd_close_befor
                0x4a02dac0                bsp_disp_lcd_close_after
                0x4a02db58                bsp_disp_lcd_get_close_flow
                0x4a02db6c                __disp_lcd_bright_get_adjust_value
                0x4a02db94                __disp_lcd_bright_curve_init
                0x4a02dcb0                disp_lcdc_init
                0x4a02df0c                bsp_disp_lcd_set_bright
                0x4a02dffc                bsp_disp_lcd_get_bright
                0x4a02e014                bsp_disp_set_gamma_table
                0x4a02e0ac                bsp_disp_gamma_correction_enable
                0x4a02e0e4                bsp_disp_gamma_correction_disable
                0x4a02e134                bsp_disp_lcd_set_src
                0x4a02e1a8                bsp_disp_lcd_open_before
                0x4a02e328                bsp_disp_lcd_get_src
                0x4a02e32c                bsp_disp_lcd_user_defined_func
                0x4a02e348                bsp_disp_get_timming
                0x4a02e4cc                bsp_disp_close_lcd_backlight
                0x4a02e59c                bsp_disp_open_lcd_backlight
                0x4a02e658                bsp_disp_lcd_set_bright_dimming
                0x4a02e674                bsp_disp_lcd_used
                0x4a02e690                bsp_disp_lcd_get_panel_para
                0x4a02e6b8                LCD_CPU_WR
                0x4a02e6c8                LCD_CPU_WR_INDEX
                0x4a02e6d8                LCD_CPU_WR_DATA
                0x4a02e6e8                bsp_disp_lcd_set_fps
                0x4a02e728                disp_lcd_set_fps
                0x4a02e7d8                bsp_disp_lcd_get_size
                0x4a02e828                bsp_disp_lcd_get_model_name
                0x4a02e874                bsp_disp_lcd_get_driver_name
                0x4a02e8b4                bsp_disp_lcd_set_panel_funs
                0x4a02e990                bsp_disp_lcd_dsi_io_enable
                0x4a02e9a4                disp_lcd_get_support
                0x4a02e9b4                bsp_disp_lcd_get_registered
                0x4a02e9c8                scaler_event_proc
                0x4a02ea6c                Scaler_sw_para_to_reg
                0x4a02ec34                Scaler_3d_sw_para_to_reg
                0x4a02ed04                Scaler_Init
                0x4a02ed8c                Scaler_Exit
                0x4a02ee08                Scaler_open
                0x4a02ee48                Scaler_close
                0x4a02eedc                Scaler_Request
                0x4a02ef94                Scaler_Release
                0x4a02f02c                Scaler_Get_Framebuffer
                0x4a02f084                Scaler_Set_SclRegn
                0x4a02f338                Scaler_Get_SclRegn
                0x4a02f39c                Scaler_Set_Outitl
                0x4a02f504                bsp_disp_scaler_set_smooth
                0x4a02f660                bsp_disp_scaler_get_smooth
                0x4a02f67c                bsp_disp_scaler_request
                0x4a02f6b4                bsp_disp_scaler_release
                0x4a02f6e8                bsp_disp_scaler_start_ex
                0x4a02fbb0                bsp_disp_scaler_start
                0x4a030034                Scaler_Set_Enhance
                0x4a0300cc                Scaler_Set_Para
                0x4a030560                Scaler_Set_Output_Size
                0x4a03075c                Scaler_Set_Framebuffer
                0x4a030a74                bsp_disp_store_scaler_reg
                0x4a030aac                bsp_disp_restore_scaler_reg
                0x4a030cb0                Disp_Switch_Dram_Mode
                0x4a030cb8                Disp_TVEC_Init
                0x4a030db8                Disp_TVEC_Exit
                0x4a030dd4                Disp_TVEC_Open
                0x4a030de4                Disp_TVEC_Close
                0x4a030e28                bsp_disp_tv_open
                0x4a030f64                bsp_disp_tv_close
                0x4a031004                bsp_disp_tv_set_mode
                0x4a03104c                bsp_disp_tv_get_mode
                0x4a031064                bsp_disp_tv_get_interface
                0x4a031110                bsp_disp_tv_get_dac_status
                0x4a031118                bsp_disp_tv_set_dac_source
                0x4a031158                bsp_disp_tv_get_dac_source
                0x4a031174                bsp_disp_tv_auto_check_enable
                0x4a0311b0                bsp_disp_tv_auto_check_disable
                0x4a0311ec                bsp_disp_tv_set_src
                0x4a03122c                bsp_disp_restore_tvec_reg
                0x4a03123c                VGA_Init
                0x4a03125c                VGA_Exit
                0x4a031264                bsp_disp_vga_open
                0x4a0313f4                bsp_disp_vga_close
                0x4a03148c                bsp_disp_vga_set_mode
                0x4a0314ec                bsp_disp_vga_get_mode
                0x4a031504                bsp_disp_vga_set_src
                0x4a031544                bsp_disp_video_set_fb
                0x4a0315c8                bsp_disp_video_get_frame_id
                0x4a03163c                bsp_disp_video_get_dit_info
                0x4a0316fc                bsp_disp_video_start
                0x4a031818                bsp_disp_video_stop
                0x4a0318cc                bsp_disp_video_get_start
                0x4a031944                disp_video_init
                0x4a0319a4                disp_video_exit
                0x4a0319f8                disp_video_set_dit_mode
                0x4a031a10                disp_video_get_dit_mode
                0x4a031a24                bsp_disp_video_get_fb
                0x4a031aa0                bsp_disp_video_get_fps
                0x4a031ad4                disp_video_checkin
                0x4a031b00                Video_Operation_In_Vblanking
                0x4a0321ec                bsp_disp_capture_screen
                0x4a032640                IEP_CMU_Set_Reg_Base
                0x4a032654                IEP_CMU_Reg_Init
                0x4a032678                IEP_CMU_Set_Data_Flow
                0x4a03269c                IEP_CMU_Set_Window
                0x4a03277c                IEP_CMU_Set_Imgsize
                0x4a0327ac                IEP_CMU_Set_Par
                0x4a032c14                IEP_CMU_Operation_In_Vblanking
                0x4a032c40                IEP_CMU_Enable
                0x4a032c64                IEP_CMU_Disable
                0x4a032c84                iep_cmu_early_suspend
                0x4a032c8c                iep_cmu_suspend
                0x4a032cdc                iep_cmu_resume
                0x4a032d48                IEP_CMU_Late_Resume
                0x4a032d50                iep_init
                0x4a032e84                iep_exit
                0x4a032e8c                bsp_disp_iep_suspend
                0x4a032eb0                bsp_disp_iep_resume
                0x4a032ed4                bsp_disp_drc_enable
                0x4a033054                bsp_disp_drc_get_enable
                0x4a03306c                bsp_disp_drc_set_window
                0x4a0330c4                bsp_disp_drc_get_window
                0x4a03310c                bsp_disp_drc_set_mode
                0x4a03313c                bsp_disp_drc_get_mode
                0x4a033154                bsp_disp_drc_get_input_csc
                0x4a033184                disp_drc_start_video_mode
                0x4a0331fc                disp_drc_start_ui_mode
                0x4a033278                bsp_disp_deu_get_enable
                0x4a0332f4                bsp_disp_deu_get_luma_sharp_level
                0x4a033370                bsp_disp_deu_set_chroma_sharp_level
                0x4a03342c                bsp_disp_deu_get_chroma_sharp_level
                0x4a0334a8                bsp_disp_deu_set_white_exten_level
                0x4a033564                bsp_disp_deu_get_white_exten_level
                0x4a0335e0                bsp_disp_deu_set_black_exten_level
                0x4a03369c                bsp_disp_deu_get_black_exten_level
                0x4a033718                bsp_disp_deu_set_window
                0x4a033808                bsp_disp_deu_get_window
                0x4a0338a0                disp_deu_set_frame_info
                0x4a033a88                bsp_disp_deu_set_luma_sharp_level
                0x4a033b5c                bsp_disp_deu_enable
                0x4a033f20                disp_deu_clear
                0x4a033fa0                disp_deu_output_select
                0x4a034018                __disp_cmu_get_adjust_value
                0x4a034058                bsp_disp_cmu_layer_enable
                0x4a0341d4                bsp_disp_cmu_layer_get_enable
                0x4a034244                disp_cmu_layer_clear
                0x4a034294                bsp_disp_cmu_layer_set_window
                0x4a03433c                bsp_disp_cmu_layer_get_window
                0x4a0343c8                bsp_disp_cmu_layer_set_bright
                0x4a034494                bsp_disp_cmu_layer_get_bright
                0x4a034500                bsp_disp_cmu_layer_set_saturation
                0x4a0345d0                bsp_disp_cmu_layer_get_saturation
                0x4a03463c                bsp_disp_cmu_layer_set_hue
                0x4a03470c                bsp_disp_cmu_layer_get_hue
                0x4a034778                bsp_disp_cmu_layer_set_contrast
                0x4a0347f0                bsp_disp_cmu_layer_get_contrast
                0x4a03485c                bsp_disp_cmu_layer_set_mode
                0x4a034928                bsp_disp_cmu_layer_get_mode
                0x4a034994                bsp_disp_cmu_enable
                0x4a034ab4                bsp_disp_cmu_get_enable
                0x4a034ad0                bsp_disp_cmu_set_window
                0x4a034b20                bsp_disp_cmu_get_window
                0x4a034b4c                bsp_disp_cmu_set_bright
                0x4a034bc0                bsp_disp_cmu_get_bright
                0x4a034bd8                bsp_disp_cmu_set_saturation
                0x4a034c54                bsp_disp_cmu_get_saturation
                0x4a034c6c                bsp_disp_cmu_set_hue
                0x4a034ce8                bsp_disp_cmu_get_hue
                0x4a034d00                bsp_disp_cmu_set_contrast
                0x4a034d1c                bsp_disp_cmu_get_contrast
                0x4a034d34                bsp_disp_cmu_set_mode
                0x4a034dac                bsp_disp_cmu_get_mode
                0x4a034dc4                bsp_disp_feat_get_num_screens
                0x4a034dd8                bsp_disp_feat_get_num_layers
                0x4a034df0                bsp_disp_feat_get_num_scalers
                0x4a034e04                bsp_disp_feat_get_supported_output_types
                0x4a034e1c                bsp_disp_feat_get_layer_feats
                0x4a034e44                bsp_disp_feat_get_enhance_feats
                0x4a034e5c                bsp_disp_feat_get_layer_horizontal_resolution_max
                0x4a034ec4                bsp_disp_feat_get_layer_vertical_resolution_max
                0x4a034f2c                bsp_disp_feat_get_layer_horizontal_resolution_min
                0x4a034f60                bsp_disp_feat_get_layer_vertical_resolution_min
                0x4a034f78                bsp_disp_feat_get_de_flicker_support
                0x4a034f90                bsp_disp_feat_get_smart_backlight_support
                0x4a034fa8                bsp_disp_feat_get_image_detail_enhance_support
                0x4a034fc0                bsp_disp_feat_init
                0x4a034fdc                drc_clk_init
                0x4a035140                drc_clk_exit
                0x4a035264                drc_clk_open
                0x4a035308                drc_clk_close
                0x4a0353a8                drc_init
                0x4a035468                drc_proc
                0x4a0357a0                drc_close_proc
                0x4a0357fc                drc_enable
                0x4a035888                IEP_Drc_Init
                0x4a0359b4                IEP_Drc_Exit
                0x4a0359e0                IEP_Drc_Enable
                0x4a035a18                IEP_Drc_Set_Winodw
                0x4a035a58                IEP_Drc_Operation_In_Vblanking
                0x4a035a90                IEP_Drc_Set_Reg_Base
                0x4a035aa0                IEP_Drc_Set_Mode
                0x4a035abc                IEP_Drc_Early_Suspend
                0x4a035acc                iep_drc_suspend
                0x4a035b20                iep_drc_resume
                0x4a035b90                IEP_Drc_Late_Resume
                0x4a035b98                IEP_Drc_Set_Imgsize
                0x4a035bc0                DRC_EBIOS_Set_Reg_Base
                0x4a035bd4                DRC_EBIOS_Get_Reg_Base
                0x4a035be4                DRC_EBIOS_Enable
                0x4a035c04                DRC_EBIOS_Disable
                0x4a035c24                DRC_EBIOS_Set_Mode
                0x4a035c44                DRC_EBIOS_Bist_Enable
                0x4a035c64                DRC_EBIOS_Set_Reg_Refresh_Edge
                0x4a035c84                DRC_EBIOS_Set_Csc_Coeff
                0x4a035e78                DRC_EBIOS_Set_Display_Size
                0x4a035eac                DRC_EBIOS_Win_Enable
                0x4a035ecc                DRC_EBIOS_Set_Win_Para
                0x4a035f14                DRC_EBIOS_Drc_Cfg_Rdy
                0x4a035f40                DRC_EBIOS_Drc_Set_Lgc_Addr
                0x4a035f5c                DRC_EBIOS_Drc_Set_Lgc_Autoload_Disable
                0x4a035f7c                DRC_EBIOS_Drc_Adjust_Enable
                0x4a035f9c                DRC_EBIOS_Drc_Set_Adjust_Para
                0x4a035fc4                DRC_EBIOS_Drc_Set_Spa_Coeff
                0x4a036020                DRC_EBIOS_Drc_Set_Int_Coeff
                0x4a036070                DRC_EBIOS_Drc_Set_Mode
                0x4a0360a4                DRC_EBIOS_Lh_Set_Mode
                0x4a0360c4                DRC_EBIOS_Lh_Clr_Rec
                0x4a0360e4                DRC_EBIOS_Lh_Set_Thres
                0x4a036130                DRC_EBIOS_Lh_Get_Sum_Rec
                0x4a036160                DRC_EBIOS_Lh_Get_Cnt_Rec
                0x4a036190                deu_clk_init
                0x4a03630c                deu_clk_exit
                0x4a036430                deu_clk_open
                0x4a0364d4                deu_clk_close
                0x4a036574                DEU_ALG
                0x4a036770                IEP_Deu_Set_Luma_Sharpness_Level
                0x4a03678c                IEP_Deu_Set_Chroma_Sharpness_Level
                0x4a0367a8                IEP_Deu_Set_White_Level_Extension
                0x4a0367e4                IEP_Deu_Set_Black_Level_Extension
                0x4a036820                IEP_Deu_Set_Ready
                0x4a036830                IEP_Deu_Set_Reg_base
                0x4a036840                IEP_Deu_Set_Winodw
                0x4a036874                IEP_Deu_Output_Select
                0x4a036884                IEP_Deu_Init
                0x4a036948                IEP_Deu_Exit
                0x4a03696c                IEP_Deu_Operation_In_Vblanking
                0x4a0369c8                IEP_Deu_Enable
                0x4a036a8c                iep_deu_suspend
                0x4a036ae0                iep_deu_resume
                0x4a036b50                IEP_Deu_Set_frameinfo
                0x4a036b8c                DEU_EBIOS_Set_Reg_Base
                0x4a036ba0                DEU_EBIOS_Get_Reg_Base
                0x4a036bb0                DEU_EBIOS_Enable
                0x4a036bd0                DEU_EBIOS_Csc_Enable
                0x4a036bf0                DEU_EBIOS_Set_Csc_Coeff
                0x4a036ce0                DEU_EBIOS_Set_Display_Size
                0x4a036d14                DEU_EBIOS_Set_Win_Para
                0x4a036d5c                DEU_EBIOS_Cfg_Rdy
                0x4a036d7c                DEU_EBIOS_Set_Output_Chnl
                0x4a036d9c                DEU_EBIOS_LP_STR_Cfg_Rdy
                0x4a036dbc                DEU_EBIOS_LP_Set_Mode
                0x4a036ddc                DEU_EBIOS_LP_STR_Enable
                0x4a036dfc                DEU_EBIOS_LP_Set_STR_Addr
                0x4a036e18                DEU_EBIOS_LP_Set_Para
                0x4a036e88                DEU_EBIOS_LP_Enable
                0x4a036ea8                DEU_EBIOS_DCTI_Set_Para
                0x4a036fa8                DEU_EBIOS_DCTI_Enable
                0x4a036fc8                DEU_EBIOS_WLE_Set_Para
                0x4a03702c                DEU_EBIOS_WLE_Enable
                0x4a03704c                DEU_EBIOS_BLE_Set_Para
                0x4a0370b0                DEU_EBIOS_BLE_Enable
                0x4a0370d0                IIC_SCLB_LOW
                0x4a0370f8                IIC_SCLB_HIGH
                0x4a037108                IIC_SDAB_LOW
                0x4a037130                IIC_SDAB_HIGH
                0x4a037140                CHECK_SDAB_HIGH
                0x4a037164                i2cB_clock
                0x4a037188                i2cB_ack
                0x4a0371ec                i2cBStartA
                0x4a037214                i2cBStart
                0x4a037244                i2cBStop
                0x4a037270                i2cBTransmit
                0x4a0372bc                i2cBLocateSubAddr
                0x4a037308                i2cBReceive
                0x4a03737c                i2cBLocateSubDataR
                0x4a0373dc                bsp_disp_lcd_iic_write
                0x4a037418                bsp_disp_lcd_iic_read
                0x4a03745c                LCD_set_panel_funs
                0x4a037484                sunxi_lcd_delay_ms
                0x4a0374ac                sunxi_lcd_delay_us
                0x4a0374d4                sunxi_lcd_tcon_enable
                0x4a0374f4                sunxi_lcd_tcon_disable
                0x4a037514                sunxi_lcd_backlight_enable
                0x4a037534                sunxi_lcd_backlight_disable
                0x4a037554                sunxi_lcd_power_enable
                0x4a037574                sunxi_lcd_power_disable
                0x4a037594                sunxi_lcd_pwm_set_para
                0x4a0375bc                sunxi_lcd_pwm_get_para
                0x4a0375e4                sunxi_lcd_pwm_set_duty_ns
                0x4a03760c                sunxi_lcd_pwm_enable
                0x4a037634                sunxi_lcd_pwm_disable
                0x4a03765c                sunxi_lcd_cpu_write
                0x4a037684                sunxi_lcd_cpu_write_index
                0x4a0376ac                sunxi_lcd_cpu_write_data
                0x4a0376d4                sunxi_lcd_dsi_write
                0x4a0376fc                sunxi_lcd_dsi_clk_enable
                0x4a037728                sunxi_lcd_dsi_clk_disable
                0x4a037754                sunxi_lcd_pin_cfg
                0x4a03777c                sunxi_disp_get_num_screens
                0x4a03779c                sunxi_lcd_get_driver_name
                0x4a0377c4                sunxi_lcd_set_panel_funs
                0x4a0377ec                sunxi_lcd_get_panel_para
                0x4a037814                sunxi_lcd_iic_write
                0x4a03783c                sunxi_lcd_iic_read
                0x4a037864                lcd_init
                0x4a037dfc                anx9804_init
                0x4a0384dc                SP_TX_I2C_Write_BYTE
                0x4a0384ec                SP_TX_I2C_Read_BYTE
                0x4a0384fc                SP_TX_Write_Reg
                0x4a03850c                SP_TX_Read_Reg
                0x4a03851c                SP_TX_Wait_AUX_Finished
                0x4a038578                SP_TX_AUX_DPCDRead_Bytes
                0x4a03868c                anx6345_init
                0x4a038bb4                anx6345_exit
                0x4a038eac                spi_24bit_3wire
                0x4a038f6c                lp079x01_init
                0x4a0391bc                lp079x01_exit
                0x4a039574                hdmi_core_initial
                0x4a0395e0                main_Hpd_Check
                0x4a039624                Hpd_Check
                0x4a03964c                get_video_info
                0x4a039694                get_audio_info
                0x4a03989c                video_config
                0x4a039de8                audio_config
                0x4a039f8c                hdmi_main_task_loop
                0x4a03a0f4                DDC_Init
                0x4a03a19c                DDC_Read
                0x4a03a290                GetEDIDData
                0x4a03a2bc                EDID_CheckSum
                0x4a03a2f0                EDID_Header_Check
                0x4a03a364                EDID_Version_Check
                0x4a03a38c                Parse_DTD_Block
                0x4a03a588                Parse_VideoData_Block
                0x4a03a5c0                Parse_AudioData_Block
                0x4a03a5e0                Parse_HDMI_VSDB
                0x4a03a640                ParseEDID
                0x4a03a804                Hdmi_set_reg_base
                0x4a03a814                Hdmi_hal_video_enable
                0x4a03a850                Hdmi_hal_set_display_mode
                0x4a03a88c                Hdmi_hal_audio_enable
                0x4a03a8c0                Hdmi_hal_mode_support
                0x4a03a908                Hdmi_hal_get_HPD
                0x4a03a90c                Hdmi_hal_get_state
                0x4a03a91c                Hdmi_hal_set_pll
                0x4a03a93c                Hdmi_hal_main_task
                0x4a03a94c                Hdmi_hal_init
                0x4a03a978                Hdmi_hal_exit
                0x4a03a980                Hdmi_hal_video_enable_sync
                0x4a03a9f4                hdmi_i2c_add_driver
                0x4a03a9fc                hdmi_i2c_del_driver
 .text          0x4a03aa04     0x30b0 fs/aw_fs/libawfat.o
                0x4a03b360                get_fattime
                0x4a03b368                clust2sect
                0x4a03b38c                get_fat
                0x4a03b5b0                aw_get_fat
                0x4a03b6d4                put_fat
                0x4a03bfac                aw_put_fat
                0x4a03c248                f_mount
                0x4a03c284                f_open
                0x4a03c47c                f_read
                0x4a03c798                f_write
                0x4a03cad4                f_sync
                0x4a03cbc4                f_close
                0x4a03cd90                f_lseek
                0x4a03cfc0                f_opendir
                0x4a03d070                f_readdir
                0x4a03d0fc                f_stat
                0x4a03d16c                f_getfree
                0x4a03d2cc                f_truncate
                0x4a03d3c8                f_unlink
                0x4a03d518                f_mkdir
                0x4a03d704                f_chmod